<html>
<body>
<pre>
<h1>礦ision Build Log</h1>
<h2>Tool Versions:</h2>
IDE-Version: μVision V5.26.2.0
Copyright (C) 2018 ARM Ltd and ARM Germany GmbH. All rights reserved.
License Information:  ,  , LIC=MPPLD-8K90V-MMC9I-T7VG8-P41U1-YMSPX
 
Tool Versions:
Toolchain:       MDK-ARM Plus  Version: 5.26.2.0
Toolchain Path:  E:\Keil_v5\ARM\ARMCC\Bin
C Compiler:      Armcc.exe V5.06 update 6 (build 750)
Assembler:       Armasm.exe V5.06 update 6 (build 750)
Linker/Locator:  ArmLink.exe V5.06 update 6 (build 750)
Library Manager: ArmAr.exe V5.06 update 6 (build 750)
Hex Converter:   FromElf.exe V5.06 update 6 (build 750)
CPU DLL:         SARMCM3.DLL V5.26.2.0
Dialog DLL:      DCM.DLL V1.17.2.0
Target DLL:      Segger\JL2CM3.dll V2.99.31.0
Dialog DLL:      TCM.DLL V1.36.1.0
 
<h2>Project:</h2>
C:\Users\weigangliang\Desktop\智能门锁(联网版本)\USER\pro.uvprojx
Project File Date:  03/14/2024

<h2>Output:</h2>
*** Using Compiler 'V5.06 update 6 (build 750)', folder: 'E:\Keil_v5\ARM\ARMCC\Bin'
Rebuild target 'project'
assembling startup_stm32f40_41xxx.s...
compiling stm32f4xx_gpio.c...
compiling MFRC522.c...
compiling stm32f4xx_exti.c...
compiling stm32f4xx_usart.c...
compiling stm32f4xx_rcc.c...
compiling stm32f4xx_syscfg.c...
compiling bluetooth.c...
compiling misc.c...
compiling Relay.c...
compiling oled.c...
compiling stm32f4xx_tim.c...
compiling stm32f4xx_iwdg.c...
compiling cJSON.c...
..\HARDWARE\cjson\cJSON.c(1992): warning:  #2803-D: unrecognized GCC pragma
      #pragma GCC diagnostic push
..\HARDWARE\cjson\cJSON.c(1995): warning:  #2803-D: unrecognized GCC pragma
  #pragma GCC diagnostic ignored "-Wcast-qual"
..\HARDWARE\cjson\cJSON.c(2003): warning:  #2803-D: unrecognized GCC pragma
      #pragma GCC diagnostic pop
..\HARDWARE\cjson\cJSON.c: 3 warnings, 0 errors
compiling usart.c...
..\HARDWARE\USART\usart.c(40): warning:  #260-D: explicit type is missing ("int" assumed)
  _ttywrch(int ch)
..\HARDWARE\USART\usart.c: 1 warning, 0 errors
compiling beep.c...
compiling key.c...
compiling system_stm32f4xx.c...
compiling timer.c...
compiling stm32f4xx_it.c...
compiling delay.c...
compiling main.c...
compiling AS608.c...
compiling esp8266.c...
compiling mqtt.c...
linking...
Program Size: Code=34374 RO-data=3558 RW-data=8564 ZI-data=5516  
FromELF: creating hex file...
"..\OBJ\pro.axf" - 0 Error(s), 4 Warning(s).

<h2>Software Packages used:</h2>

Package Vendor: Keil
                http://www.keil.com/pack/Keil.STM32F4xx_DFP.2.15.0.pack
                Keil.STM32F4xx_DFP.2.15.0
                STMicroelectronics STM32F4 Series Device Support, Drivers and Examples

<h2>Collection of Component include folders:</h2>
  .\RTE\_project
  E:\Keil_v5\ARM\PACK\Keil\STM32F4xx_DFP\2.15.0\Drivers\CMSIS\Device\ST\STM32F4xx\Include

<h2>Collection of Component Files used:</h2>
Build Time Elapsed:  00:00:04
</pre>
</body>
</html>
