Component: ARM Compiler 5.06 update 6 (build 750) Tool: armlink [4d35ed]

==============================================================================

Section Cross References

    startup_stm32f40_41xxx.o(STACK) refers (Special) to heapauxi.o(.text) for __use_two_region_memory
    startup_stm32f40_41xxx.o(HEAP) refers (Special) to heapauxi.o(.text) for __use_two_region_memory
    startup_stm32f40_41xxx.o(RESET) refers (Special) to heapauxi.o(.text) for __use_two_region_memory
    startup_stm32f40_41xxx.o(RESET) refers to startup_stm32f40_41xxx.o(STACK) for __initial_sp
    startup_stm32f40_41xxx.o(RESET) refers to startup_stm32f40_41xxx.o(.text) for Reset_Handler
    startup_stm32f40_41xxx.o(RESET) refers to stm32f4xx_it.o(i.NMI_Handler) for NMI_Handler
    startup_stm32f40_41xxx.o(RESET) refers to stm32f4xx_it.o(i.HardFault_Handler) for HardFault_Handler
    startup_stm32f40_41xxx.o(RESET) refers to stm32f4xx_it.o(i.MemManage_Handler) for MemManage_Handler
    startup_stm32f40_41xxx.o(RESET) refers to stm32f4xx_it.o(i.BusFault_Handler) for BusFault_Handler
    startup_stm32f40_41xxx.o(RESET) refers to stm32f4xx_it.o(i.UsageFault_Handler) for UsageFault_Handler
    startup_stm32f40_41xxx.o(RESET) refers to stm32f4xx_it.o(i.SVC_Handler) for SVC_Handler
    startup_stm32f40_41xxx.o(RESET) refers to stm32f4xx_it.o(i.DebugMon_Handler) for DebugMon_Handler
    startup_stm32f40_41xxx.o(RESET) refers to stm32f4xx_it.o(i.PendSV_Handler) for PendSV_Handler
    startup_stm32f40_41xxx.o(RESET) refers to usart.o(i.USART2_IRQHandler) for USART2_IRQHandler
    startup_stm32f40_41xxx.o(RESET) refers to bluetooth.o(i.USART3_IRQHandler) for USART3_IRQHandler
    startup_stm32f40_41xxx.o(RESET) refers to timer.o(i.TIM7_IRQHandler) for TIM7_IRQHandler
    startup_stm32f40_41xxx.o(.text) refers (Special) to heapauxi.o(.text) for __use_two_region_memory
    startup_stm32f40_41xxx.o(.text) refers to system_stm32f4xx.o(i.SystemInit) for SystemInit
    startup_stm32f40_41xxx.o(.text) refers to __main.o(!!!main) for __main
    startup_stm32f40_41xxx.o(.text) refers to startup_stm32f40_41xxx.o(HEAP) for Heap_Mem
    startup_stm32f40_41xxx.o(.text) refers to startup_stm32f40_41xxx.o(STACK) for Stack_Mem
    stm32f4xx_rcc.o(i.RCC_GetClocksFreq) refers to stm32f4xx_rcc.o(.data) for APBAHBPrescTable
    stm32f4xx_rcc.o(i.RCC_WaitForHSEStartUp) refers to stm32f4xx_rcc.o(i.RCC_GetFlagStatus) for RCC_GetFlagStatus
    stm32f4xx_gpio.o(i.GPIO_DeInit) refers to stm32f4xx_rcc.o(i.RCC_AHB1PeriphResetCmd) for RCC_AHB1PeriphResetCmd
    stm32f4xx_syscfg.o(i.SYSCFG_DeInit) refers to stm32f4xx_rcc.o(i.RCC_APB2PeriphResetCmd) for RCC_APB2PeriphResetCmd
    stm32f4xx_tim.o(i.TIM_DeInit) refers to stm32f4xx_rcc.o(i.RCC_APB2PeriphResetCmd) for RCC_APB2PeriphResetCmd
    stm32f4xx_tim.o(i.TIM_DeInit) refers to stm32f4xx_rcc.o(i.RCC_APB1PeriphResetCmd) for RCC_APB1PeriphResetCmd
    stm32f4xx_tim.o(i.TIM_ETRClockMode1Config) refers to stm32f4xx_tim.o(i.TIM_ETRConfig) for TIM_ETRConfig
    stm32f4xx_tim.o(i.TIM_ETRClockMode2Config) refers to stm32f4xx_tim.o(i.TIM_ETRConfig) for TIM_ETRConfig
    stm32f4xx_tim.o(i.TIM_ICInit) refers to stm32f4xx_tim.o(i.TI1_Config) for TI1_Config
    stm32f4xx_tim.o(i.TIM_ICInit) refers to stm32f4xx_tim.o(i.TIM_SetIC1Prescaler) for TIM_SetIC1Prescaler
    stm32f4xx_tim.o(i.TIM_ICInit) refers to stm32f4xx_tim.o(i.TI2_Config) for TI2_Config
    stm32f4xx_tim.o(i.TIM_ICInit) refers to stm32f4xx_tim.o(i.TIM_SetIC2Prescaler) for TIM_SetIC2Prescaler
    stm32f4xx_tim.o(i.TIM_ICInit) refers to stm32f4xx_tim.o(i.TI3_Config) for TI3_Config
    stm32f4xx_tim.o(i.TIM_ICInit) refers to stm32f4xx_tim.o(i.TIM_SetIC3Prescaler) for TIM_SetIC3Prescaler
    stm32f4xx_tim.o(i.TIM_ICInit) refers to stm32f4xx_tim.o(i.TI4_Config) for TI4_Config
    stm32f4xx_tim.o(i.TIM_ICInit) refers to stm32f4xx_tim.o(i.TIM_SetIC4Prescaler) for TIM_SetIC4Prescaler
    stm32f4xx_tim.o(i.TIM_ITRxExternalClockConfig) refers to stm32f4xx_tim.o(i.TIM_SelectInputTrigger) for TIM_SelectInputTrigger
    stm32f4xx_tim.o(i.TIM_PWMIConfig) refers to stm32f4xx_tim.o(i.TI1_Config) for TI1_Config
    stm32f4xx_tim.o(i.TIM_PWMIConfig) refers to stm32f4xx_tim.o(i.TIM_SetIC1Prescaler) for TIM_SetIC1Prescaler
    stm32f4xx_tim.o(i.TIM_PWMIConfig) refers to stm32f4xx_tim.o(i.TI2_Config) for TI2_Config
    stm32f4xx_tim.o(i.TIM_PWMIConfig) refers to stm32f4xx_tim.o(i.TIM_SetIC2Prescaler) for TIM_SetIC2Prescaler
    stm32f4xx_tim.o(i.TIM_TIxExternalClockConfig) refers to stm32f4xx_tim.o(i.TI2_Config) for TI2_Config
    stm32f4xx_tim.o(i.TIM_TIxExternalClockConfig) refers to stm32f4xx_tim.o(i.TI1_Config) for TI1_Config
    stm32f4xx_tim.o(i.TIM_TIxExternalClockConfig) refers to stm32f4xx_tim.o(i.TIM_SelectInputTrigger) for TIM_SelectInputTrigger
    stm32f4xx_usart.o(i.USART_DeInit) refers to stm32f4xx_rcc.o(i.RCC_APB2PeriphResetCmd) for RCC_APB2PeriphResetCmd
[...]
    ../clib/stdlib.c                         0x00000000   Number         0  exit.o ABSOLUTE
    ../clib/string.c                         0x00000000   Number         0  strlen.o ABSOLUTE
    ../clib/string.c                         0x00000000   Number         0  strcpy.o ABSOLUTE
    ../clib/string.c                         0x00000000   Number         0  strstr.o ABSOLUTE
    ../fplib/fpinit.s                        0x00000000   Number         0  fpinit.o ABSOLUTE
    ..\CMSIS\startup_stm32f40_41xxx.s        0x00000000   Number         0  startup_stm32f40_41xxx.o ABSOLUTE
    ..\DEVICE_LIB\src\misc.c                 0x00000000   Number         0  misc.o ABSOLUTE
    ..\DEVICE_LIB\src\stm32f4xx_adc.c        0x00000000   Number         0  stm32f4xx_adc.o ABSOLUTE
    ..\DEVICE_LIB\src\stm32f4xx_exti.c       0x00000000   Number         0  stm32f4xx_exti.o ABSOLUTE
    ..\DEVICE_LIB\src\stm32f4xx_gpio.c       0x00000000   Number         0  stm32f4xx_gpio.o ABSOLUTE
    ..\DEVICE_LIB\src\stm32f4xx_iwdg.c       0x00000000   Number         0  stm32f4xx_iwdg.o ABSOLUTE
    ..\DEVICE_LIB\src\stm32f4xx_rcc.c        0x00000000   Number         0  stm32f4xx_rcc.o ABSOLUTE
    ..\DEVICE_LIB\src\stm32f4xx_syscfg.c     0x00000000   Number         0  stm32f4xx_syscfg.o ABSOLUTE
    ..\DEVICE_LIB\src\stm32f4xx_tim.c        0x00000000   Number         0  stm32f4xx_tim.o ABSOLUTE
    ..\DEVICE_LIB\src\stm32f4xx_usart.c      0x00000000   Number         0  stm32f4xx_usart.o ABSOLUTE
    ..\HARDWARE\AS608\AS608.c                0x00000000   Number         0  as608.o ABSOLUTE
    ..\HARDWARE\BEEP\beep.c                  0x00000000   Number         0  beep.o ABSOLUTE
    ..\HARDWARE\Bluetooth\bluetooth.c        0x00000000   Number         0  bluetooth.o ABSOLUTE
    ..\HARDWARE\Key\key.c                    0x00000000   Number         0  key.o ABSOLUTE
    ..\HARDWARE\MFRC522\MFRC522.c            0x00000000   Number         0  mfrc522.o ABSOLUTE
    ..\HARDWARE\OLED\oled.c                  0x00000000   Number         0  oled.o ABSOLUTE
    ..\HARDWARE\Relay\Relay.c                0x00000000   Number         0  relay.o ABSOLUTE
    ..\HARDWARE\TIMER\timer.c                0x00000000   Number         0  timer.o ABSOLUTE
    ..\HARDWARE\USART\usart.c                0x00000000   Number         0  usart.o ABSOLUTE
    ..\SYSTEM\system_stm32f4xx.c             0x00000000   Number         0  system_stm32f4xx.o ABSOLUTE
    ..\\DEVICE_LIB\\src\\misc.c              0x00000000   Number         0  misc.o ABSOLUTE
    ..\\DEVICE_LIB\\src\\stm32f4xx_adc.c     0x00000000   Number         0  stm32f4xx_adc.o ABSOLUTE
    ..\\DEVICE_LIB\\src\\stm32f4xx_exti.c    0x00000000   Number         0  stm32f4xx_exti.o ABSOLUTE
    ..\\DEVICE_LIB\\src\\stm32f4xx_gpio.c    0x00000000   Number         0  stm32f4xx_gpio.o ABSOLUTE
    ..\\DEVICE_LIB\\src\\stm32f4xx_iwdg.c    0x00000000   Number         0  stm32f4xx_iwdg.o ABSOLUTE
    ..\\DEVICE_LIB\\src\\stm32f4xx_rcc.c     0x00000000   Number         0  stm32f4xx_rcc.o ABSOLUTE
    ..\\DEVICE_LIB\\src\\stm32f4xx_syscfg.c  0x00000000   Number         0  stm32f4xx_syscfg.o ABSOLUTE
    ..\\DEVICE_LIB\\src\\stm32f4xx_tim.c     0x00000000   Number         0  stm32f4xx_tim.o ABSOLUTE
    ..\\DEVICE_LIB\\src\\stm32f4xx_usart.c   0x00000000   Number         0  stm32f4xx_usart.o ABSOLUTE
    ..\\HARDWARE\\AS608\\AS608.c             0x00000000   Number         0  as608.o ABSOLUTE
    ..\\HARDWARE\\BEEP\\beep.c               0x00000000   Number         0  beep.o ABSOLUTE
    ..\\HARDWARE\\Bluetooth\\bluetooth.c     0x00000000   Number         0  bluetooth.o ABSOLUTE
    ..\\HARDWARE\\Key\\key.c                 0x00000000   Number         0  key.o ABSOLUTE
    ..\\HARDWARE\\MFRC522\\MFRC522.c         0x00000000   Number         0  mfrc522.o ABSOLUTE
    ..\\HARDWARE\\OLED\\oled.c               0x00000000   Number         0  oled.o ABSOLUTE
    ..\\HARDWARE\\Relay\\Relay.c             0x00000000   Number         0  relay.o ABSOLUTE
    ..\\HARDWARE\\TIMER\\timer.c             0x00000000   Number         0  timer.o ABSOLUTE
    ..\\HARDWARE\\USART\\usart.c             0x00000000   Number         0  usart.o ABSOLUTE
    ..\\SYSTEM\\system_stm32f4xx.c           0x00000000   Number         0  system_stm32f4xx.o ABSOLUTE
    dc.s                                     0x00000000   Number         0  dc.o ABSOLUTE
    delay\\delay.c                           0x00000000   Number         0  delay.o ABSOLUTE
    delay\delay.c                            0x00000000   Number         0  delay.o ABSOLUTE
    main.c                                   0x00000000   Number         0  main.o ABSOLUTE
    main.c                                   0x00000000   Number         0  main.o ABSOLUTE
    stm32f4xx_it.c                           0x00000000   Number         0  stm32f4xx_it.o ABSOLUTE
    stm32f4xx_it.c                           0x00000000   Number         0  stm32f4xx_it.o ABSOLUTE
    RESET                                    0x08000000   Section      392  startup_stm32f40_41xxx.o(RESET)
    !!!main                                  0x08000188   Section        8  __main.o(!!!main)
    !!!scatter                               0x08000190   Section       52  __scatter.o(!!!scatter)
    !!dclz77c                                0x080001c4   Section      100  __dclz77c.o(!!dclz77c)
    !!handler_zi                             0x08000228   Section       28  __scatter_zi.o(!!handler_zi)
    .ARM.Collect$$_printf_percent$$00000000  0x08000244   Section        0  _printf_percent.o(.ARM.Collect$$_printf_percent$$00000000)
    .ARM.Collect$$_printf_percent$$00000009  0x08000244   Section        6  _printf_d.o(.ARM.Collect$$_printf_percent$$00000009)
    .ARM.Collect$$_printf_percent$$0000000C  0x0800024a   Section        6  _printf_x.o(.ARM.Collect$$_printf_percent$$0000000C)
    .ARM.Collect$$_printf_percent$$00000017  0x08000250   Section        4  _printf_percent_end.o(.ARM.Collect$$_printf_percent$$00000017)
    .ARM.Collect$$libinit$$00000000          0x08000254   Section        2  libinit.o(.ARM.Collect$$libinit$$00000000)
    .ARM.Collect$$libinit$$00000001          0x08000256   Section        4  libinit2.o(.ARM.Collect$$libinit$$00000001)
    .ARM.Collect$$libinit$$00000004          0x0800025a   Section        0  libinit2.o(.ARM.Collect$$libinit$$00000004)
    .ARM.Collect$$libinit$$0000000A          0x0800025a   Section        0  libinit2.o(.ARM.Collect$$libinit$$0000000A)
    .ARM.Collect$$libinit$$0000000C          0x0800025a   Section        0  libinit2.o(.ARM.Collect$$libinit$$0000000C)
    .ARM.Collect$$libinit$$0000000E          0x0800025a   Section        0  libinit2.o(.ARM.Collect$$libinit$$0000000E)
    .ARM.Collect$$libinit$$00000011          0x0800025a   Section        0  libinit2.o(.ARM.Collect$$libinit$$00000011)
    .ARM.Collect$$libinit$$00000013          0x0800025a   Section        0  libinit2.o(.ARM.Collect$$libinit$$00000013)
    .ARM.Collect$$libinit$$00000015          0x0800025a   Section        0  libinit2.o(.ARM.Collect$$libinit$$00000015)
    .ARM.Collect$$libinit$$00000017          0x0800025a   Section        0  libinit2.o(.ARM.Collect$$libinit$$00000017)
    .ARM.Collect$$libinit$$00000019          0x0800025a   Section        0  libinit2.o(.ARM.Collect$$libinit$$00000019)
    .ARM.Collect$$libinit$$0000001B          0x0800025a   Section        0  libinit2.o(.ARM.Collect$$libinit$$0000001B)
    .ARM.Collect$$libinit$$0000001D          0x0800025a   Section        0  libinit2.o(.ARM.Collect$$libinit$$0000001D)
    .ARM.Collect$$libinit$$0000001F          0x0800025a   Section        0  libinit2.o(.ARM.Collect$$libinit$$0000001F)
    .ARM.Collect$$libinit$$00000021          0x0800025a   Section        0  libinit2.o(.ARM.Collect$$libinit$$00000021)
    .ARM.Collect$$libinit$$00000023          0x0800025a   Section        0  libinit2.o(.ARM.Collect$$libinit$$00000023)
    .ARM.Collect$$libinit$$00000025          0x0800025a   Section        0  libinit2.o(.ARM.Collect$$libinit$$00000025)
    .ARM.Collect$$libinit$$0000002C          0x0800025a   Section        0  libinit2.o(.ARM.Collect$$libinit$$0000002C)
    .ARM.Collect$$libinit$$0000002E          0x0800025a   Section        0  libinit2.o(.ARM.Collect$$libinit$$0000002E)
    .ARM.Collect$$libinit$$00000030          0x0800025a   Section        0  libinit2.o(.ARM.Collect$$libinit$$00000030)
    .ARM.Collect$$libinit$$00000032          0x0800025a   Section        0  libinit2.o(.ARM.Collect$$libinit$$00000032)
    .ARM.Collect$$libinit$$00000033          0x0800025a   Section        2  libinit2.o(.ARM.Collect$$libinit$$00000033)
    .ARM.Collect$$libshutdown$$00000000      0x0800025c   Section        2  libshutdown.o(.ARM.Collect$$libshutdown$$00000000)
    .ARM.Collect$$libshutdown$$00000002      0x0800025e   Section        0  libshutdown2.o(.ARM.Collect$$libshutdown$$00000002)
    .ARM.Collect$$libshutdown$$00000004      0x0800025e   Section        0  libshutdown2.o(.ARM.Collect$$libshutdown$$00000004)
    .ARM.Collect$$libshutdown$$00000007      0x0800025e   Section        0  libshutdown2.o(.ARM.Collect$$libshutdown$$00000007)
    .ARM.Collect$$libshutdown$$0000000A      0x0800025e   Section        0  libshutdown2.o(.ARM.Collect$$libshutdown$$0000000A)
    .ARM.Collect$$libshutdown$$0000000C      0x0800025e   Section        0  libshutdown2.o(.ARM.Collect$$libshutdown$$0000000C)
    .ARM.Collect$$libshutdown$$0000000F      0x0800025e   Section        0  libshutdown2.o(.ARM.Collect$$libshutdown$$0000000F)
    .ARM.Collect$$libshutdown$$00000010      0x0800025e   Section        2  libshutdown2.o(.ARM.Collect$$libshutdown$$00000010)
    .ARM.Collect$$rtentry$$00000000          0x08000260   Section        0  __rtentry.o(.ARM.Collect$$rtentry$$00000000)
    .ARM.Collect$$rtentry$$00000002          0x08000260   Section        0  __rtentry2.o(.ARM.Collect$$rtentry$$00000002)
    .ARM.Collect$$rtentry$$00000004          0x08000260   Section        6  __rtentry4.o(.ARM.Collect$$rtentry$$00000004)
    .ARM.Collect$$rtentry$$00000009          0x08000266   Section        0  __rtentry2.o(.ARM.Collect$$rtentry$$00000009)
    .ARM.Collect$$rtentry$$0000000A          0x08000266   Section        4  __rtentry2.o(.ARM.Collect$$rtentry$$0000000A)
    .ARM.Collect$$rtentry$$0000000C          0x0800026a   Section        0  __rtentry2.o(.ARM.Collect$$rtentry$$0000000C)
    .ARM.Collect$$rtentry$$0000000D          0x0800026a   Section        8  __rtentry2.o(.ARM.Collect$$rtentry$$0000000D)
    .ARM.Collect$$rtexit$$00000000           0x08000272   Section        2  rtexit.o(.ARM.Collect$$rtexit$$00000000)
    .ARM.Collect$$rtexit$$00000002           0x08000274   Section        0  rtexit2.o(.ARM.Collect$$rtexit$$00000002)
    .ARM.Collect$$rtexit$$00000003           0x08000274   Section        4  rtexit2.o(.ARM.Collect$$rtexit$$00000003)
    .ARM.Collect$$rtexit$$00000004           0x08000278   Section        6  rtexit2.o(.ARM.Collect$$rtexit$$00000004)
    .text                                    0x08000280   Section       64  startup_stm32f40_41xxx.o(.text)
    $v0                                      0x08000280   Number         0  startup_stm32f40_41xxx.o(.text)
    .text                                    0x080002c0   Section        0  noretval__2sprintf.o(.text)
    .text                                    0x080002e8   Section        0  _printf_pad.o(.text)
    .text                                    0x08000338   Section        0  _printf_dec.o(.text)
    .text                                    0x080003b0   Section        0  _printf_hex_int.o(.text)
    .text                                    0x08000408   Section        0  __printf_flags_wp.o(.text)
    .text                                    0x08000540   Section        0  strstr.o(.text)
    .text                                    0x08000564   Section        0  strcpy.o(.text)
    .text                                    0x080005ac   Section      100  rt_memcpy_w.o(.text)
    .text                                    0x08000610   Section       68  rt_memclr.o(.text)
    .text                                    0x08000654   Section        0  heapauxi.o(.text)
    .text                                    0x0800065a   Section        0  _printf_intcommon.o(.text)
    .text                                    0x0800070c   Section        0  _printf_char_common.o(.text)
    _printf_input_char                       0x0800070d   Thumb Code    10  _printf_char_common.o(.text)
    .text                                    0x0800073c   Section        0  _sputc.o(.text)
    .text                                    0x08000746   Section       78  rt_memclr_w.o(.text)
    .text                                    0x08000794   Section       74  sys_stackheap_outer.o(.text)
    .text                                    0x080007de   Section        0  exit.o(.text)
    .text                                    0x080007f0   Section        8  libspace.o(.text)
    .text                                    0x080007f8   Section        2  use_no_semi.o(.text)
    .text                                    0x080007fa   Section        0  indicate_semi.o(.text)
    .text                                    0x080007fc   Section        0  sys_exit.o(.text)
    i.AddKeyCard                             0x08000808   Section        0  bluetooth.o(i.AddKeyCard)
    i.Add_FR                                 0x080009e8   Section        0  as608.o(i.Add_FR)
    i.AntennaOn                              0x08000e60   Section        0  mfrc522.o(i.AntennaOn)
    i.BLE_Config                             0x08000e7c   Section        0  bluetooth.o(i.BLE_Config)
    i.Beep_Config                            0x08000ec4   Section        0  beep.o(i.Beep_Config)
    i.BlueRecvProcessing                     0x08000efc   Section        0  bluetooth.o(i.BlueRecvProcessing)
    i.BusFault_Handler                       0x08001184   Section        0  stm32f4xx_it.o(i.BusFault_Handler)
    i.ClearBitMask                           0x08001188   Section        0  mfrc522.o(i.ClearBitMask)
    i.DebugMon_Handler                       0x080011a4   Section        0  stm32f4xx_it.o(i.DebugMon_Handler)
    i.DelKeyCard                             0x080011a8   Section        0  bluetooth.o(i.DelKeyCard)
    i.Del_FR                                 0x080013a0   Section        0  as608.o(i.Del_FR)
    i.Delay1_us                              0x080015fc   Section        0  mfrc522.o(i.Delay1_us)
    i.EnsureMessage                          0x0800161c   Section        0  as608.o(i.EnsureMessage)
    i.GPIO_Init                              0x08001c48   Section        0  stm32f4xx_gpio.o(i.GPIO_Init)
    i.GPIO_PinAFConfig                       0x08001cd8   Section        0  stm32f4xx_gpio.o(i.GPIO_PinAFConfig)
    i.GPIO_ReadInputDataBit                  0x08001d1e   Section        0  stm32f4xx_gpio.o(i.GPIO_ReadInputDataBit)
    i.GPIO_ResetBits                         0x08001d30   Section        0  stm32f4xx_gpio.o(i.GPIO_ResetBits)
    i.GPIO_SetBits                           0x08001d34   Section        0  stm32f4xx_gpio.o(i.GPIO_SetBits)
    i.HardFault_Handler                      0x08001d38   Section        0  stm32f4xx_it.o(i.HardFault_Handler)
    i.IIC_SDASetInputMode                    0x08001d3c   Section        0  oled.o(i.IIC_SDASetInputMode)
    IIC_SDASetInputMode                      0x08001d3d   Thumb Code    36  oled.o(i.IIC_SDASetInputMode)
    i.IIC_SDASetOutputMode                   0x08001d64   Section        0  oled.o(i.IIC_SDASetOutputMode)
    IIC_SDASetOutputMode                     0x08001d65   Thumb Code    48  oled.o(i.IIC_SDASetOutputMode)
    i.IIC_Start                              0x08001d98   Section        0  oled.o(i.IIC_Start)
    i.IIC_Stop                               0x08001ddc   Section        0  oled.o(i.IIC_Stop)
    i.IIC_Wait_Ack                           0x08001e20   Section        0  oled.o(i.IIC_Wait_Ack)
    i.JudgeStr                               0x08001e70   Section        0  as608.o(i.JudgeStr)
    JudgeStr                                 0x08001e71   Thumb Code   122  as608.o(i.JudgeStr)
    i.Key_Init                               0x08001ef8   Section        0  key.o(i.Key_Init)
    i.MFRC522_Anticoll                       0x08001f54   Section        0  mfrc522.o(i.MFRC522_Anticoll)
    i.MFRC522_Initializtion                  0x08001fb6   Section        0  mfrc522.o(i.MFRC522_Initializtion)
    i.MFRC522_Request                        0x08001ffe   Section        0  mfrc522.o(i.MFRC522_Request)
    i.MFRC522_Reset                          0x08002030   Section        0  mfrc522.o(i.MFRC522_Reset)
    i.MFRC522_ToCard                         0x0800206c   Section        0  mfrc522.o(i.MFRC522_ToCard)
    i.MYUSART_SendData                       0x080021a8   Section        0  as608.o(i.MYUSART_SendData)
    MYUSART_SendData                         0x080021a9   Thumb Code    22  as608.o(i.MYUSART_SendData)
    i.MemManage_Handler                      0x080021c4   Section        0  stm32f4xx_it.o(i.MemManage_Handler)
    i.ModPwd                                 0x080021c8   Section        0  bluetooth.o(i.ModPwd)
    i.NMI_Handler                            0x080023b0   Section        0  stm32f4xx_it.o(i.NMI_Handler)
    i.NVIC_Init                              0x080023b4   Section        0  misc.o(i.NVIC_Init)
    i.NVIC_PriorityGroupConfig               0x0800242c   Section        0  misc.o(i.NVIC_PriorityGroupConfig)
    i.OLED_Clear                             0x08002440   Section        0  oled.o(i.OLED_Clear)
    i.OLED_DrawBMP                           0x0800247e   Section        0  oled.o(i.OLED_DrawBMP)
    i.OLED_Init                              0x080024f4   Section        0  oled.o(i.OLED_Init)
    i.OLED_Set_Pos                           0x08002614   Section        0  oled.o(i.OLED_Set_Pos)
    i.OLED_ShowCHinese                       0x0800263c   Section        0  oled.o(i.OLED_ShowCHinese)
    i.OLED_ShowChar                          0x080026a4   Section        0  oled.o(i.OLED_ShowChar)
    i.OLED_ShowNum                           0x08002748   Section        0  oled.o(i.OLED_ShowNum)
    i.OLED_ShowString                        0x080027d0   Section        0  oled.o(i.OLED_ShowString)
    i.OLED_WR_Byte                           0x0800280a   Section        0  oled.o(i.OLED_WR_Byte)
    i.PS_DeletChar                           0x08002822   Section        0  as608.o(i.PS_DeletChar)
    i.PS_Empty                               0x0800288e   Section        0  as608.o(i.PS_Empty)
    i.PS_GenChar                             0x080028c8   Section        0  as608.o(i.PS_GenChar)
    i.PS_GetImage                            0x0800290e   Section        0  as608.o(i.PS_GetImage)
    i.PS_HighSpeedSearch                     0x08002948   Section        0  as608.o(i.PS_HighSpeedSearch)
    i.PS_Match                               0x080029d8   Section        0  as608.o(i.PS_Match)
    i.PS_RegModel                            0x08002a12   Section        0  as608.o(i.PS_RegModel)
    i.PS_StoreChar                           0x08002a4c   Section        0  as608.o(i.PS_StoreChar)
    i.PasswordInput                          0x08002aac   Section        0  main.o(i.PasswordInput)
    i.PendSV_Handler                         0x08002d98   Section        0  stm32f4xx_it.o(i.PendSV_Handler)
    i.RCC_AHB1PeriphClockCmd                 0x08002d9c   Section        0  stm32f4xx_rcc.o(i.RCC_AHB1PeriphClockCmd)
    i.RCC_APB1PeriphClockCmd                 0x08002dbc   Section        0  stm32f4xx_rcc.o(i.RCC_APB1PeriphClockCmd)
    i.RCC_GetClocksFreq                      0x08002ddc   Section        0  stm32f4xx_rcc.o(i.RCC_GetClocksFreq)
    i.ReadCardOpen                           0x08002ec4   Section        0  main.o(i.ReadCardOpen)
    i.Read_MFRC522                           0x0800319c   Section        0  mfrc522.o(i.Read_MFRC522)
    i.Relay_Config                           0x080031d4   Section        0  relay.o(i.Relay_Config)
    i.SPI_SendByte                           0x0800320c   Section        0  mfrc522.o(i.SPI_SendByte)
    i.STM32_SPI3_Init                        0x08003288   Section        0  mfrc522.o(i.STM32_SPI3_Init)
    i.SVC_Handler                            0x080032fc   Section        0  stm32f4xx_it.o(i.SVC_Handler)
    i.SendAddr                               0x08003300   Section        0  as608.o(i.SendAddr)
    SendAddr                                 0x08003301   Thumb Code    46  as608.o(i.SendAddr)
    i.SendCheck                              0x08003334   Section        0  as608.o(i.SendCheck)
    SendCheck                                0x08003335   Thumb Code    18  as608.o(i.SendCheck)
    i.SendFlag                               0x08003346   Section        0  as608.o(i.SendFlag)
    SendFlag                                 0x08003347   Thumb Code    12  as608.o(i.SendFlag)
    i.SendHead                               0x08003352   Section        0  as608.o(i.SendHead)
    SendHead                                 0x08003353   Thumb Code    16  as608.o(i.SendHead)
    i.SendLength                             0x08003362   Section        0  as608.o(i.SendLength)
    SendLength                               0x08003363   Thumb Code    20  as608.o(i.SendLength)
    i.Sendcmd                                0x08003376   Section        0  as608.o(i.Sendcmd)
    Sendcmd                                  0x08003377   Thumb Code    12  as608.o(i.Sendcmd)
    i.SetBitMask                             0x08003382   Section        0  mfrc522.o(i.SetBitMask)
    i.SetSysClock                            0x080033a0   Section        0  system_stm32f4xx.o(i.SetSysClock)
    SetSysClock                              0x080033a1   Thumb Code   220  system_stm32f4xx.o(i.SetSysClock)
    i.ShowErrMessage                         0x0800348c   Section        0  as608.o(i.ShowErrMessage)
    i.SystemInit                             0x08003498   Section        0  system_stm32f4xx.o(i.SystemInit)
    i.TIM7_IRQHandler                        0x08003500   Section        0  timer.o(i.TIM7_IRQHandler)
    i.TIM7_Int_Init                          0x08003534   Section        0  timer.o(i.TIM7_Int_Init)
    i.TIM_ClearITPendingBit                  0x08003590   Section        0  stm32f4xx_tim.o(i.TIM_ClearITPendingBit)
    i.TIM_Cmd                                0x08003596   Section        0  stm32f4xx_tim.o(i.TIM_Cmd)
    i.TIM_GetITStatus                        0x080035ae   Section        0  stm32f4xx_tim.o(i.TIM_GetITStatus)
    i.TIM_ITConfig                           0x080035d0   Section        0  stm32f4xx_tim.o(i.TIM_ITConfig)
    i.TIM_SetCounter                         0x080035e2   Section        0  stm32f4xx_tim.o(i.TIM_SetCounter)
    i.TIM_TimeBaseInit                       0x080035e8   Section        0  stm32f4xx_tim.o(i.TIM_TimeBaseInit)
    i.USART2_Config                          0x0800366c   Section        0  usart.o(i.USART2_Config)
    i.USART2_IRQHandler                      0x08003738   Section        0  usart.o(i.USART2_IRQHandler)
    i.USART3_Config                          0x080037a8   Section        0  usart.o(i.USART3_Config)
    i.USART3_IRQHandler                      0x08003858   Section        0  bluetooth.o(i.USART3_IRQHandler)
    i.USART_Cmd                              0x080038ac   Section        0  stm32f4xx_usart.o(i.USART_Cmd)
    i.USART_GetFlagStatus                    0x080038c4   Section        0  stm32f4xx_usart.o(i.USART_GetFlagStatus)
    i.USART_GetITStatus                      0x080038de   Section        0  stm32f4xx_usart.o(i.USART_GetITStatus)
    i.USART_ITConfig                         0x08003932   Section        0  stm32f4xx_usart.o(i.USART_ITConfig)
    i.USART_Init                             0x0800397c   Section        0  stm32f4xx_usart.o(i.USART_Init)
    i.USART_ReceiveData                      0x08003a50   Section        0  stm32f4xx_usart.o(i.USART_ReceiveData)
    i.USART_SendData                         0x08003a5a   Section        0  stm32f4xx_usart.o(i.USART_SendData)
    i.UsageFault_Handler                     0x08003a62   Section        0  stm32f4xx_it.o(i.UsageFault_Handler)
    i.Usart_SendByte                         0x08003a66   Section        0  usart.o(i.Usart_SendByte)
    i.Usart_SendString                       0x08003a84   Section        0  usart.o(i.Usart_SendString)
    i.Write_IIC_Byte                         0x08003ab0   Section        0  oled.o(i.Write_IIC_Byte)
    i.Write_IIC_Command                      0x08003b28   Section        0  oled.o(i.Write_IIC_Command)
    i.Write_IIC_Data                         0x08003b54   Section        0  oled.o(i.Write_IIC_Data)
    i.Write_MFRC522                          0x08003b80   Section        0  mfrc522.o(i.Write_MFRC522)
    i._is_digit                              0x08003bb0   Section        0  __printf_wp.o(i._is_digit)
    i.delay_ms                               0x08003bbe   Section        0  delay.o(i.delay_ms)
    i.delay_us                               0x08003bfa   Section        0  delay.o(i.delay_us)
    i.get_key                                0x08003c30   Section        0  key.o(i.get_key)
    i.main                                   0x080040e4   Section        0  main.o(i.main)
    i.oled_pow                               0x0800416c   Section        0  oled.o(i.oled_pow)
    i.press_FR                               0x08004184   Section        0  as608.o(i.press_FR)
    x$fpl$fpinit                             0x080043d8   Section       10  fpinit.o(x$fpl$fpinit)
    $v0                                      0x080043d8   Number         0  fpinit.o(x$fpl$fpinit)
    .constdata                               0x080043e2   Section     2072  oled.o(.constdata)
    .constdata                               0x08004bfc   Section       20  main.o(.constdata)
    .constdata                               0x08004c10   Section       40  _printf_hex_int.o(.constdata)
    uc_hextab                                0x08004c10   Data          20  _printf_hex_int.o(.constdata)
    lc_hextab                                0x08004c24   Data          20  _printf_hex_int.o(.constdata)
    .constdata                               0x08004c38   Section       17  __printf_flags_wp.o(.constdata)
    maptable                                 0x08004c38   Data          17  __printf_flags_wp.o(.constdata)
    .data                                    0x20000000   Section       16  stm32f4xx_rcc.o(.data)
    APBAHBPrescTable                         0x20000000   Data          16  stm32f4xx_rcc.o(.data)
    .data                                    0x20000010   Section       29  bluetooth.o(.data)
    ble_cnt                                  0x20000010   Data           4  bluetooth.o(.data)
    ble_recvflag                             0x20000014   Data           1  bluetooth.o(.data)
    .data                                    0x2000002d   Section     8192  oled.o(.data)
    .data                                    0x2000202e   Section        2  usart.o(.data)
    .data                                    0x20002030   Section       17  key.o(.data)
    .data                                    0x20002044   Section       10  as608.o(.data)
    .data                                    0x20002050   Section      225  main.o(.data)
    .bss                                     0x20002134   Section     1256  bluetooth.o(.bss)
    ble_buffer                               0x20002134   Data         256  bluetooth.o(.bss)
    .bss                                     0x2000261c   Section      800  usart.o(.bss)
    .bss                                     0x2000293c   Section       16  main.o(.bss)
    .bss                                     0x2000294c   Section       96  libspace.o(.bss)
    HEAP                                     0x200029b0   Section      512  startup_stm32f40_41xxx.o(HEAP)
    Heap_Mem                                 0x200029b0   Data         512  startup_stm32f40_41xxx.o(HEAP)
    STACK                                    0x20002bb0   Section     1024  startup_stm32f40_41xxx.o(STACK)
    Stack_Mem                                0x20002bb0   Data        1024  startup_stm32f40_41xxx.o(STACK)
    __initial_sp                             0x20002fb0   Data           0  startup_stm32f40_41xxx.o(STACK)

    Global Symbols

    Symbol Name                              Value     Ov Type        Size  Object(Section)

    BuildAttributes$$THM_ISAv4$E$P$D$K$B$S$7EM$VFPi3$EXTD16$VFPS$VFMA$PE$A:L22UL41UL21$X:L11$S22US41US21$IEEE1$IW$USESV6$~STKCKD$USESV7$~SHL$OTIME$ROPI$EBA8$UX$STANDARDLIB$REQ8$PRES8$EABIv2 0x00000000   Number         0  anon$$obj.o ABSOLUTE
    __ARM_use_no_argv                        0x00000000   Number         0  main.o ABSOLUTE
    _printf_flags                            0x00000000   Number         0  printf_stubs.o ABSOLUTE
    _printf_return_value                     0x00000000   Number         0  printf_stubs.o ABSOLUTE
    _printf_sizespec                         0x00000000   Number         0  printf_stubs.o ABSOLUTE
    _printf_widthprec                        0x00000000   Number         0  printf_stubs.o ABSOLUTE
    __ARM_exceptions_init                     - Undefined Weak Reference
    __alloca_initialize                       - Undefined Weak Reference
    __arm_preinit_                            - Undefined Weak Reference
    __cpp_initialize__aeabi_                  - Undefined Weak Reference
    __cxa_finalize                            - Undefined Weak Reference
    __rt_locale                               - Undefined Weak Reference
    __sigvec_lookup                           - Undefined Weak Reference
    __user_heap_extent                        - Undefined Weak Reference
    _atexit_init                              - Undefined Weak Reference
    _call_atexit_fns                          - Undefined Weak Reference
    _clock_init                               - Undefined Weak Reference
    _fp_trap_init                             - Undefined Weak Reference
    _fp_trap_shutdown                         - Undefined Weak Reference
    _get_lc_collate                           - Undefined Weak Reference
    _get_lc_ctype                             - Undefined Weak Reference
    _get_lc_monetary                          - Undefined Weak Reference
    _get_lc_numeric                           - Undefined Weak Reference
    _get_lc_time                              - Undefined Weak Reference
    _getenv_init                              - Undefined Weak Reference
    _handle_redirection                       - Undefined Weak Reference
    _mutex_acquire                            - Undefined Weak Reference
    _mutex_free                               - Undefined Weak Reference
    _mutex_release                            - Undefined Weak Reference
    _printf_truncate_signed                   - Undefined Weak Reference
    _printf_truncate_unsigned                 - Undefined Weak Reference
    _rand_init                                - Undefined Weak Reference
    _signal_finish                            - Undefined Weak Reference
    _signal_init                              - Undefined Weak Reference
    __Vectors_Size                           0x00000188   Number         0  startup_stm32f40_41xxx.o ABSOLUTE
    __Vectors                                0x08000000   Data           4  startup_stm32f40_41xxx.o(RESET)
    __Vectors_End                            0x08000188   Data           0  startup_stm32f40_41xxx.o(RESET)
    __main                                   0x08000189   Thumb Code     8  __main.o(!!!main)
    __scatterload                            0x08000191   Thumb Code     0  __scatter.o(!!!scatter)
    __scatterload_rt2                        0x08000191   Thumb Code    44  __scatter.o(!!!scatter)
    __scatterload_rt2_thumb_only             0x08000191   Thumb Code     0  __scatter.o(!!!scatter)
    __scatterload_null                       0x0800019f   Thumb Code     0  __scatter.o(!!!scatter)
    __decompress                             0x080001c5   Thumb Code   100  __dclz77c.o(!!dclz77c)
    __decompress2                            0x080001c5   Thumb Code     0  __dclz77c.o(!!dclz77c)
    __scatterload_zeroinit                   0x08000229   Thumb Code    28  __scatter_zi.o(!!handler_zi)
    _printf_d                                0x08000245   Thumb Code     0  _printf_d.o(.ARM.Collect$$_printf_percent$$00000009)
    _printf_percent                          0x08000245   Thumb Code     0  _printf_percent.o(.ARM.Collect$$_printf_percent$$00000000)
    _printf_x                                0x0800024b   Thumb Code     0  _printf_x.o(.ARM.Collect$$_printf_percent$$0000000C)
    _printf_percent_end                      0x08000251   Thumb Code     0  _printf_percent_end.o(.ARM.Collect$$_printf_percent$$00000017)
    __rt_lib_init                            0x08000255   Thumb Code     0  libinit.o(.ARM.Collect$$libinit$$00000000)
    __rt_lib_init_fp_1                       0x08000257   Thumb Code     0  libinit2.o(.ARM.Collect$$libinit$$00000001)
    __rt_lib_init_alloca_1                   0x0800025b   Thumb Code     0  libinit2.o(.ARM.Collect$$libinit$$0000002E)
    __rt_lib_init_argv_1                     0x0800025b   Thumb Code     0  libinit2.o(.ARM.Collect$$libinit$$0000002C)
    __rt_lib_init_atexit_1                   0x0800025b   Thumb Code     0  libinit2.o(.ARM.Collect$$libinit$$0000001B)
    __rt_lib_init_clock_1                    0x0800025b   Thumb Code     0  libinit2.o(.ARM.Collect$$libinit$$00000021)
    __rt_lib_init_cpp_1                      0x0800025b   Thumb Code     0  libinit2.o(.ARM.Collect$$libinit$$00000032)
    __rt_lib_init_exceptions_1               0x0800025b   Thumb Code     0  libinit2.o(.ARM.Collect$$libinit$$00000030)
    __rt_lib_init_fp_trap_1                  0x0800025b   Thumb Code     0  libinit2.o(.ARM.Collect$$libinit$$0000001F)
    __rt_lib_init_getenv_1                   0x0800025b   Thumb Code     0  libinit2.o(.ARM.Collect$$libinit$$00000023)
    __rt_lib_init_heap_1                     0x0800025b   Thumb Code     0  libinit2.o(.ARM.Collect$$libinit$$0000000A)
    __rt_lib_init_lc_collate_1               0x0800025b   Thumb Code     0  libinit2.o(.ARM.Collect$$libinit$$00000011)
    __rt_lib_init_lc_ctype_1                 0x0800025b   Thumb Code     0  libinit2.o(.ARM.Collect$$libinit$$00000013)
    __rt_lib_init_lc_monetary_1              0x0800025b   Thumb Code     0  libinit2.o(.ARM.Collect$$libinit$$00000015)
    __rt_lib_init_lc_numeric_1               0x0800025b   Thumb Code     0  libinit2.o(.ARM.Collect$$libinit$$00000017)
    __rt_lib_init_lc_time_1                  0x0800025b   Thumb Code     0  libinit2.o(.ARM.Collect$$libinit$$00000019)
    __rt_lib_init_preinit_1                  0x0800025b   Thumb Code     0  libinit2.o(.ARM.Collect$$libinit$$00000004)
    __rt_lib_init_rand_1                     0x0800025b   Thumb Code     0  libinit2.o(.ARM.Collect$$libinit$$0000000E)
    __rt_lib_init_return                     0x0800025b   Thumb Code     0  libinit2.o(.ARM.Collect$$libinit$$00000033)
    __rt_lib_init_signal_1                   0x0800025b   Thumb Code     0  libinit2.o(.ARM.Collect$$libinit$$0000001D)
    __rt_lib_init_stdio_1                    0x0800025b   Thumb Code     0  libinit2.o(.ARM.Collect$$libinit$$00000025)
    __rt_lib_init_user_alloc_1               0x0800025b   Thumb Code     0  libinit2.o(.ARM.Collect$$libinit$$0000000C)
    __rt_lib_shutdown                        0x0800025d   Thumb Code     0  libshutdown.o(.ARM.Collect$$libshutdown$$00000000)
    __rt_lib_shutdown_cpp_1                  0x0800025f   Thumb Code     0  libshutdown2.o(.ARM.Collect$$libshutdown$$00000002)
    __rt_lib_shutdown_fp_trap_1              0x0800025f   Thumb Code     0  libshutdown2.o(.ARM.Collect$$libshutdown$$00000007)
    __rt_lib_shutdown_heap_1                 0x0800025f   Thumb Code     0  libshutdown2.o(.ARM.Collect$$libshutdown$$0000000F)
    __rt_lib_shutdown_return                 0x0800025f   Thumb Code     0  libshutdown2.o(.ARM.Collect$$libshutdown$$00000010)
    __rt_lib_shutdown_signal_1               0x0800025f   Thumb Code     0  libshutdown2.o(.ARM.Collect$$libshutdown$$0000000A)
    __rt_lib_shutdown_stdio_1                0x0800025f   Thumb Code     0  libshutdown2.o(.ARM.Collect$$libshutdown$$00000004)
    __rt_lib_shutdown_user_alloc_1           0x0800025f   Thumb Code     0  libshutdown2.o(.ARM.Collect$$libshutdown$$0000000C)
    __rt_entry                               0x08000261   Thumb Code     0  __rtentry.o(.ARM.Collect$$rtentry$$00000000)
    __rt_entry_presh_1                       0x08000261   Thumb Code     0  __rtentry2.o(.ARM.Collect$$rtentry$$00000002)
    __rt_entry_sh                            0x08000261   Thumb Code     0  __rtentry4.o(.ARM.Collect$$rtentry$$00000004)
    __rt_entry_li                            0x08000267   Thumb Code     0  __rtentry2.o(.ARM.Collect$$rtentry$$0000000A)
    __rt_entry_postsh_1                      0x08000267   Thumb Code     0  __rtentry2.o(.ARM.Collect$$rtentry$$00000009)
    __rt_entry_main                          0x0800026b   Thumb Code     0  __rtentry2.o(.ARM.Collect$$rtentry$$0000000D)
    __rt_entry_postli_1                      0x0800026b   Thumb Code     0  __rtentry2.o(.ARM.Collect$$rtentry$$0000000C)
    __rt_exit                                0x08000273   Thumb Code     0  rtexit.o(.ARM.Collect$$rtexit$$00000000)
    __rt_exit_ls                             0x08000275   Thumb Code     0  rtexit2.o(.ARM.Collect$$rtexit$$00000003)
    __rt_exit_prels_1                        0x08000275   Thumb Code     0  rtexit2.o(.ARM.Collect$$rtexit$$00000002)
    __rt_exit_exit                           0x08000279   Thumb Code     0  rtexit2.o(.ARM.Collect$$rtexit$$00000004)
    Reset_Handler                            0x08000281   Thumb Code     8  startup_stm32f40_41xxx.o(.text)
    SysTick_Handler                          0x08000299   Thumb Code     2  startup_stm32f40_41xxx.o(.text)
    ADC_IRQHandler                           0x0800029b   Thumb Code     0  startup_stm32f40_41xxx.o(.text)
    CAN1_RX0_IRQHandler                      0x0800029b   Thumb Code     0  startup_stm32f40_41xxx.o(.text)
    CAN1_RX1_IRQHandler                      0x0800029b   Thumb Code     0  startup_stm32f40_41xxx.o(.text)
    CAN1_SCE_IRQHandler                      0x0800029b   Thumb Code     0  startup_stm32f40_41xxx.o(.text)
    CAN1_TX_IRQHandler                       0x0800029b   Thumb Code     0  startup_stm32f40_41xxx.o(.text)
    CAN2_RX0_IRQHandler                      0x0800029b   Thumb Code     0  startup_stm32f40_41xxx.o(.text)
    CAN2_RX1_IRQHandler                      0x0800029b   Thumb Code     0  startup_stm32f40_41xxx.o(.text)
    CAN2_SCE_IRQHandler                      0x0800029b   Thumb Code     0  startup_stm32f40_41xxx.o(.text)
    CAN2_TX_IRQHandler                       0x0800029b   Thumb Code     0  startup_stm32f40_41xxx.o(.text)
    CRYP_IRQHandler                          0x0800029b   Thumb Code     0  startup_stm32f40_41xxx.o(.text)
    DCMI_IRQHandler                          0x0800029b   Thumb Code     0  startup_stm32f40_41xxx.o(.text)
    DMA1_Stream0_IRQHandler                  0x0800029b   Thumb Code     0  startup_stm32f40_41xxx.o(.text)
    DMA1_Stream1_IRQHandler                  0x0800029b   Thumb Code     0  startup_stm32f40_41xxx.o(.text)
    DMA1_Stream2_IRQHandler                  0x0800029b   Thumb Code     0  startup_stm32f40_41xxx.o(.text)
    DMA1_Stream3_IRQHandler                  0x0800029b   Thumb Code     0  startup_stm32f40_41xxx.o(.text)
    DMA1_Stream4_IRQHandler                  0x0800029b   Thumb Code     0  startup_stm32f40_41xxx.o(.text)
    DMA1_Stream5_IRQHandler                  0x0800029b   Thumb Code     0  startup_stm32f40_41xxx.o(.text)
    DMA1_Stream6_IRQHandler                  0x0800029b   Thumb Code     0  startup_stm32f40_41xxx.o(.text)
    DMA1_Stream7_IRQHandler                  0x0800029b   Thumb Code     0  startup_stm32f40_41xxx.o(.text)
    DMA2_Stream0_IRQHandler                  0x0800029b   Thumb Code     0  startup_stm32f40_41xxx.o(.text)
    DMA2_Stream1_IRQHandler                  0x0800029b   Thumb Code     0  startup_stm32f40_41xxx.o(.text)
    DMA2_Stream2_IRQHandler                  0x0800029b   Thumb Code     0  startup_stm32f40_41xxx.o(.text)
    DMA2_Stream3_IRQHandler                  0x0800029b   Thumb Code     0  startup_stm32f40_41xxx.o(.text)
    DMA2_Stream4_IRQHandler                  0x0800029b   Thumb Code     0  startup_stm32f40_41xxx.o(.text)
    DMA2_Stream5_IRQHandler                  0x0800029b   Thumb Code     0  startup_stm32f40_41xxx.o(.text)
    DMA2_Stream6_IRQHandler                  0x0800029b   Thumb Code     0  startup_stm32f40_41xxx.o(.text)
    DMA2_Stream7_IRQHandler                  0x0800029b   Thumb Code     0  startup_stm32f40_41xxx.o(.text)
    ETH_IRQHandler                           0x0800029b   Thumb Code     0  startup_stm32f40_41xxx.o(.text)
    ETH_WKUP_IRQHandler                      0x0800029b   Thumb Code     0  startup_stm32f40_41xxx.o(.text)
    EXTI0_IRQHandler                         0x0800029b   Thumb Code     0  startup_stm32f40_41xxx.o(.text)
    EXTI15_10_IRQHandler                     0x0800029b   Thumb Code     0  startup_stm32f40_41xxx.o(.text)
    EXTI1_IRQHandler                         0x0800029b   Thumb Code     0  startup_stm32f40_41xxx.o(.text)
    EXTI2_IRQHandler                         0x0800029b   Thumb Code     0  startup_stm32f40_41xxx.o(.text)
    EXTI3_IRQHandler                         0x0800029b   Thumb Code     0  startup_stm32f40_41xxx.o(.text)
    EXTI4_IRQHandler                         0x0800029b   Thumb Code     0  startup_stm32f40_41xxx.o(.text)
    EXTI9_5_IRQHandler                       0x0800029b   Thumb Code     0  startup_stm32f40_41xxx.o(.text)
    FLASH_IRQHandler                         0x0800029b   Thumb Code     0  startup_stm32f40_41xxx.o(.text)
    FPU_IRQHandler                           0x0800029b   Thumb Code     0  startup_stm32f40_41xxx.o(.text)
    FSMC_IRQHandler                          0x0800029b   Thumb Code     0  startup_stm32f40_41xxx.o(.text)
    HASH_RNG_IRQHandler                      0x0800029b   Thumb Code     0  startup_stm32f40_41xxx.o(.text)
    I2C1_ER_IRQHandler                       0x0800029b   Thumb Code     0  startup_stm32f40_41xxx.o(.text)
    I2C1_EV_IRQHandler                       0x0800029b   Thumb Code     0  startup_stm32f40_41xxx.o(.text)
    I2C2_ER_IRQHandler                       0x0800029b   Thumb Code     0  startup_stm32f40_41xxx.o(.text)
    I2C2_EV_IRQHandler                       0x0800029b   Thumb Code     0  startup_stm32f40_41xxx.o(.text)
    I2C3_ER_IRQHandler                       0x0800029b   Thumb Code     0  startup_stm32f40_41xxx.o(.text)
    I2C3_EV_IRQHandler                       0x0800029b   Thumb Code     0  startup_stm32f40_41xxx.o(.text)
    OTG_FS_IRQHandler                        0x0800029b   Thumb Code     0  startup_stm32f40_41xxx.o(.text)
    OTG_FS_WKUP_IRQHandler                   0x0800029b   Thumb Code     0  startup_stm32f40_41xxx.o(.text)
    OTG_HS_EP1_IN_IRQHandler                 0x0800029b   Thumb Code     0  startup_stm32f40_41xxx.o(.text)
    OTG_HS_EP1_OUT_IRQHandler                0x0800029b   Thumb Code     0  startup_stm32f40_41xxx.o(.text)
    OTG_HS_IRQHandler                        0x0800029b   Thumb Code     0  startup_stm32f40_41xxx.o(.text)
    OTG_HS_WKUP_IRQHandler                   0x0800029b   Thumb Code     0  startup_stm32f40_41xxx.o(.text)
    PVD_IRQHandler                           0x0800029b   Thumb Code     0  startup_stm32f40_41xxx.o(.text)
    RCC_IRQHandler                           0x0800029b   Thumb Code     0  startup_stm32f40_41xxx.o(.text)
    RTC_Alarm_IRQHandler                     0x0800029b   Thumb Code     0  startup_stm32f40_41xxx.o(.text)
    RTC_WKUP_IRQHandler                      0x0800029b   Thumb Code     0  startup_stm32f40_41xxx.o(.text)
    SDIO_IRQHandler                          0x0800029b   Thumb Code     0  startup_stm32f40_41xxx.o(.text)
    SPI1_IRQHandler                          0x0800029b   Thumb Code     0  startup_stm32f40_41xxx.o(.text)
    SPI2_IRQHandler                          0x0800029b   Thumb Code     0  startup_stm32f40_41xxx.o(.text)
    SPI3_IRQHandler                          0x0800029b   Thumb Code     0  startup_stm32f40_41xxx.o(.text)
    TAMP_STAMP_IRQHandler                    0x0800029b   Thumb Code     0  startup_stm32f40_41xxx.o(.text)
    TIM1_BRK_TIM9_IRQHandler                 0x0800029b   Thumb Code     0  startup_stm32f40_41xxx.o(.text)
    TIM1_CC_IRQHandler                       0x0800029b   Thumb Code     0  startup_stm32f40_41xxx.o(.text)
    TIM1_TRG_COM_TIM11_IRQHandler            0x0800029b   Thumb Code     0  startup_stm32f40_41xxx.o(.text)
    TIM1_UP_TIM10_IRQHandler                 0x0800029b   Thumb Code     0  startup_stm32f40_41xxx.o(.text)
    TIM2_IRQHandler                          0x0800029b   Thumb Code     0  startup_stm32f40_41xxx.o(.text)
    TIM3_IRQHandler                          0x0800029b   Thumb Code     0  startup_stm32f40_41xxx.o(.text)
    TIM4_IRQHandler                          0x0800029b   Thumb Code     0  startup_stm32f40_41xxx.o(.text)
    TIM5_IRQHandler                          0x0800029b   Thumb Code     0  startup_stm32f40_41xxx.o(.text)
    TIM6_DAC_IRQHandler                      0x0800029b   Thumb Code     0  startup_stm32f40_41xxx.o(.text)
    TIM8_BRK_TIM12_IRQHandler                0x0800029b   Thumb Code     0  startup_stm32f40_41xxx.o(.text)
    TIM8_CC_IRQHandler                       0x0800029b   Thumb Code     0  startup_stm32f40_41xxx.o(.text)
    TIM8_TRG_COM_TIM14_IRQHandler            0x0800029b   Thumb Code     0  startup_stm32f40_41xxx.o(.text)
    TIM8_UP_TIM13_IRQHandler                 0x0800029b   Thumb Code     0  startup_stm32f40_41xxx.o(.text)
    UART4_IRQHandler                         0x0800029b   Thumb Code     0  startup_stm32f40_41xxx.o(.text)
    UART5_IRQHandler                         0x0800029b   Thumb Code     0  startup_stm32f40_41xxx.o(.text)
    USART1_IRQHandler                        0x0800029b   Thumb Code     0  startup_stm32f40_41xxx.o(.text)
    USART6_IRQHandler                        0x0800029b   Thumb Code     0  startup_stm32f40_41xxx.o(.text)
    WWDG_IRQHandler                          0x0800029b   Thumb Code     0  startup_stm32f40_41xxx.o(.text)
    __user_initial_stackheap                 0x0800029d   Thumb Code     0  startup_stm32f40_41xxx.o(.text)
    __2sprintf                               0x080002c1   Thumb Code    34  noretval__2sprintf.o(.text)
    _printf_pre_padding                      0x080002e9   Thumb Code    44  _printf_pad.o(.text)
    _printf_post_padding                     0x08000315   Thumb Code    34  _printf_pad.o(.text)
    _printf_int_dec                          0x08000339   Thumb Code   104  _printf_dec.o(.text)
    _printf_int_hex                          0x080003b1   Thumb Code    84  _printf_hex_int.o(.text)
    _printf_longlong_hex                     0x080003b1   Thumb Code     0  _printf_hex_int.o(.text)
    __printf                                 0x08000409   Thumb Code   308  __printf_flags_wp.o(.text)
    strstr                                   0x08000541   Thumb Code    36  strstr.o(.text)
    strcpy                                   0x08000565   Thumb Code    72  strcpy.o(.text)
    __aeabi_memcpy4                          0x080005ad   Thumb Code     0  rt_memcpy_w.o(.text)
    __aeabi_memcpy8                          0x080005ad   Thumb Code     0  rt_memcpy_w.o(.text)
    __rt_memcpy_w                            0x080005ad   Thumb Code   100  rt_memcpy_w.o(.text)
    _memcpy_lastbytes_aligned                0x080005f5   Thumb Code     0  rt_memcpy_w.o(.text)
    __aeabi_memclr                           0x08000611   Thumb Code     0  rt_memclr.o(.text)
    __rt_memclr                              0x08000611   Thumb Code    68  rt_memclr.o(.text)
    _memset                                  0x08000615   Thumb Code     0  rt_memclr.o(.text)
    __use_two_region_memory                  0x08000655   Thumb Code     2  heapauxi.o(.text)
    __rt_heap_escrow                         0x08000657   Thumb Code     2  heapauxi.o(.text)
    __rt_heap_expand                         0x08000659   Thumb Code     2  heapauxi.o(.text)
    _printf_int_common                       0x0800065b   Thumb Code   178  _printf_intcommon.o(.text)
    _printf_char_common                      0x08000717   Thumb Code    32  _printf_char_common.o(.text)
    _sputc                                   0x0800073d   Thumb Code    10  _sputc.o(.text)
    __aeabi_memclr4                          0x08000747   Thumb Code     0  rt_memclr_w.o(.text)
    __aeabi_memclr8                          0x08000747   Thumb Code     0  rt_memclr_w.o(.text)
    __rt_memclr_w                            0x08000747   Thumb Code    78  rt_memclr_w.o(.text)
    _memset_w                                0x0800074b   Thumb Code     0  rt_memclr_w.o(.text)
    __user_setup_stackheap                   0x08000795   Thumb Code    74  sys_stackheap_outer.o(.text)
    exit                                     0x080007df   Thumb Code    18  exit.o(.text)
    __user_libspace                          0x080007f1   Thumb Code     8  libspace.o(.text)
    __user_perproc_libspace                  0x080007f1   Thumb Code     0  libspace.o(.text)
    __user_perthread_libspace                0x080007f1   Thumb Code     0  libspace.o(.text)
    __I$use$semihosting                      0x080007f9   Thumb Code     0  use_no_semi.o(.text)
    __use_no_semihosting_swi                 0x080007f9   Thumb Code     2  use_no_semi.o(.text)
    __semihosting_library_function           0x080007fb   Thumb Code     0  indicate_semi.o(.text)
    _sys_exit                                0x080007fd   Thumb Code     8  sys_exit.o(.text)
    AddKeyCard                               0x08000809   Thumb Code   424  bluetooth.o(i.AddKeyCard)
    Add_FR                                   0x080009e9   Thumb Code  1100  as608.o(i.Add_FR)
    AntennaOn                                0x08000e61   Thumb Code    26  mfrc522.o(i.AntennaOn)
    BLE_Config                               0x08000e7d   Thumb Code    40  bluetooth.o(i.BLE_Config)
    Beep_Config                              0x08000ec5   Thumb Code    50  beep.o(i.Beep_Config)
    BlueRecvProcessing                       0x08000efd   Thumb Code   562  bluetooth.o(i.BlueRecvProcessing)
    BusFault_Handler                         0x08001185   Thumb Code     4  stm32f4xx_it.o(i.BusFault_Handler)
    ClearBitMask                             0x08001189   Thumb Code    28  mfrc522.o(i.ClearBitMask)
    DebugMon_Handler                         0x080011a5   Thumb Code     2  stm32f4xx_it.o(i.DebugMon_Handler)
    DelKeyCard                               0x080011a9   Thumb Code   478  bluetooth.o(i.DelKeyCard)
    Del_FR                                   0x080013a1   Thumb Code   574  as608.o(i.Del_FR)
    Delay1_us                                0x080015fd   Thumb Code    30  mfrc522.o(i.Delay1_us)
    EnsureMessage                            0x0800161d   Thumb Code  1572  as608.o(i.EnsureMessage)
    GPIO_Init                                0x08001c49   Thumb Code   144  stm32f4xx_gpio.o(i.GPIO_Init)
    GPIO_PinAFConfig                         0x08001cd9   Thumb Code    70  stm32f4xx_gpio.o(i.GPIO_PinAFConfig)
    GPIO_ReadInputDataBit                    0x08001d1f   Thumb Code    18  stm32f4xx_gpio.o(i.GPIO_ReadInputDataBit)
    GPIO_ResetBits                           0x08001d31   Thumb Code     4  stm32f4xx_gpio.o(i.GPIO_ResetBits)
    GPIO_SetBits                             0x08001d35   Thumb Code     4  stm32f4xx_gpio.o(i.GPIO_SetBits)
    HardFault_Handler                        0x08001d39   Thumb Code     4  stm32f4xx_it.o(i.HardFault_Handler)
    IIC_Start                                0x08001d99   Thumb Code    62  oled.o(i.IIC_Start)
    IIC_Stop                                 0x08001ddd   Thumb Code    62  oled.o(i.IIC_Stop)
    IIC_Wait_Ack                             0x08001e21   Thumb Code    76  oled.o(i.IIC_Wait_Ack)
    Key_Init                                 0x08001ef9   Thumb Code    86  key.o(i.Key_Init)
    MFRC522_Anticoll                         0x08001f55   Thumb Code    98  mfrc522.o(i.MFRC522_Anticoll)
    MFRC522_Initializtion                    0x08001fb7   Thumb Code    72  mfrc522.o(i.MFRC522_Initializtion)
    MFRC522_Request                          0x08001fff   Thumb Code    50  mfrc522.o(i.MFRC522_Request)
    MFRC522_Reset                            0x08002031   Thumb Code    54  mfrc522.o(i.MFRC522_Reset)
    MFRC522_ToCard                           0x0800206d   Thumb Code   314  mfrc522.o(i.MFRC522_ToCard)
    MemManage_Handler                        0x080021c5   Thumb Code     4  stm32f4xx_it.o(i.MemManage_Handler)
    ModPwd                                   0x080021c9   Thumb Code   462  bluetooth.o(i.ModPwd)
    NMI_Handler                              0x080023b1   Thumb Code     2  stm32f4xx_it.o(i.NMI_Handler)
    NVIC_Init                                0x080023b5   Thumb Code   106  misc.o(i.NVIC_Init)
    NVIC_PriorityGroupConfig                 0x0800242d   Thumb Code    10  misc.o(i.NVIC_PriorityGroupConfig)
    OLED_Clear                               0x08002441   Thumb Code    62  oled.o(i.OLED_Clear)
    OLED_DrawBMP                             0x0800247f   Thumb Code   118  oled.o(i.OLED_DrawBMP)
    OLED_Init                                0x080024f5   Thumb Code   282  oled.o(i.OLED_Init)
    OLED_Set_Pos                             0x08002615   Thumb Code    40  oled.o(i.OLED_Set_Pos)
    OLED_ShowCHinese                         0x0800263d   Thumb Code    98  oled.o(i.OLED_ShowCHinese)
    OLED_ShowChar                            0x080026a5   Thumb Code   154  oled.o(i.OLED_ShowChar)
    OLED_ShowNum                             0x08002749   Thumb Code   136  oled.o(i.OLED_ShowNum)
    OLED_ShowString                          0x080027d1   Thumb Code    58  oled.o(i.OLED_ShowString)
    OLED_WR_Byte                             0x0800280b   Thumb Code    24  oled.o(i.OLED_WR_Byte)
    PS_DeletChar                             0x08002823   Thumb Code   108  as608.o(i.PS_DeletChar)
    PS_Empty                                 0x0800288f   Thumb Code    58  as608.o(i.PS_Empty)
    PS_GenChar                               0x080028c9   Thumb Code    70  as608.o(i.PS_GenChar)
    PS_GetImage                              0x0800290f   Thumb Code    58  as608.o(i.PS_GetImage)
    PS_HighSpeedSearch                       0x08002949   Thumb Code   144  as608.o(i.PS_HighSpeedSearch)
    PS_Match                                 0x080029d9   Thumb Code    58  as608.o(i.PS_Match)
    PS_RegModel                              0x08002a13   Thumb Code    58  as608.o(i.PS_RegModel)
    PS_StoreChar                             0x08002a4d   Thumb Code    96  as608.o(i.PS_StoreChar)
    PasswordInput                            0x08002aad   Thumb Code   720  main.o(i.PasswordInput)
    PendSV_Handler                           0x08002d99   Thumb Code     2  stm32f4xx_it.o(i.PendSV_Handler)
    RCC_AHB1PeriphClockCmd                   0x08002d9d   Thumb Code    26  stm32f4xx_rcc.o(i.RCC_AHB1PeriphClockCmd)
    RCC_APB1PeriphClockCmd                   0x08002dbd   Thumb Code    26  stm32f4xx_rcc.o(i.RCC_APB1PeriphClockCmd)
    RCC_GetClocksFreq                        0x08002ddd   Thumb Code   214  stm32f4xx_rcc.o(i.RCC_GetClocksFreq)
    ReadCardOpen                             0x08002ec5   Thumb Code   682  main.o(i.ReadCardOpen)
    Read_MFRC522                             0x0800319d   Thumb Code    50  mfrc522.o(i.Read_MFRC522)
    Relay_Config                             0x080031d5   Thumb Code    50  relay.o(i.Relay_Config)
    SPI_SendByte                             0x0800320d   Thumb Code   118  mfrc522.o(i.SPI_SendByte)
    STM32_SPI3_Init                          0x08003289   Thumb Code   112  mfrc522.o(i.STM32_SPI3_Init)
    SVC_Handler                              0x080032fd   Thumb Code     2  stm32f4xx_it.o(i.SVC_Handler)
    SetBitMask                               0x08003383   Thumb Code    28  mfrc522.o(i.SetBitMask)
    ShowErrMessage                           0x0800348d   Thumb Code    12  as608.o(i.ShowErrMessage)
    SystemInit                               0x08003499   Thumb Code    88  system_stm32f4xx.o(i.SystemInit)
    TIM7_IRQHandler                          0x08003501   Thumb Code    42  timer.o(i.TIM7_IRQHandler)
    TIM7_Int_Init                            0x08003535   Thumb Code    86  timer.o(i.TIM7_Int_Init)
    TIM_ClearITPendingBit                    0x08003591   Thumb Code     6  stm32f4xx_tim.o(i.TIM_ClearITPendingBit)
    TIM_Cmd                                  0x08003597   Thumb Code    24  stm32f4xx_tim.o(i.TIM_Cmd)
    TIM_GetITStatus                          0x080035af   Thumb Code    34  stm32f4xx_tim.o(i.TIM_GetITStatus)
    TIM_ITConfig                             0x080035d1   Thumb Code    18  stm32f4xx_tim.o(i.TIM_ITConfig)
    TIM_SetCounter                           0x080035e3   Thumb Code     4  stm32f4xx_tim.o(i.TIM_SetCounter)
    TIM_TimeBaseInit                         0x080035e9   Thumb Code   104  stm32f4xx_tim.o(i.TIM_TimeBaseInit)
    USART2_Config                            0x0800366d   Thumb Code   188  usart.o(i.USART2_Config)
    USART2_IRQHandler                        0x08003739   Thumb Code    94  usart.o(i.USART2_IRQHandler)
    USART3_Config                            0x080037a9   Thumb Code   166  usart.o(i.USART3_Config)
    USART3_IRQHandler                        0x08003859   Thumb Code    68  bluetooth.o(i.USART3_IRQHandler)
    USART_Cmd                                0x080038ad   Thumb Code    24  stm32f4xx_usart.o(i.USART_Cmd)
    USART_GetFlagStatus                      0x080038c5   Thumb Code    26  stm32f4xx_usart.o(i.USART_GetFlagStatus)
    USART_GetITStatus                        0x080038df   Thumb Code    84  stm32f4xx_usart.o(i.USART_GetITStatus)
    USART_ITConfig                           0x08003933   Thumb Code    74  stm32f4xx_usart.o(i.USART_ITConfig)
    USART_Init                               0x0800397d   Thumb Code   204  stm32f4xx_usart.o(i.USART_Init)
    USART_ReceiveData                        0x08003a51   Thumb Code    10  stm32f4xx_usart.o(i.USART_ReceiveData)
    USART_SendData                           0x08003a5b   Thumb Code     8  stm32f4xx_usart.o(i.USART_SendData)
    UsageFault_Handler                       0x08003a63   Thumb Code     4  stm32f4xx_it.o(i.UsageFault_Handler)
    Usart_SendByte                           0x08003a67   Thumb Code    30  usart.o(i.Usart_SendByte)
    Usart_SendString                         0x08003a85   Thumb Code    42  usart.o(i.Usart_SendString)
    Write_IIC_Byte                           0x08003ab1   Thumb Code   116  oled.o(i.Write_IIC_Byte)
    Write_IIC_Command                        0x08003b29   Thumb Code    44  oled.o(i.Write_IIC_Command)
    Write_IIC_Data                           0x08003b55   Thumb Code    44  oled.o(i.Write_IIC_Data)
    Write_MFRC522                            0x08003b81   Thumb Code    44  mfrc522.o(i.Write_MFRC522)
    _is_digit                                0x08003bb1   Thumb Code    14  __printf_wp.o(i._is_digit)
    delay_ms                                 0x08003bbf   Thumb Code    60  delay.o(i.delay_ms)
    delay_us                                 0x08003bfb   Thumb Code    54  delay.o(i.delay_us)
    get_key                                  0x08003c31   Thumb Code  1188  key.o(i.get_key)
    main                                     0x080040e5   Thumb Code   130  main.o(i.main)
    oled_pow                                 0x0800416d   Thumb Code    22  oled.o(i.oled_pow)
    press_FR                                 0x08004185   Thumb Code   568  as608.o(i.press_FR)
    _fp_init                                 0x080043d9   Thumb Code    10  fpinit.o(x$fpl$fpinit)
    __fplib_config_fpu_vfp                   0x080043e1   Thumb Code     0  fpinit.o(x$fpl$fpinit)
    __fplib_config_pureend_doubles           0x080043e1   Thumb Code     0  fpinit.o(x$fpl$fpinit)
    F6x8                                     0x080043e2   Data         552  oled.o(.constdata)
    F8X16                                    0x0800460a   Data        1520  oled.o(.constdata)
    Region$$Table$$Base                      0x08004c4c   Number         0  anon$$obj.o(Region$$Table)
    Region$$Table$$Limit                     0x08004c6c   Number         0  anon$$obj.o(Region$$Table)
    pwd_buf                                  0x20000015   Data          16  bluetooth.o(.data)
    pwd_count                                0x20000028   Data           4  bluetooth.o(.data)
    card_cnt                                 0x2000002c   Data           1  bluetooth.o(.data)
    Hzk                                      0x2000002d   Data        8192  oled.o(.data)
    USART2_RX_STA                            0x2000202e   Data           2  usart.o(.data)
    KeyState                                 0x20002030   Data           1  key.o(.data)
    keyflag1                                 0x20002031   Data           1  key.o(.data)
    keyflag2                                 0x20002032   Data           1  key.o(.data)
    keyflag3                                 0x20002033   Data           1  key.o(.data)
    keyflag4                                 0x20002034   Data           1  key.o(.data)
    keyflag5                                 0x20002035   Data           1  key.o(.data)
    keyflag6                                 0x20002036   Data           1  key.o(.data)
    keyflag7                                 0x20002037   Data           1  key.o(.data)
    keyflag8                                 0x20002038   Data           1  key.o(.data)
    keyflag9                                 0x20002039   Data           1  key.o(.data)
    keyflag10                                0x2000203a   Data           1  key.o(.data)
    keyflag11                                0x2000203b   Data           1  key.o(.data)
    keyflag12                                0x2000203c   Data           1  key.o(.data)
    keyflag13                                0x2000203d   Data           1  key.o(.data)
    keyflag14                                0x2000203e   Data           1  key.o(.data)
    keyflag15                                0x2000203f   Data           1  key.o(.data)
    keyflag16                                0x20002040   Data           1  key.o(.data)
    AS608Addr                                0x20002044   Data           4  as608.o(.data)
    str2                                     0x20002048   Data           6  as608.o(.data)
    BMP1                                     0x20002050   Data         210  main.o(.data)
    PwdIn_cnt                                0x20002124   Data           4  main.o(.data)
    PwdAlarmLimit                            0x20002128   Data           1  main.o(.data)
    status                                   0x20002129   Data           1  main.o(.data)
    card_pydebuf                             0x2000212a   Data           2  main.o(.data)
    card_numberbuf                           0x2000212c   Data           5  main.o(.data)
    card_id                                  0x20002234   Data        1000  bluetooth.o(.bss)
    USART2_RX_BUF                            0x2000261c   Data         400  usart.o(.bss)
    USART2_TX_BUF                            0x200027ac   Data         400  usart.o(.bss)
    PwdIn_Buf                                0x2000293c   Data          16  main.o(.bss)
    __libspace_start                         0x2000294c   Data          96  libspace.o(.bss)
    __temporary_stack_top$libspace           0x200029ac   Data           0  libspace.o(.bss)



==============================================================================

Memory Map of the image

  Image Entry point : 0x08000189

  Load Region LR_IROM1 (Base: 0x08000000, Size: 0x00006da0, Max: 0x00100000, ABSOLUTE, COMPRESSED[0x000059c0])

    Execution Region ER_IROM1 (Exec base: 0x08000000, Load base: 0x08000000, Size: 0x00004c6c, Max: 0x00100000, ABSOLUTE)

    Exec Addr    Load Addr    Size         Type   Attr      Idx    E Section Name        Object

    0x08000000   0x08000000   0x00000188   Data   RO            3    RESET               startup_stm32f40_41xxx.o
    0x08000188   0x08000188   0x00000008   Code   RO         2802  * !!!main             c_w.l(__main.o)
    0x08000190   0x08000190   0x00000034   Code   RO         3127    !!!scatter          c_w.l(__scatter.o)
    0x080001c4   0x080001c4   0x00000064   Code   RO         3125    !!dclz77c           c_w.l(__dclz77c.o)
    0x08000228   0x08000228   0x0000001c   Code   RO         3129    !!handler_zi        c_w.l(__scatter_zi.o)
    0x08000244   0x08000244   0x00000000   Code   RO         2791    .ARM.Collect$$_printf_percent$$00000000  c_w.l(_printf_percent.o)
    0x08000244   0x08000244   0x00000006   Code   RO         2790    .ARM.Collect$$_printf_percent$$00000009  c_w.l(_printf_d.o)
    0x0800024a   0x0800024a   0x00000006   Code   RO         2789    .ARM.Collect$$_printf_percent$$0000000C  c_w.l(_printf_x.o)
    0x08000250   0x08000250   0x00000004   Code   RO         2813    .ARM.Collect$$_printf_percent$$00000017  c_w.l(_printf_percent_end.o)
    0x08000254   0x08000254   0x00000002   Code   RO         2934    .ARM.Collect$$libinit$$00000000  c_w.l(libinit.o)
    0x08000256   0x08000256   0x00000004   Code   RO         2935    .ARM.Collect$$libinit$$00000001  c_w.l(libinit2.o)
    0x0800025a   0x0800025a   0x00000000   Code   RO         2938    .ARM.Collect$$libinit$$00000004  c_w.l(libinit2.o)
    0x0800025a   0x0800025a   0x00000000   Code   RO         2941    .ARM.Collect$$libinit$$0000000A  c_w.l(libinit2.o)
    0x0800025a   0x0800025a   0x00000000   Code   RO         2943    .ARM.Collect$$libinit$$0000000C  c_w.l(libinit2.o)
    0x0800025a   0x0800025a   0x00000000   Code   RO         2945    .ARM.Collect$$libinit$$0000000E  c_w.l(libinit2.o)
    0x0800025a   0x0800025a   0x00000000   Code   RO         2948    .ARM.Collect$$libinit$$00000011  c_w.l(libinit2.o)
    0x0800025a   0x0800025a   0x00000000   Code   RO         2950    .ARM.Collect$$libinit$$00000013  c_w.l(libinit2.o)
    0x0800025a   0x0800025a   0x00000000   Code   RO         2952    .ARM.Collect$$libinit$$00000015  c_w.l(libinit2.o)
    0x0800025a   0x0800025a   0x00000000   Code   RO         2954    .ARM.Collect$$libinit$$00000017  c_w.l(libinit2.o)
    0x0800025a   0x0800025a   0x00000000   Code   RO         2956    .ARM.Collect$$libinit$$00000019  c_w.l(libinit2.o)
    0x0800025a   0x0800025a   0x00000000   Code   RO         2958    .ARM.Collect$$libinit$$0000001B  c_w.l(libinit2.o)
    0x0800025a   0x0800025a   0x00000000   Code   RO         2960    .ARM.Collect$$libinit$$0000001D  c_w.l(libinit2.o)
    0x0800025a   0x0800025a   0x00000000   Code   RO         2962    .ARM.Collect$$libinit$$0000001F  c_w.l(libinit2.o)
    0x0800025a   0x0800025a   0x00000000   Code   RO         2964    .ARM.Collect$$libinit$$00000021  c_w.l(libinit2.o)
    0x0800025a   0x0800025a   0x00000000   Code   RO         2966    .ARM.Collect$$libinit$$00000023  c_w.l(libinit2.o)
    0x0800025a   0x0800025a   0x00000000   Code   RO         2968    .ARM.Collect$$libinit$$00000025  c_w.l(libinit2.o)
    0x0800025a   0x0800025a   0x00000000   Code   RO         2972    .ARM.Collect$$libinit$$0000002C  c_w.l(libinit2.o)
    0x0800025a   0x0800025a   0x00000000   Code   RO         2974    .ARM.Collect$$libinit$$0000002E  c_w.l(libinit2.o)
    0x0800025a   0x0800025a   0x00000000   Code   RO         2976    .ARM.Collect$$libinit$$00000030  c_w.l(libinit2.o)
    0x0800025a   0x0800025a   0x00000000   Code   RO         2978    .ARM.Collect$$libinit$$00000032  c_w.l(libinit2.o)
    0x0800025a   0x0800025a   0x00000002   Code   RO         2979    .ARM.Collect$$libinit$$00000033  c_w.l(libinit2.o)
    0x0800025c   0x0800025c   0x00000002   Code   RO         3104    .ARM.Collect$$libshutdown$$00000000  c_w.l(libshutdown.o)
    0x0800025e   0x0800025e   0x00000000   Code   RO         2981    .ARM.Collect$$libshutdown$$00000002  c_w.l(libshutdown2.o)
    0x0800025e   0x0800025e   0x00000000   Code   RO         2983    .ARM.Collect$$libshutdown$$00000004  c_w.l(libshutdown2.o)
    0x0800025e   0x0800025e   0x00000000   Code   RO         2986    .ARM.Collect$$libshutdown$$00000007  c_w.l(libshutdown2.o)
    0x0800025e   0x0800025e   0x00000000   Code   RO         2989    .ARM.Collect$$libshutdown$$0000000A  c_w.l(libshutdown2.o)
    0x0800025e   0x0800025e   0x00000000   Code   RO         2991    .ARM.Collect$$libshutdown$$0000000C  c_w.l(libshutdown2.o)
    0x0800025e   0x0800025e   0x00000000   Code   RO         2994    .ARM.Collect$$libshutdown$$0000000F  c_w.l(libshutdown2.o)
    0x0800025e   0x0800025e   0x00000002   Code   RO         2995    .ARM.Collect$$libshutdown$$00000010  c_w.l(libshutdown2.o)
    0x08000260   0x08000260   0x00000000   Code   RO         2804    .ARM.Collect$$rtentry$$00000000  c_w.l(__rtentry.o)
    0x08000260   0x08000260   0x00000000   Code   RO         2823    .ARM.Collect$$rtentry$$00000002  c_w.l(__rtentry2.o)
    0x08000260   0x08000260   0x00000006   Code   RO         2835    .ARM.Collect$$rtentry$$00000004  c_w.l(__rtentry4.o)
    0x08000266   0x08000266   0x00000000   Code   RO         2825    .ARM.Collect$$rtentry$$00000009  c_w.l(__rtentry2.o)
    0x08000266   0x08000266   0x00000004   Code   RO         2826    .ARM.Collect$$rtentry$$0000000A  c_w.l(__rtentry2.o)
    0x0800026a   0x0800026a   0x00000000   Code   RO         2828    .ARM.Collect$$rtentry$$0000000C  c_w.l(__rtentry2.o)
    0x0800026a   0x0800026a   0x00000008   Code   RO         2829    .ARM.Collect$$rtentry$$0000000D  c_w.l(__rtentry2.o)
    0x08000272   0x08000272   0x00000002   Code   RO         3002    .ARM.Collect$$rtexit$$00000000  c_w.l(rtexit.o)
    0x08000274   0x08000274   0x00000000   Code   RO         3050    .ARM.Collect$$rtexit$$00000002  c_w.l(rtexit2.o)
    0x08000274   0x08000274   0x00000004   Code   RO         3051    .ARM.Collect$$rtexit$$00000003  c_w.l(rtexit2.o)
    0x08000278   0x08000278   0x00000006   Code   RO         3052    .ARM.Collect$$rtexit$$00000004  c_w.l(rtexit2.o)
    0x0800027e   0x0800027e   0x00000002   PAD
    0x08000280   0x08000280   0x00000040   Code   RO            4    .text               startup_stm32f40_41xxx.o
    0x080002c0   0x080002c0   0x00000028   Code   RO         2740    .text               c_w.l(noretval__2sprintf.o)
    0x080002e8   0x080002e8   0x0000004e   Code   RO         2744    .text               c_w.l(_printf_pad.o)
    0x08000336   0x08000336   0x00000002   PAD
    0x08000338   0x08000338   0x00000078   Code   RO         2746    .text               c_w.l(_printf_dec.o)
    0x080003b0   0x080003b0   0x00000058   Code   RO         2751    .text               c_w.l(_printf_hex_int.o)
    0x08000408   0x08000408   0x00000138   Code   RO         2781    .text               c_w.l(__printf_flags_wp.o)
    0x08000540   0x08000540   0x00000024   Code   RO         2792    .text               c_w.l(strstr.o)
    0x08000564   0x08000564   0x00000048   Code   RO         2794    .text               c_w.l(strcpy.o)
    0x080005ac   0x080005ac   0x00000064   Code   RO         2796    .text               c_w.l(rt_memcpy_w.o)
    0x08000610   0x08000610   0x00000044   Code   RO         2798    .text               c_w.l(rt_memclr.o)
    0x08000654   0x08000654   0x00000006   Code   RO         2800    .text               c_w.l(heapauxi.o)
    0x0800065a   0x0800065a   0x000000b2   Code   RO         2805    .text               c_w.l(_printf_intcommon.o)
    0x0800070c   0x0800070c   0x00000030   Code   RO         2807    .text               c_w.l(_printf_char_common.o)
    0x0800073c   0x0800073c   0x0000000a   Code   RO         2809    .text               c_w.l(_sputc.o)
    0x08000746   0x08000746   0x0000004e   Code   RO         2820    .text               c_w.l(rt_memclr_w.o)
    0x08000794   0x08000794   0x0000004a   Code   RO         2854    .text               c_w.l(sys_stackheap_outer.o)
    0x080007de   0x080007de   0x00000012   Code   RO         2923    .text               c_w.l(exit.o)
    0x080007f0   0x080007f0   0x00000008   Code   RO         2996    .text               c_w.l(libspace.o)
    0x080007f8   0x080007f8   0x00000002   Code   RO         2999    .text               c_w.l(use_no_semi.o)
    0x080007fa   0x080007fa   0x00000000   Code   RO         3001    .text               c_w.l(indicate_semi.o)
    0x080007fa   0x080007fa   0x00000002   PAD
    0x080007fc   0x080007fc   0x0000000c   Code   RO         3047    .text               c_w.l(sys_exit.o)
    0x08000808   0x08000808   0x000001e0   Code   RO         1896    i.AddKeyCard        bluetooth.o
    0x080009e8   0x080009e8   0x00000478   Code   RO         2315    i.Add_FR            as608.o
    0x08000e60   0x08000e60   0x0000001a   Code   RO         1754    i.AntennaOn         mfrc522.o
    0x08000e7a   0x08000e7a   0x00000002   PAD
    0x08000e7c   0x08000e7c   0x00000048   Code   RO         1897    i.BLE_Config        bluetooth.o
    0x08000ec4   0x08000ec4   0x00000038   Code   RO         2175    i.Beep_Config       beep.o
    0x08000efc   0x08000efc   0x00000288   Code   RO         1898    i.BlueRecvProcessing  bluetooth.o
    0x08001184   0x08001184   0x00000004   Code   RO         2634    i.BusFault_Handler  stm32f4xx_it.o
    0x08001188   0x08001188   0x0000001c   Code   RO         1756    i.ClearBitMask      mfrc522.o
    0x080011a4   0x080011a4   0x00000002   Code   RO         2635    i.DebugMon_Handler  stm32f4xx_it.o
    0x080011a6   0x080011a6   0x00000002   PAD
    0x080011a8   0x080011a8   0x000001f8   Code   RO         1899    i.DelKeyCard        bluetooth.o
    0x080013a0   0x080013a0   0x0000025c   Code   RO         2316    i.Del_FR            as608.o
    0x080015fc   0x080015fc   0x0000001e   Code   RO         1757    i.Delay1_us         mfrc522.o
    0x0800161a   0x0800161a   0x00000002   PAD
    0x0800161c   0x0800161c   0x0000062c   Code   RO         2317    i.EnsureMessage     as608.o
    0x08001c48   0x08001c48   0x00000090   Code   RO          496    i.GPIO_Init         stm32f4xx_gpio.o
    0x08001cd8   0x08001cd8   0x00000046   Code   RO          497    i.GPIO_PinAFConfig  stm32f4xx_gpio.o
    0x08001d1e   0x08001d1e   0x00000012   Code   RO          500    i.GPIO_ReadInputDataBit  stm32f4xx_gpio.o
    0x08001d30   0x08001d30   0x00000004   Code   RO          503    i.GPIO_ResetBits    stm32f4xx_gpio.o
    0x08001d34   0x08001d34   0x00000004   Code   RO          504    i.GPIO_SetBits      stm32f4xx_gpio.o
    0x08001d38   0x08001d38   0x00000004   Code   RO         2636    i.HardFault_Handler  stm32f4xx_it.o
    0x08001d3c   0x08001d3c   0x00000028   Code   RO         2011    i.IIC_SDASetInputMode  oled.o
    0x08001d64   0x08001d64   0x00000034   Code   RO         2012    i.IIC_SDASetOutputMode  oled.o
    0x08001d98   0x08001d98   0x00000044   Code   RO         2013    i.IIC_Start         oled.o
    0x08001ddc   0x08001ddc   0x00000044   Code   RO         2014    i.IIC_Stop          oled.o
    0x08001e20   0x08001e20   0x00000050   Code   RO         2015    i.IIC_Wait_Ack      oled.o
    0x08001e70   0x08001e70   0x00000088   Code   RO         2318    i.JudgeStr          as608.o
    0x08001ef8   0x08001ef8   0x0000005c   Code   RO         2283    i.Key_Init          key.o
    0x08001f54   0x08001f54   0x00000062   Code   RO         1758    i.MFRC522_Anticoll  mfrc522.o
    0x08001fb6   0x08001fb6   0x00000048   Code   RO         1761    i.MFRC522_Initializtion  mfrc522.o
    0x08001ffe   0x08001ffe   0x00000032   Code   RO         1763    i.MFRC522_Request   mfrc522.o
    0x08002030   0x08002030   0x0000003c   Code   RO         1764    i.MFRC522_Reset     mfrc522.o
    0x0800206c   0x0800206c   0x0000013a   Code   RO         1766    i.MFRC522_ToCard    mfrc522.o
    0x080021a6   0x080021a6   0x00000002   PAD
    0x080021a8   0x080021a8   0x0000001c   Code   RO         2319    i.MYUSART_SendData  as608.o
    0x080021c4   0x080021c4   0x00000004   Code   RO         2637    i.MemManage_Handler  stm32f4xx_it.o
    0x080021c8   0x080021c8   0x000001e8   Code   RO         1900    i.ModPwd            bluetooth.o
    0x080023b0   0x080023b0   0x00000002   Code   RO         2638    i.NMI_Handler       stm32f4xx_it.o
    0x080023b2   0x080023b2   0x00000002   PAD
    0x080023b4   0x080023b4   0x00000078   Code   RO           12    i.NVIC_Init         misc.o
    0x0800242c   0x0800242c   0x00000014   Code   RO           13    i.NVIC_PriorityGroupConfig  misc.o
    0x08002440   0x08002440   0x0000003e   Code   RO         2016    i.OLED_Clear        oled.o
    0x0800247e   0x0800247e   0x00000076   Code   RO         2019    i.OLED_DrawBMP      oled.o
    0x080024f4   0x080024f4   0x00000120   Code   RO         2020    i.OLED_Init         oled.o
    0x08002614   0x08002614   0x00000028   Code   RO         2022    i.OLED_Set_Pos      oled.o
    0x0800263c   0x0800263c   0x00000068   Code   RO         2023    i.OLED_ShowCHinese  oled.o
    0x080026a4   0x080026a4   0x000000a4   Code   RO         2024    i.OLED_ShowChar     oled.o
    0x08002748   0x08002748   0x00000088   Code   RO         2025    i.OLED_ShowNum      oled.o
    0x080027d0   0x080027d0   0x0000003a   Code   RO         2026    i.OLED_ShowString   oled.o
    0x0800280a   0x0800280a   0x00000018   Code   RO         2027    i.OLED_WR_Byte      oled.o
    0x08002822   0x08002822   0x0000006c   Code   RO         2320    i.PS_DeletChar      as608.o
    0x0800288e   0x0800288e   0x0000003a   Code   RO         2321    i.PS_Empty          as608.o
    0x080028c8   0x080028c8   0x00000046   Code   RO         2322    i.PS_GenChar        as608.o
    0x0800290e   0x0800290e   0x0000003a   Code   RO         2323    i.PS_GetImage       as608.o
    0x08002948   0x08002948   0x00000090   Code   RO         2325    i.PS_HighSpeedSearch  as608.o
    0x080029d8   0x080029d8   0x0000003a   Code   RO         2326    i.PS_Match          as608.o
    0x08002a12   0x08002a12   0x0000003a   Code   RO         2329    i.PS_RegModel       as608.o
    0x08002a4c   0x08002a4c   0x00000060   Code   RO         2332    i.PS_StoreChar      as608.o
    0x08002aac   0x08002aac   0x000002ec   Code   RO         2583    i.PasswordInput     main.o
    0x08002d98   0x08002d98   0x00000002   Code   RO         2639    i.PendSV_Handler    stm32f4xx_it.o
    0x08002d9a   0x08002d9a   0x00000002   PAD
    0x08002d9c   0x08002d9c   0x00000020   Code   RO          161    i.RCC_AHB1PeriphClockCmd  stm32f4xx_rcc.o
    0x08002dbc   0x08002dbc   0x00000020   Code   RO          170    i.RCC_APB1PeriphClockCmd  stm32f4xx_rcc.o
    0x08002ddc   0x08002ddc   0x000000e8   Code   RO          182    i.RCC_GetClocksFreq  stm32f4xx_rcc.o
    0x08002ec4   0x08002ec4   0x000002d8   Code   RO         2584    i.ReadCardOpen      main.o
    0x0800319c   0x0800319c   0x00000038   Code   RO         1768    i.Read_MFRC522      mfrc522.o
    0x080031d4   0x080031d4   0x00000038   Code   RO         1986    i.Relay_Config      relay.o
    0x0800320c   0x0800320c   0x0000007c   Code   RO         1769    i.SPI_SendByte      mfrc522.o
    0x08003288   0x08003288   0x00000074   Code   RO         1770    i.STM32_SPI3_Init   mfrc522.o
    0x080032fc   0x080032fc   0x00000002   Code   RO         2640    i.SVC_Handler       stm32f4xx_it.o
    0x080032fe   0x080032fe   0x00000002   PAD
    0x08003300   0x08003300   0x00000034   Code   RO         2336    i.SendAddr          as608.o
    0x08003334   0x08003334   0x00000012   Code   RO         2337    i.SendCheck         as608.o
    0x08003346   0x08003346   0x0000000c   Code   RO         2338    i.SendFlag          as608.o
    0x08003352   0x08003352   0x00000010   Code   RO         2339    i.SendHead          as608.o
    0x08003362   0x08003362   0x00000014   Code   RO         2340    i.SendLength        as608.o
    0x08003376   0x08003376   0x0000000c   Code   RO         2341    i.Sendcmd           as608.o
    0x08003382   0x08003382   0x0000001c   Code   RO         1771    i.SetBitMask        mfrc522.o
    0x0800339e   0x0800339e   0x00000002   PAD
    0x080033a0   0x080033a0   0x000000ec   Code   RO         2546    i.SetSysClock       system_stm32f4xx.o
    0x0800348c   0x0800348c   0x0000000c   Code   RO         2342    i.ShowErrMessage    as608.o
    0x08003498   0x08003498   0x00000068   Code   RO         2548    i.SystemInit        system_stm32f4xx.o
    0x08003500   0x08003500   0x00000034   Code   RO         2513    i.TIM7_IRQHandler   timer.o
    0x08003534   0x08003534   0x0000005c   Code   RO         2514    i.TIM7_Int_Init     timer.o
    0x08003590   0x08003590   0x00000006   Code   RO          722    i.TIM_ClearITPendingBit  stm32f4xx_tim.o
    0x08003596   0x08003596   0x00000018   Code   RO          727    i.TIM_Cmd           stm32f4xx_tim.o
    0x080035ae   0x080035ae   0x00000022   Code   RO          748    i.TIM_GetITStatus   stm32f4xx_tim.o
    0x080035d0   0x080035d0   0x00000012   Code   RO          752    i.TIM_ITConfig      stm32f4xx_tim.o
    0x080035e2   0x080035e2   0x00000004   Code   RO          793    i.TIM_SetCounter    stm32f4xx_tim.o
    0x080035e6   0x080035e6   0x00000002   PAD
    0x080035e8   0x080035e8   0x00000084   Code   RO          799    i.TIM_TimeBaseInit  stm32f4xx_tim.o
    0x0800366c   0x0800366c   0x000000cc   Code   RO         2198    i.USART2_Config     usart.o
    0x08003738   0x08003738   0x00000070   Code   RO         2199    i.USART2_IRQHandler  usart.o
    0x080037a8   0x080037a8   0x000000b0   Code   RO         2200    i.USART3_Config     usart.o
    0x08003858   0x08003858   0x00000054   Code   RO         1901    i.USART3_IRQHandler  bluetooth.o
    0x080038ac   0x080038ac   0x00000018   Code   RO         1277    i.USART_Cmd         stm32f4xx_usart.o
    0x080038c4   0x080038c4   0x0000001a   Code   RO         1280    i.USART_GetFlagStatus  stm32f4xx_usart.o
    0x080038de   0x080038de   0x00000054   Code   RO         1281    i.USART_GetITStatus  stm32f4xx_usart.o
    0x08003932   0x08003932   0x0000004a   Code   RO         1283    i.USART_ITConfig    stm32f4xx_usart.o
    0x0800397c   0x0800397c   0x000000d4   Code   RO         1284    i.USART_Init        stm32f4xx_usart.o
    0x08003a50   0x08003a50   0x0000000a   Code   RO         1291    i.USART_ReceiveData  stm32f4xx_usart.o
    0x08003a5a   0x08003a5a   0x00000008   Code   RO         1294    i.USART_SendData    stm32f4xx_usart.o
    0x08003a62   0x08003a62   0x00000004   Code   RO         2641    i.UsageFault_Handler  stm32f4xx_it.o
    0x08003a66   0x08003a66   0x0000001e   Code   RO         2202    i.Usart_SendByte    usart.o
    0x08003a84   0x08003a84   0x0000002a   Code   RO         2204    i.Usart_SendString  usart.o
    0x08003aae   0x08003aae   0x00000002   PAD
    0x08003ab0   0x08003ab0   0x00000078   Code   RO         2028    i.Write_IIC_Byte    oled.o
    0x08003b28   0x08003b28   0x0000002c   Code   RO         2029    i.Write_IIC_Command  oled.o
    0x08003b54   0x08003b54   0x0000002c   Code   RO         2030    i.Write_IIC_Data    oled.o
    0x08003b80   0x08003b80   0x00000030   Code   RO         1772    i.Write_MFRC522     mfrc522.o
    0x08003bb0   0x08003bb0   0x0000000e   Code   RO         2779    i._is_digit         c_w.l(__printf_wp.o)
    0x08003bbe   0x08003bbe   0x0000003c   Code   RO         2699    i.delay_ms          delay.o
    0x08003bfa   0x08003bfa   0x00000036   Code   RO         2701    i.delay_us          delay.o
    0x08003c30   0x08003c30   0x000004b4   Code   RO         2284    i.get_key           key.o
    0x080040e4   0x080040e4   0x00000088   Code   RO         2585    i.main              main.o
    0x0800416c   0x0800416c   0x00000016   Code   RO         2032    i.oled_pow          oled.o
    0x08004182   0x08004182   0x00000002   PAD
    0x08004184   0x08004184   0x00000254   Code   RO         2343    i.press_FR          as608.o
    0x080043d8   0x080043d8   0x0000000a   Code   RO         3045    x$fpl$fpinit        fz_wm.l(fpinit.o)
    0x080043e2   0x080043e2   0x00000818   Data   RO         2033    .constdata          oled.o
    0x08004bfa   0x08004bfa   0x00000002   PAD
    0x08004bfc   0x08004bfc   0x00000014   Data   RO         2587    .constdata          main.o
    0x08004c10   0x08004c10   0x00000028   Data   RO         2752    .constdata          c_w.l(_printf_hex_int.o)
    0x08004c38   0x08004c38   0x00000011   Data   RO         2782    .constdata          c_w.l(__printf_flags_wp.o)
    0x08004c49   0x08004c49   0x00000003   PAD
    0x08004c4c   0x08004c4c   0x00000020   Data   RO         3123    Region$$Table       anon$$obj.o


    Execution Region RW_IRAM1 (Exec base: 0x20000000, Load base: 0x08004c6c, Size: 0x00002fb0, Max: 0x00020000, ABSOLUTE, COMPRESSED[0x00000d54])

    Exec Addr    Load Addr    Size         Type   Attr      Idx    E Section Name        Object

    0x20000000   COMPRESSED   0x00000010   Data   RW          214    .data               stm32f4xx_rcc.o
    0x20000010   COMPRESSED   0x0000001d   Data   RW         1903    .data               bluetooth.o
    0x2000002d   COMPRESSED   0x00002000   Data   RW         2034    .data               oled.o
    0x2000202d   COMPRESSED   0x00000001   PAD
    0x2000202e   COMPRESSED   0x00000002   Data   RW         2208    .data               usart.o
    0x20002030   COMPRESSED   0x00000011   Data   RW         2285    .data               key.o
    0x20002041   COMPRESSED   0x00000003   PAD
    0x20002044   COMPRESSED   0x0000000a   Data   RW         2345    .data               as608.o
    0x2000204e   COMPRESSED   0x00000002   PAD
    0x20002050   COMPRESSED   0x000000e1   Data   RW         2588    .data               main.o
    0x20002131   COMPRESSED   0x00000003   PAD
    0x20002134        -       0x000004e8   Zero   RW         1902    .bss                bluetooth.o
    0x2000261c        -       0x00000320   Zero   RW         2207    .bss                usart.o
    0x2000293c        -       0x00000010   Zero   RW         2586    .bss                main.o
    0x2000294c        -       0x00000060   Zero   RW         2997    .bss                c_w.l(libspace.o)
    0x200029ac   COMPRESSED   0x00000004   PAD
    0x200029b0        -       0x00000200   Zero   RW            2    HEAP                startup_stm32f40_41xxx.o
    0x20002bb0        -       0x00000400   Zero   RW            1    STACK               startup_stm32f40_41xxx.o


==============================================================================

Image component sizes


      Code (inc. data)   RO Data    RW Data    ZI Data      Debug   Object Name

      4880        180          0         10          0      15772   as608.o
        56          6          0          0          0        534   beep.o
      2276        242          0         29       1256       5699   bluetooth.o
       114          0          0          0          0        974   delay.o
      1296         90          0         17          0       3007   key.o
      1612         80         20        225         16       4238   main.o
      1050         26          0          0          0       8850   mfrc522.o
       140         24          0          0          0     283271   misc.o
      1532         50       2072       8192          0      12578   oled.o
        56          6          0          0          0        539   relay.o
        64         26        392          0       1536        868   startup_stm32f40_41xxx.o
       240          0          0          0          0       3655   stm32f4xx_gpio.o
        24          0          0          0          0       3548   stm32f4xx_it.o
       296         30          0         16          0       4154   stm32f4xx_rcc.o
       218         28          0          0          0       4359   stm32f4xx_tim.o
       438          8          0          0          0       5613   stm32f4xx_usart.o
       340         32          0          0          0       1637   system_stm32f4xx.o
       144         16          0          0          0       1194   timer.o
       564         44          0          2        800       4856   usart.o

    ----------------------------------------------------------------------
     15362        888       2518       8500       3608     365346   Object Totals
         0          0         32          0          0          0   (incl. Generated)
        22          0          2          9          0          0   (incl. Padding)

    ----------------------------------------------------------------------

      Code (inc. data)   RO Data    RW Data    ZI Data      Debug   Library Member Name

       100          0          0          0          0          0   __dclz77c.o
         8          0          0          0          0         68   __main.o
       312          4         17          0          0         92   __printf_flags_wp.o
        14          0          0          0          0         68   __printf_wp.o
         0          0          0          0          0          0   __rtentry.o
        12          0          0          0          0          0   __rtentry2.o
         6          0          0          0          0          0   __rtentry4.o
        52          8          0          0          0          0   __scatter.o
        28          0          0          0          0          0   __scatter_zi.o
        48          6          0          0          0         96   _printf_char_common.o
         6          0          0          0          0          0   _printf_d.o
       120         16          0          0          0         92   _printf_dec.o
        88          4         40          0          0         88   _printf_hex_int.o
       178          0          0          0          0         88   _printf_intcommon.o
        78          0          0          0          0        108   _printf_pad.o
         0          0          0          0          0          0   _printf_percent.o
         4          0          0          0          0          0   _printf_percent_end.o
         6          0          0          0          0          0   _printf_x.o
        10          0          0          0          0         68   _sputc.o
        18          0          0          0          0         80   exit.o
         6          0          0          0          0        152   heapauxi.o
         0          0          0          0          0          0   indicate_semi.o
         2          0          0          0          0          0   libinit.o
         6          0          0          0          0          0   libinit2.o
         2          0          0          0          0          0   libshutdown.o
         2          0          0          0          0          0   libshutdown2.o
         8          4          0          0         96         68   libspace.o
        40          6          0          0          0         84   noretval__2sprintf.o
        68          0          0          0          0         68   rt_memclr.o
        78          0          0          0          0         80   rt_memclr_w.o
       100          0          0          0          0         80   rt_memcpy_w.o
         2          0          0          0          0          0   rtexit.o
        10          0          0          0          0          0   rtexit2.o
        72          0          0          0          0         80   strcpy.o
        36          0          0          0          0         80   strstr.o
        12          4          0          0          0         68   sys_exit.o
        74          0          0          0          0         80   sys_stackheap_outer.o
         2          0          0          0          0         68   use_no_semi.o
        10          0          0          0          0        116   fpinit.o

    ----------------------------------------------------------------------
      1624         52         60          0        100       1872   Library Totals
         6          0          3          0          4          0   (incl. Padding)

    ----------------------------------------------------------------------

      Code (inc. data)   RO Data    RW Data    ZI Data      Debug   Library Name

      1608         52         57          0         96       1756   c_w.l
        10          0          0          0          0        116   fz_wm.l

    ----------------------------------------------------------------------
      1624         52         60          0        100       1872   Library Totals

    ----------------------------------------------------------------------

==============================================================================


      Code (inc. data)   RO Data    RW Data    ZI Data      Debug   

     16986        940       2578       8500       3708     356134   Grand Totals
     16986        940       2578       3412       3708     356134   ELF Image Totals (compressed)
     16986        940       2578       3412          0          0   ROM Totals

==============================================================================

    Total RO  Size (Code + RO Data)                19564 (  19.11kB)
    Total RW  Size (RW Data + ZI Data)             12208 (  11.92kB)
    Total ROM Size (Code + RO Data + RW Data)      22976 (  22.44kB)

==============================================================================

