<html>
<body>
<pre>
<h1>µVision Build Log</h1>
<h2>Tool Versions:</h2>
IDE-Version: ¶ÃVision V5.26.2.0
Copyright (C) 2018 ARM Ltd and ARM Germany GmbH. All rights reserved.
License Information:  ,  , LIC=MPPLD-8K90V-MMC9I-T7VG8-P41U1-YMSPX
 
Tool Versions:
Toolchain:       MDK-ARM Plus  Version: 5.26.2.0
Toolchain Path:  E:\Keil_v5\ARM\ARMCC\Bin
C Compiler:      Armcc.exe V5.06 update 6 (build 750)
Assembler:       Armasm.exe V5.06 update 6 (build 750)
Linker/Locator:  ArmLink.exe V5.06 update 6 (build 750)
Library Manager: ArmAr.exe V5.06 update 6 (build 750)
Hex Converter:   FromElf.exe V5.06 update 6 (build 750)
CPU DLL:         SARMCM3.DLL V5.26.2.0
Dialog DLL:      DCM.DLL V1.17.2.0
Target DLL:      Segger\JL2CM3.dll V2.99.31.0
Dialog DLL:      TCM.DLL V1.36.1.0
 
<h2>Project:</h2>
C:\Users\weigangliang\Desktop\÷«ƒ‹√≈À¯\USER\pro.uvprojx
Project File Date:  03/10/2024

<h2>Output:</h2>
*** Using Compiler 'V5.06 update 6 (build 750)', folder: 'E:\Keil_v5\ARM\ARMCC\Bin'
Rebuild target 'project'
assembling startup_stm32f40_41xxx.s...
compiling stm32f4xx_usart.c...
compiling stm32f4xx_iwdg.c...
compiling stm32f4xx_syscfg.c...
compiling stm32f4xx_gpio.c...
compiling bluetooth.c...
compiling misc.c...
compiling Relay.c...
compiling stm32f4xx_rcc.c...
compiling stm32f4xx_tim.c...
compiling stm32f4xx_exti.c...
compiling MFRC522.c...
compiling stm32f4xx_adc.c...
compiling beep.c...
compiling oled.c...
compiling key.c...
compiling usart.c...
compiling timer.c...
compiling system_stm32f4xx.c...
compiling delay.c...
compiling stm32f4xx_it.c...
compiling main.c...
compiling AS608.c...
linking...
Program Size: Code=16986 RO-data=2578 RW-data=8500 ZI-data=3708  
FromELF: creating hex file...
"..\OBJ\pro.axf" - 0 Error(s), 0 Warning(s).

<h2>Software Packages used:</h2>

Package Vendor: Keil
                http://www.keil.com/pack/Keil.STM32F4xx_DFP.2.15.0.pack
                Keil.STM32F4xx_DFP.2.15.0
                STMicroelectronics STM32F4 Series Device Support, Drivers and Examples

<h2>Collection of Component include folders:</h2>
  .\RTE\_project
  E:\Keil_v5\ARM\PACK\Keil\STM32F4xx_DFP\2.15.0\Drivers\CMSIS\Device\ST\STM32F4xx\Include

<h2>Collection of Component Files used:</h2>
Build Time Elapsed:  00:00:03
</pre>
</body>
</html>
