Component: ARM Compiler 5.06 update 6 (build 750) Tool: armlink [4d35ed]

==============================================================================

Section Cross References

    startup_stm32f40_41xxx.o(STACK) refers (Special) to heapauxi.o(.text) for __use_two_region_memory
    startup_stm32f40_41xxx.o(HEAP) refers (Special) to heapauxi.o(.text) for __use_two_region_memory
    startup_stm32f40_41xxx.o(RESET) refers (Special) to heapauxi.o(.text) for __use_two_region_memory
    startup_stm32f40_41xxx.o(RESET) refers to startup_stm32f40_41xxx.o(STACK) for __initial_sp
    startup_stm32f40_41xxx.o(RESET) refers to startup_stm32f40_41xxx.o(.text) for Reset_Handler
    startup_stm32f40_41xxx.o(RESET) refers to stm32f4xx_it.o(i.NMI_Handler) for NMI_Handler
    startup_stm32f40_41xxx.o(RESET) refers to stm32f4xx_it.o(i.HardFault_Handler) for HardFault_Handler
    startup_stm32f40_41xxx.o(RESET) refers to stm32f4xx_it.o(i.MemManage_Handler) for MemManage_Handler
    startup_stm32f40_41xxx.o(RESET) refers to stm32f4xx_it.o(i.BusFault_Handler) for BusFault_Handler
    startup_stm32f40_41xxx.o(RESET) refers to stm32f4xx_it.o(i.UsageFault_Handler) for UsageFault_Handler
    startup_stm32f40_41xxx.o(RESET) refers to stm32f4xx_it.o(i.SVC_Handler) for SVC_Handler
    startup_stm32f40_41xxx.o(RESET) refers to stm32f4xx_it.o(i.DebugMon_Handler) for DebugMon_Handler
    startup_stm32f40_41xxx.o(RESET) refers to stm32f4xx_it.o(i.PendSV_Handler) for PendSV_Handler
    startup_stm32f40_41xxx.o(RESET) refers to timer.o(i.TIM2_IRQHandler) for TIM2_IRQHandler
    startup_stm32f40_41xxx.o(RESET) refers to usart.o(i.USART1_IRQHandler) for USART1_IRQHandler
    startup_stm32f40_41xxx.o(RESET) refers to usart.o(i.USART2_IRQHandler) for USART2_IRQHandler
    startup_stm32f40_41xxx.o(RESET) refers to bluetooth.o(i.USART3_IRQHandler) for USART3_IRQHandler
    startup_stm32f40_41xxx.o(RESET) refers to usart.o(i.UART4_IRQHandler) for UART4_IRQHandler
    startup_stm32f40_41xxx.o(RESET) refers to timer.o(i.TIM7_IRQHandler) for TIM7_IRQHandler
    startup_stm32f40_41xxx.o(.text) refers (Special) to heapauxi.o(.text) for __use_two_region_memory
    startup_stm32f40_41xxx.o(.text) refers to system_stm32f4xx.o(i.SystemInit) for SystemInit
    startup_stm32f40_41xxx.o(.text) refers to __main.o(!!!main) for __main
    startup_stm32f40_41xxx.o(.text) refers to startup_stm32f40_41xxx.o(HEAP) for Heap_Mem
    startup_stm32f40_41xxx.o(.text) refers to startup_stm32f40_41xxx.o(STACK) for Stack_Mem
    stm32f4xx_rcc.o(i.RCC_GetClocksFreq) refers to stm32f4xx_rcc.o(.data) for APBAHBPrescTable
    stm32f4xx_rcc.o(i.RCC_WaitForHSEStartUp) refers to stm32f4xx_rcc.o(i.RCC_GetFlagStatus) for RCC_GetFlagStatus
    stm32f4xx_gpio.o(i.GPIO_DeInit) refers to stm32f4xx_rcc.o(i.RCC_AHB1PeriphResetCmd) for RCC_AHB1PeriphResetCmd
    stm32f4xx_syscfg.o(i.SYSCFG_DeInit) refers to stm32f4xx_rcc.o(i.RCC_APB2PeriphResetCmd) for RCC_APB2PeriphResetCmd
    stm32f4xx_tim.o(i.TIM_DeInit) refers to stm32f4xx_rcc.o(i.RCC_APB2PeriphResetCmd) for RCC_APB2PeriphResetCmd
    stm32f4xx_tim.o(i.TIM_DeInit) refers to stm32f4xx_rcc.o(i.RCC_APB1PeriphResetCmd) for RCC_APB1PeriphResetCmd
    stm32f4xx_tim.o(i.TIM_ETRClockMode1Config) refers to stm32f4xx_tim.o(i.TIM_ETRConfig) for TIM_ETRConfig
    stm32f4xx_tim.o(i.TIM_ETRClockMode2Config) refers to stm32f4xx_tim.o(i.TIM_ETRConfig) for TIM_ETRConfig
    stm32f4xx_tim.o(i.TIM_ICInit) refers to stm32f4xx_tim.o(i.TI1_Config) for TI1_Config
    stm32f4xx_tim.o(i.TIM_ICInit) refers to stm32f4xx_tim.o(i.TIM_SetIC1Prescaler) for TIM_SetIC1Prescaler
    stm32f4xx_tim.o(i.TIM_ICInit) refers to stm32f4xx_tim.o(i.TI2_Config) for TI2_Config
    stm32f4xx_tim.o(i.TIM_ICInit) refers to stm32f4xx_tim.o(i.TIM_SetIC2Prescaler) for TIM_SetIC2Prescaler
    stm32f4xx_tim.o(i.TIM_ICInit) refers to stm32f4xx_tim.o(i.TI3_Config) for TI3_Config
    stm32f4xx_tim.o(i.TIM_ICInit) refers to stm32f4xx_tim.o(i.TIM_SetIC3Prescaler) for TIM_SetIC3Prescaler
    stm32f4xx_tim.o(i.TIM_ICInit) refers to stm32f4xx_tim.o(i.TI4_Config) for TI4_Config
    stm32f4xx_tim.o(i.TIM_ICInit) refers to stm32f4xx_tim.o(i.TIM_SetIC4Prescaler) for TIM_SetIC4Prescaler
    stm32f4xx_tim.o(i.TIM_ITRxExternalClockConfig) refers to stm32f4xx_tim.o(i.TIM_SelectInputTrigger) for TIM_SelectInputTrigger
    stm32f4xx_tim.o(i.TIM_PWMIConfig) refers to stm32f4xx_tim.o(i.TI1_Config) for TI1_Config
    stm32f4xx_tim.o(i.TIM_PWMIConfig) refers to stm32f4xx_tim.o(i.TIM_SetIC1Prescaler) for TIM_SetIC1Prescaler
    stm32f4xx_tim.o(i.TIM_PWMIConfig) refers to stm32f4xx_tim.o(i.TI2_Config) for TI2_Config
    stm32f4xx_tim.o(i.TIM_PWMIConfig) refers to stm32f4xx_tim.o(i.TIM_SetIC2Prescaler) for TIM_SetIC2Prescaler
    stm32f4xx_tim.o(i.TIM_TIxExternalClockConfig) refers to stm32f4xx_tim.o(i.TI2_Config) for TI2_Config
    stm32f4xx_tim.o(i.TIM_TIxExternalClockConfig) refers to stm32f4xx_tim.o(i.TI1_Config) for TI1_Config
[...]
    __rt_lib_shutdown_stdio_1                0x08000289   Thumb Code     0  libshutdown2.o(.ARM.Collect$$libshutdown$$00000004)
    __rt_lib_shutdown_user_alloc_1           0x08000289   Thumb Code     0  libshutdown2.o(.ARM.Collect$$libshutdown$$0000000C)
    __rt_entry                               0x0800028b   Thumb Code     0  __rtentry.o(.ARM.Collect$$rtentry$$00000000)
    __rt_entry_presh_1                       0x0800028b   Thumb Code     0  __rtentry2.o(.ARM.Collect$$rtentry$$00000002)
    __rt_entry_sh                            0x0800028b   Thumb Code     0  __rtentry4.o(.ARM.Collect$$rtentry$$00000004)
    __rt_entry_li                            0x08000291   Thumb Code     0  __rtentry2.o(.ARM.Collect$$rtentry$$0000000A)
    __rt_entry_postsh_1                      0x08000291   Thumb Code     0  __rtentry2.o(.ARM.Collect$$rtentry$$00000009)
    __rt_entry_main                          0x08000295   Thumb Code     0  __rtentry2.o(.ARM.Collect$$rtentry$$0000000D)
    __rt_entry_postli_1                      0x08000295   Thumb Code     0  __rtentry2.o(.ARM.Collect$$rtentry$$0000000C)
    __rt_exit                                0x0800029d   Thumb Code     0  rtexit.o(.ARM.Collect$$rtexit$$00000000)
    __rt_exit_ls                             0x0800029f   Thumb Code     0  rtexit2.o(.ARM.Collect$$rtexit$$00000003)
    __rt_exit_prels_1                        0x0800029f   Thumb Code     0  rtexit2.o(.ARM.Collect$$rtexit$$00000002)
    __rt_exit_exit                           0x080002a3   Thumb Code     0  rtexit2.o(.ARM.Collect$$rtexit$$00000004)
    Reset_Handler                            0x080002a9   Thumb Code     8  startup_stm32f40_41xxx.o(.text)
    _maybe_terminate_alloc                   0x080002a9   Thumb Code     0  maybetermalloc1.o(.emb_text)
    SysTick_Handler                          0x080002c1   Thumb Code     2  startup_stm32f40_41xxx.o(.text)
    ADC_IRQHandler                           0x080002c3   Thumb Code     0  startup_stm32f40_41xxx.o(.text)
    CAN1_RX0_IRQHandler                      0x080002c3   Thumb Code     0  startup_stm32f40_41xxx.o(.text)
    CAN1_RX1_IRQHandler                      0x080002c3   Thumb Code     0  startup_stm32f40_41xxx.o(.text)
    CAN1_SCE_IRQHandler                      0x080002c3   Thumb Code     0  startup_stm32f40_41xxx.o(.text)
    CAN1_TX_IRQHandler                       0x080002c3   Thumb Code     0  startup_stm32f40_41xxx.o(.text)
    CAN2_RX0_IRQHandler                      0x080002c3   Thumb Code     0  startup_stm32f40_41xxx.o(.text)
    CAN2_RX1_IRQHandler                      0x080002c3   Thumb Code     0  startup_stm32f40_41xxx.o(.text)
    CAN2_SCE_IRQHandler                      0x080002c3   Thumb Code     0  startup_stm32f40_41xxx.o(.text)
    CAN2_TX_IRQHandler                       0x080002c3   Thumb Code     0  startup_stm32f40_41xxx.o(.text)
    CRYP_IRQHandler                          0x080002c3   Thumb Code     0  startup_stm32f40_41xxx.o(.text)
    DCMI_IRQHandler                          0x080002c3   Thumb Code     0  startup_stm32f40_41xxx.o(.text)
    DMA1_Stream0_IRQHandler                  0x080002c3   Thumb Code     0  startup_stm32f40_41xxx.o(.text)
    DMA1_Stream1_IRQHandler                  0x080002c3   Thumb Code     0  startup_stm32f40_41xxx.o(.text)
    DMA1_Stream2_IRQHandler                  0x080002c3   Thumb Code     0  startup_stm32f40_41xxx.o(.text)
    DMA1_Stream3_IRQHandler                  0x080002c3   Thumb Code     0  startup_stm32f40_41xxx.o(.text)
    DMA1_Stream4_IRQHandler                  0x080002c3   Thumb Code     0  startup_stm32f40_41xxx.o(.text)
    DMA1_Stream5_IRQHandler                  0x080002c3   Thumb Code     0  startup_stm32f40_41xxx.o(.text)
    DMA1_Stream6_IRQHandler                  0x080002c3   Thumb Code     0  startup_stm32f40_41xxx.o(.text)
    DMA1_Stream7_IRQHandler                  0x080002c3   Thumb Code     0  startup_stm32f40_41xxx.o(.text)
    DMA2_Stream0_IRQHandler                  0x080002c3   Thumb Code     0  startup_stm32f40_41xxx.o(.text)
    DMA2_Stream1_IRQHandler                  0x080002c3   Thumb Code     0  startup_stm32f40_41xxx.o(.text)
    DMA2_Stream2_IRQHandler                  0x080002c3   Thumb Code     0  startup_stm32f40_41xxx.o(.text)
    DMA2_Stream3_IRQHandler                  0x080002c3   Thumb Code     0  startup_stm32f40_41xxx.o(.text)
    DMA2_Stream4_IRQHandler                  0x080002c3   Thumb Code     0  startup_stm32f40_41xxx.o(.text)
    DMA2_Stream5_IRQHandler                  0x080002c3   Thumb Code     0  startup_stm32f40_41xxx.o(.text)
    DMA2_Stream6_IRQHandler                  0x080002c3   Thumb Code     0  startup_stm32f40_41xxx.o(.text)
    DMA2_Stream7_IRQHandler                  0x080002c3   Thumb Code     0  startup_stm32f40_41xxx.o(.text)
    ETH_IRQHandler                           0x080002c3   Thumb Code     0  startup_stm32f40_41xxx.o(.text)
    ETH_WKUP_IRQHandler                      0x080002c3   Thumb Code     0  startup_stm32f40_41xxx.o(.text)
    EXTI0_IRQHandler                         0x080002c3   Thumb Code     0  startup_stm32f40_41xxx.o(.text)
    EXTI15_10_IRQHandler                     0x080002c3   Thumb Code     0  startup_stm32f40_41xxx.o(.text)
    EXTI1_IRQHandler                         0x080002c3   Thumb Code     0  startup_stm32f40_41xxx.o(.text)
    EXTI2_IRQHandler                         0x080002c3   Thumb Code     0  startup_stm32f40_41xxx.o(.text)
    EXTI3_IRQHandler                         0x080002c3   Thumb Code     0  startup_stm32f40_41xxx.o(.text)
    EXTI4_IRQHandler                         0x080002c3   Thumb Code     0  startup_stm32f40_41xxx.o(.text)
    EXTI9_5_IRQHandler                       0x080002c3   Thumb Code     0  startup_stm32f40_41xxx.o(.text)
    FLASH_IRQHandler                         0x080002c3   Thumb Code     0  startup_stm32f40_41xxx.o(.text)
    FPU_IRQHandler                           0x080002c3   Thumb Code     0  startup_stm32f40_41xxx.o(.text)
    FSMC_IRQHandler                          0x080002c3   Thumb Code     0  startup_stm32f40_41xxx.o(.text)
    HASH_RNG_IRQHandler                      0x080002c3   Thumb Code     0  startup_stm32f40_41xxx.o(.text)
    I2C1_ER_IRQHandler                       0x080002c3   Thumb Code     0  startup_stm32f40_41xxx.o(.text)
    I2C1_EV_IRQHandler                       0x080002c3   Thumb Code     0  startup_stm32f40_41xxx.o(.text)
    I2C2_ER_IRQHandler                       0x080002c3   Thumb Code     0  startup_stm32f40_41xxx.o(.text)
    I2C2_EV_IRQHandler                       0x080002c3   Thumb Code     0  startup_stm32f40_41xxx.o(.text)
    I2C3_ER_IRQHandler                       0x080002c3   Thumb Code     0  startup_stm32f40_41xxx.o(.text)
    I2C3_EV_IRQHandler                       0x080002c3   Thumb Code     0  startup_stm32f40_41xxx.o(.text)
    OTG_FS_IRQHandler                        0x080002c3   Thumb Code     0  startup_stm32f40_41xxx.o(.text)
    OTG_FS_WKUP_IRQHandler                   0x080002c3   Thumb Code     0  startup_stm32f40_41xxx.o(.text)
    OTG_HS_EP1_IN_IRQHandler                 0x080002c3   Thumb Code     0  startup_stm32f40_41xxx.o(.text)
    OTG_HS_EP1_OUT_IRQHandler                0x080002c3   Thumb Code     0  startup_stm32f40_41xxx.o(.text)
    OTG_HS_IRQHandler                        0x080002c3   Thumb Code     0  startup_stm32f40_41xxx.o(.text)
    OTG_HS_WKUP_IRQHandler                   0x080002c3   Thumb Code     0  startup_stm32f40_41xxx.o(.text)
    PVD_IRQHandler                           0x080002c3   Thumb Code     0  startup_stm32f40_41xxx.o(.text)
    RCC_IRQHandler                           0x080002c3   Thumb Code     0  startup_stm32f40_41xxx.o(.text)
    RTC_Alarm_IRQHandler                     0x080002c3   Thumb Code     0  startup_stm32f40_41xxx.o(.text)
    RTC_WKUP_IRQHandler                      0x080002c3   Thumb Code     0  startup_stm32f40_41xxx.o(.text)
    SDIO_IRQHandler                          0x080002c3   Thumb Code     0  startup_stm32f40_41xxx.o(.text)
    SPI1_IRQHandler                          0x080002c3   Thumb Code     0  startup_stm32f40_41xxx.o(.text)
    SPI2_IRQHandler                          0x080002c3   Thumb Code     0  startup_stm32f40_41xxx.o(.text)
    SPI3_IRQHandler                          0x080002c3   Thumb Code     0  startup_stm32f40_41xxx.o(.text)
    TAMP_STAMP_IRQHandler                    0x080002c3   Thumb Code     0  startup_stm32f40_41xxx.o(.text)
    TIM1_BRK_TIM9_IRQHandler                 0x080002c3   Thumb Code     0  startup_stm32f40_41xxx.o(.text)
    TIM1_CC_IRQHandler                       0x080002c3   Thumb Code     0  startup_stm32f40_41xxx.o(.text)
    TIM1_TRG_COM_TIM11_IRQHandler            0x080002c3   Thumb Code     0  startup_stm32f40_41xxx.o(.text)
    TIM1_UP_TIM10_IRQHandler                 0x080002c3   Thumb Code     0  startup_stm32f40_41xxx.o(.text)
    TIM3_IRQHandler                          0x080002c3   Thumb Code     0  startup_stm32f40_41xxx.o(.text)
    TIM4_IRQHandler                          0x080002c3   Thumb Code     0  startup_stm32f40_41xxx.o(.text)
    TIM5_IRQHandler                          0x080002c3   Thumb Code     0  startup_stm32f40_41xxx.o(.text)
    TIM6_DAC_IRQHandler                      0x080002c3   Thumb Code     0  startup_stm32f40_41xxx.o(.text)
    TIM8_BRK_TIM12_IRQHandler                0x080002c3   Thumb Code     0  startup_stm32f40_41xxx.o(.text)
    TIM8_CC_IRQHandler                       0x080002c3   Thumb Code     0  startup_stm32f40_41xxx.o(.text)
    TIM8_TRG_COM_TIM14_IRQHandler            0x080002c3   Thumb Code     0  startup_stm32f40_41xxx.o(.text)
    TIM8_UP_TIM13_IRQHandler                 0x080002c3   Thumb Code     0  startup_stm32f40_41xxx.o(.text)
    UART5_IRQHandler                         0x080002c3   Thumb Code     0  startup_stm32f40_41xxx.o(.text)
    USART6_IRQHandler                        0x080002c3   Thumb Code     0  startup_stm32f40_41xxx.o(.text)
    WWDG_IRQHandler                          0x080002c3   Thumb Code     0  startup_stm32f40_41xxx.o(.text)
    __user_initial_stackheap                 0x080002c5   Thumb Code     0  startup_stm32f40_41xxx.o(.text)
    __I$use$semihosting                      0x080002e9   Thumb Code     0  use_no_semi.o(.text)
    __use_no_semihosting_swi                 0x080002e9   Thumb Code     2  use_no_semi.o(.text)
    malloc                                   0x080002eb   Thumb Code    94  h1_alloc.o(.text)
    free                                     0x08000349   Thumb Code    78  h1_free.o(.text)
    realloc                                  0x08000397   Thumb Code   184  h1_realloc.o(.text)
    tolower                                  0x0800044f   Thumb Code    26  tolower.o(.text)
    __2printf                                0x08000469   Thumb Code    20  __2printf.o(.text)
    __2sprintf                               0x08000481   Thumb Code    38  __2sprintf.o(.text)
    _printf_pre_padding                      0x080004ad   Thumb Code    44  _printf_pad.o(.text)
    _printf_post_padding                     0x080004d9   Thumb Code    34  _printf_pad.o(.text)
    _printf_str                              0x080004fb   Thumb Code    82  _printf_str.o(.text)
    _printf_int_dec                          0x0800054d   Thumb Code   104  _printf_dec.o(.text)
    _printf_longlong_hex                     0x080005c5   Thumb Code    86  _printf_hex_int_ll_ptr.o(.text)
    _printf_int_hex                          0x0800061b   Thumb Code    28  _printf_hex_int_ll_ptr.o(.text)
    _printf_ll_hex                           0x08000637   Thumb Code    12  _printf_hex_int_ll_ptr.o(.text)
    _printf_hex_ptr                          0x08000643   Thumb Code    18  _printf_hex_int_ll_ptr.o(.text)
    __printf                                 0x08000659   Thumb Code   388  __printf_flags_ss_wp.o(.text)
    strstr                                   0x080007e1   Thumb Code    36  strstr.o(.text)
    strcpy                                   0x08000805   Thumb Code    72  strcpy.o(.text)
    strlen                                   0x0800084d   Thumb Code    62  strlen.o(.text)
    strncmp                                  0x0800088b   Thumb Code   150  strncmp.o(.text)
    __aeabi_memcpy                           0x08000921   Thumb Code     0  rt_memcpy_v6.o(.text)
    __rt_memcpy                              0x08000921   Thumb Code   138  rt_memcpy_v6.o(.text)
    _memcpy_lastbytes                        0x08000987   Thumb Code     0  rt_memcpy_v6.o(.text)
    __aeabi_memcpy4                          0x080009ab   Thumb Code     0  rt_memcpy_w.o(.text)
    __aeabi_memcpy8                          0x080009ab   Thumb Code     0  rt_memcpy_w.o(.text)
    __rt_memcpy_w                            0x080009ab   Thumb Code   100  rt_memcpy_w.o(.text)
    _memcpy_lastbytes_aligned                0x080009f3   Thumb Code     0  rt_memcpy_w.o(.text)
    memset                                   0x08000a0f   Thumb Code    22  memset.o(.text)
    __aeabi_memclr                           0x08000a25   Thumb Code     0  rt_memclr.o(.text)
    __rt_memclr                              0x08000a25   Thumb Code    68  rt_memclr.o(.text)
    _memset                                  0x08000a29   Thumb Code     0  rt_memclr.o(.text)
    __aeabi_memclr4                          0x08000a69   Thumb Code     0  rt_memclr_w.o(.text)
    __aeabi_memclr8                          0x08000a69   Thumb Code     0  rt_memclr_w.o(.text)
    __rt_memclr_w                            0x08000a69   Thumb Code    78  rt_memclr_w.o(.text)
    _memset_w                                0x08000a6d   Thumb Code     0  rt_memclr_w.o(.text)
    strcmp                                   0x08000ab9   Thumb Code   128  strcmpv7m.o(.text)
    __use_two_region_memory                  0x08000b39   Thumb Code     2  heapauxi.o(.text)
    __rt_heap_escrow                         0x08000b3b   Thumb Code     2  heapauxi.o(.text)
    __rt_heap_expand                         0x08000b3d   Thumb Code     2  heapauxi.o(.text)
    __rt_ctype_table                         0x08000b41   Thumb Code    16  rt_ctype_table.o(.text)
    __rt_heap_descriptor                     0x08000b51   Thumb Code     8  rt_heap_descriptor_intlibspace.o(.text)
    __use_no_heap                            0x08000b59   Thumb Code     2  hguard.o(.text)
    __heap$guard                             0x08000b5b   Thumb Code     2  hguard.o(.text)
    _terminate_user_alloc                    0x08000b5d   Thumb Code     2  init_alloc.o(.text)
    _init_user_alloc                         0x08000b5f   Thumb Code     2  init_alloc.o(.text)
    __Heap_Full                              0x08000b61   Thumb Code    34  init_alloc.o(.text)
    __Heap_Broken                            0x08000b83   Thumb Code     6  init_alloc.o(.text)
    _init_alloc                              0x08000b89   Thumb Code    94  init_alloc.o(.text)
    __Heap_Initialize                        0x08000be7   Thumb Code    10  h1_init.o(.text)
    __Heap_DescSize                          0x08000bf1   Thumb Code     4  h1_init.o(.text)
    _printf_int_common                       0x08000bf5   Thumb Code   178  _printf_intcommon.o(.text)
    _printf_char_common                      0x08000cb3   Thumb Code    32  _printf_char_common.o(.text)
    _sputc                                   0x08000cd9   Thumb Code    10  _sputc.o(.text)
    _printf_cs_common                        0x08000ce3   Thumb Code    20  _printf_char.o(.text)
    _printf_char                             0x08000cf7   Thumb Code    16  _printf_char.o(.text)
    _printf_string                           0x08000d07   Thumb Code     8  _printf_char.o(.text)
    _printf_char_file                        0x08000d11   Thumb Code    32  _printf_char_file.o(.text)
    _sgetc                                   0x08000d35   Thumb Code    30  _sgetc.o(.text)
    _sbackspace                              0x08000d53   Thumb Code    34  _sgetc.o(.text)
    __strtod_int                             0x08000db1   Thumb Code    90  strtod.o(.text)
    __user_libspace                          0x08000e19   Thumb Code     8  libspace.o(.text)
    __user_perproc_libspace                  0x08000e19   Thumb Code     0  libspace.o(.text)
    __user_perthread_libspace                0x08000e19   Thumb Code     0  libspace.o(.text)
    __rt_locale                              0x08000e21   Thumb Code     8  rt_locale_intlibspace.o(.text)
    __Heap_ProvideMemory                     0x08000e29   Thumb Code    52  h1_extend.o(.text)
    isspace                                  0x08000e5d   Thumb Code    18  isspace.o(.text)
    _chval                                   0x08000e6f   Thumb Code    28  _chval.o(.text)
    _scanf_really_real                       0x080010d9   Thumb Code   684  scanf_fp.o(.text)
    ferror                                   0x08001385   Thumb Code     8  ferror.o(.text)
    __rt_SIGRTMEM                            0x0800138d   Thumb Code    14  defsig_rtmem_outer.o(.text)
    __user_setup_stackheap                   0x0800139b   Thumb Code    74  sys_stackheap_outer.o(.text)
    __aeabi_errno_addr                       0x080013e5   Thumb Code     8  rt_errno_addr_intlibspace.o(.text)
    __errno$intlibspace                      0x080013e5   Thumb Code     0  rt_errno_addr_intlibspace.o(.text)
    __rt_errno_addr$intlibspace              0x080013e5   Thumb Code     0  rt_errno_addr_intlibspace.o(.text)
    _btod_etento                             0x080013ed   Thumb Code   224  bigflt0.o(.text)
    exit                                     0x080014d1   Thumb Code    18  exit.o(.text)
    __sig_exit                               0x080014e3   Thumb Code    10  defsig_exit.o(.text)
    __rt_SIGRTMEM_inner                      0x080014ed   Thumb Code    22  defsig_rtmem_inner.o(.text)
    __read_errno                             0x0800153d   Thumb Code    10  _rserrno.o(.text)
    __set_errno                              0x08001547   Thumb Code    12  _rserrno.o(.text)
    _scanf_really_hex_real                   0x08001555   Thumb Code   786  scanf_hexfp.o(.text)
    _scanf_really_infnan                     0x08001875   Thumb Code   292  scanf_infnan.o(.text)
    __default_signal_display                 0x080019a9   Thumb Code    50  defsig_general.o(.text)
    __aeabi_llsl                             0x080019db   Thumb Code     0  llshl.o(.text)
    _ll_shift_l                              0x080019db   Thumb Code    38  llshl.o(.text)
    __btod_div_common                        0x08001a01   Thumb Code   696  btod.o(CL$$btod_div_common)
    _e2d                                     0x08001d39   Thumb Code   122  btod.o(CL$$btod_e2d)
    _e2e                                     0x08001dbd   Thumb Code   220  btod.o(CL$$btod_e2e)
    _btod_ediv                               0x08001e99   Thumb Code    42  btod.o(CL$$btod_ediv)
    _btod_edivd                              0x08001ec3   Thumb Code    42  btod.o(CL$$btod_edivd)
    _btod_emul                               0x08001eed   Thumb Code    42  btod.o(CL$$btod_emul)
    _btod_emuld                              0x08001f17   Thumb Code    42  btod.o(CL$$btod_emuld)
    __btod_mult_common                       0x08001f41   Thumb Code   580  btod.o(CL$$btod_mult_common)
    AddKeyCard                               0x08002185   Thumb Code   424  bluetooth.o(i.AddKeyCard)
    Add_FR                                   0x08002365   Thumb Code  1100  as608.o(i.Add_FR)
    AntennaOn                                0x080027dd   Thumb Code    26  mfrc522.o(i.AntennaOn)
    BLE_Config                               0x080027f9   Thumb Code    40  bluetooth.o(i.BLE_Config)
    Beep_Config                              0x08002841   Thumb Code    50  beep.o(i.Beep_Config)
    BlueRecvProcessing                       0x08002879   Thumb Code   590  bluetooth.o(i.BlueRecvProcessing)
    BusFault_Handler                         0x08002b25   Thumb Code     4  stm32f4xx_it.o(i.BusFault_Handler)
    ClearBitMask                             0x08002b29   Thumb Code    28  mfrc522.o(i.ClearBitMask)
    DebugMon_Handler                         0x08002b45   Thumb Code     2  stm32f4xx_it.o(i.DebugMon_Handler)
    DelKeyCard                               0x08002b49   Thumb Code   478  bluetooth.o(i.DelKeyCard)
    Del_FR                                   0x08002d41   Thumb Code   574  as608.o(i.Del_FR)
    Delay1_us                                0x08002f9d   Thumb Code    30  mfrc522.o(i.Delay1_us)
    EnsureMessage                            0x08002fbd   Thumb Code  1572  as608.o(i.EnsureMessage)
    Esp8266_Init                             0x080035e9   Thumb Code   286  esp8266.o(i.Esp8266_Init)
    GPIO_Init                                0x08003855   Thumb Code   144  stm32f4xx_gpio.o(i.GPIO_Init)
    GPIO_PinAFConfig                         0x080038e5   Thumb Code    70  stm32f4xx_gpio.o(i.GPIO_PinAFConfig)
    GPIO_ReadInputDataBit                    0x0800392b   Thumb Code    18  stm32f4xx_gpio.o(i.GPIO_ReadInputDataBit)
    GPIO_ResetBits                           0x0800393d   Thumb Code     4  stm32f4xx_gpio.o(i.GPIO_ResetBits)
    GPIO_SetBits                             0x08003941   Thumb Code     4  stm32f4xx_gpio.o(i.GPIO_SetBits)
    HardFault_Handler                        0x08003945   Thumb Code     4  stm32f4xx_it.o(i.HardFault_Handler)
    IIC_Start                                0x080039a5   Thumb Code    62  oled.o(i.IIC_Start)
    IIC_Stop                                 0x080039e9   Thumb Code    62  oled.o(i.IIC_Stop)
    IIC_Wait_Ack                             0x08003a2d   Thumb Code    76  oled.o(i.IIC_Wait_Ack)
    Key_Init                                 0x08003b05   Thumb Code    86  key.o(i.Key_Init)
    MFRC522_Anticoll                         0x08003b61   Thumb Code    98  mfrc522.o(i.MFRC522_Anticoll)
    MFRC522_Initializtion                    0x08003bc3   Thumb Code    72  mfrc522.o(i.MFRC522_Initializtion)
    MFRC522_Request                          0x08003c0b   Thumb Code    50  mfrc522.o(i.MFRC522_Request)
    MFRC522_Reset                            0x08003c3d   Thumb Code    54  mfrc522.o(i.MFRC522_Reset)
    MFRC522_ToCard                           0x08003c79   Thumb Code   314  mfrc522.o(i.MFRC522_ToCard)
    MemManage_Handler                        0x08003dd1   Thumb Code     4  stm32f4xx_it.o(i.MemManage_Handler)
    ModPwd                                   0x08003dd5   Thumb Code   476  bluetooth.o(i.ModPwd)
    Mqtt_Connect_Aliyun                      0x08003fc9   Thumb Code   246  mqtt.o(i.Mqtt_Connect_Aliyun)
    NMI_Handler                              0x080042d1   Thumb Code     2  stm32f4xx_it.o(i.NMI_Handler)
    NVIC_Init                                0x080042d5   Thumb Code   106  misc.o(i.NVIC_Init)
    NVIC_PriorityGroupConfig                 0x0800434d   Thumb Code    10  misc.o(i.NVIC_PriorityGroupConfig)
    OLED_Clear                               0x08004361   Thumb Code    62  oled.o(i.OLED_Clear)
    OLED_DrawBMP                             0x0800439f   Thumb Code   118  oled.o(i.OLED_DrawBMP)
    OLED_Init                                0x08004415   Thumb Code   282  oled.o(i.OLED_Init)
    OLED_Set_Pos                             0x08004535   Thumb Code    40  oled.o(i.OLED_Set_Pos)
    OLED_ShowCHinese                         0x0800455d   Thumb Code    98  oled.o(i.OLED_ShowCHinese)
    OLED_ShowChar                            0x080045c5   Thumb Code   154  oled.o(i.OLED_ShowChar)
    OLED_ShowNum                             0x08004669   Thumb Code   136  oled.o(i.OLED_ShowNum)
    OLED_ShowString                          0x080046f1   Thumb Code    58  oled.o(i.OLED_ShowString)
    OLED_WR_Byte                             0x0800472b   Thumb Code    24  oled.o(i.OLED_WR_Byte)
    PS_DeletChar                             0x08004743   Thumb Code   108  as608.o(i.PS_DeletChar)
    PS_Empty                                 0x080047af   Thumb Code    58  as608.o(i.PS_Empty)
    PS_GenChar                               0x080047e9   Thumb Code    70  as608.o(i.PS_GenChar)
    PS_GetImage                              0x0800482f   Thumb Code    58  as608.o(i.PS_GetImage)
    PS_HighSpeedSearch                       0x08004869   Thumb Code   144  as608.o(i.PS_HighSpeedSearch)
    PS_Match                                 0x080048f9   Thumb Code    58  as608.o(i.PS_Match)
    PS_RegModel                              0x08004933   Thumb Code    58  as608.o(i.PS_RegModel)
    PS_StoreChar                             0x0800496d   Thumb Code    96  as608.o(i.PS_StoreChar)
    PasswordInput                            0x080049cd   Thumb Code   748  main.o(i.PasswordInput)
    PendSV_Handler                           0x08004cdd   Thumb Code     2  stm32f4xx_it.o(i.PendSV_Handler)
    RCC_AHB1PeriphClockCmd                   0x08004ce1   Thumb Code    26  stm32f4xx_rcc.o(i.RCC_AHB1PeriphClockCmd)
    RCC_APB1PeriphClockCmd                   0x08004d01   Thumb Code    26  stm32f4xx_rcc.o(i.RCC_APB1PeriphClockCmd)
    RCC_APB2PeriphClockCmd                   0x08004d21   Thumb Code    26  stm32f4xx_rcc.o(i.RCC_APB2PeriphClockCmd)
    RCC_GetClocksFreq                        0x08004d41   Thumb Code   214  stm32f4xx_rcc.o(i.RCC_GetClocksFreq)
    ReadCardOpen                             0x08004e29   Thumb Code   710  main.o(i.ReadCardOpen)
    Read_MFRC522                             0x08005125   Thumb Code    50  mfrc522.o(i.Read_MFRC522)
    Relay_Config                             0x0800515d   Thumb Code    50  relay.o(i.Relay_Config)
    SPI_SendByte                             0x08005195   Thumb Code   118  mfrc522.o(i.SPI_SendByte)
    STM32_SPI3_Init                          0x08005211   Thumb Code   112  mfrc522.o(i.STM32_SPI3_Init)
    SVC_Handler                              0x08005285   Thumb Code     2  stm32f4xx_it.o(i.SVC_Handler)
    SetBitMask                               0x0800530b   Thumb Code    28  mfrc522.o(i.SetBitMask)
    ShowErrMessage                           0x08005415   Thumb Code    12  as608.o(i.ShowErrMessage)
    SystemInit                               0x08005421   Thumb Code    88  system_stm32f4xx.o(i.SystemInit)
    TIM2_IRQHandler                          0x08005489   Thumb Code    48  timer.o(i.TIM2_IRQHandler)
    TIM2_init                                0x080054bd   Thumb Code    94  timer.o(i.TIM2_init)
    TIM7_IRQHandler                          0x0800551d   Thumb Code    42  timer.o(i.TIM7_IRQHandler)
    TIM7_Int_Init                            0x08005551   Thumb Code    86  timer.o(i.TIM7_Int_Init)
    TIM_ClearITPendingBit                    0x080055ad   Thumb Code     6  stm32f4xx_tim.o(i.TIM_ClearITPendingBit)
    TIM_Cmd                                  0x080055b3   Thumb Code    24  stm32f4xx_tim.o(i.TIM_Cmd)
    TIM_GetITStatus                          0x080055cb   Thumb Code    34  stm32f4xx_tim.o(i.TIM_GetITStatus)
    TIM_ITConfig                             0x080055ed   Thumb Code    18  stm32f4xx_tim.o(i.TIM_ITConfig)
    TIM_SetCounter                           0x080055ff   Thumb Code     4  stm32f4xx_tim.o(i.TIM_SetCounter)
    TIM_TimeBaseInit                         0x08005605   Thumb Code   104  stm32f4xx_tim.o(i.TIM_TimeBaseInit)
    UART4_Config                             0x08005689   Thumb Code   166  usart.o(i.UART4_Config)
    UART4_IRQHandler                         0x08005739   Thumb Code    74  usart.o(i.UART4_IRQHandler)
    USART1_Config                            0x08005799   Thumb Code   166  usart.o(i.USART1_Config)
    USART1_IRQHandler                        0x08005849   Thumb Code    36  usart.o(i.USART1_IRQHandler)
    USART2_Config                            0x08005871   Thumb Code   188  usart.o(i.USART2_Config)
    USART2_IRQHandler                        0x0800593d   Thumb Code    94  usart.o(i.USART2_IRQHandler)
    USART3_Config                            0x080059ad   Thumb Code   166  usart.o(i.USART3_Config)
    USART3_IRQHandler                        0x08005a5d   Thumb Code    68  bluetooth.o(i.USART3_IRQHandler)
    USART_ClearFlag                          0x08005ab1   Thumb Code    18  stm32f4xx_usart.o(i.USART_ClearFlag)
    USART_ClearITPendingBit                  0x08005ac3   Thumb Code    30  stm32f4xx_usart.o(i.USART_ClearITPendingBit)
    USART_Cmd                                0x08005ae1   Thumb Code    24  stm32f4xx_usart.o(i.USART_Cmd)
    USART_GetFlagStatus                      0x08005af9   Thumb Code    26  stm32f4xx_usart.o(i.USART_GetFlagStatus)
    USART_GetITStatus                        0x08005b13   Thumb Code    84  stm32f4xx_usart.o(i.USART_GetITStatus)
    USART_ITConfig                           0x08005b67   Thumb Code    74  stm32f4xx_usart.o(i.USART_ITConfig)
    USART_Init                               0x08005bb1   Thumb Code   204  stm32f4xx_usart.o(i.USART_Init)
    USART_ReceiveData                        0x08005c85   Thumb Code    10  stm32f4xx_usart.o(i.USART_ReceiveData)
    USART_SendData                           0x08005c8f   Thumb Code     8  stm32f4xx_usart.o(i.USART_SendData)
    UsageFault_Handler                       0x08005c97   Thumb Code     4  stm32f4xx_it.o(i.UsageFault_Handler)
    Usart_SendByte                           0x08005c9b   Thumb Code    30  usart.o(i.Usart_SendByte)
    Usart_SendBytes                          0x08005cb9   Thumb Code    58  usart.o(i.Usart_SendBytes)
    Usart_SendString                         0x08005cf3   Thumb Code    50  usart.o(i.Usart_SendString)
    Write_IIC_Byte                           0x08005d25   Thumb Code   116  oled.o(i.Write_IIC_Byte)
    Write_IIC_Command                        0x08005d9d   Thumb Code    44  oled.o(i.Write_IIC_Command)
    Write_IIC_Data                           0x08005dc9   Thumb Code    44  oled.o(i.Write_IIC_Data)
    Write_MFRC522                            0x08005df5   Thumb Code    44  mfrc522.o(i.Write_MFRC522)
    __hardfp___mathlib_tofloat               0x08005e29   Thumb Code   232  narrow.o(i.__hardfp___mathlib_tofloat)
    __hardfp_ldexp                           0x08005f21   Thumb Code   200  ldexp.o(i.__hardfp_ldexp)
    __mathlib_dbl_overflow                   0x08005ff1   Thumb Code    24  dunder.o(i.__mathlib_dbl_overflow)
    __mathlib_dbl_underflow                  0x08006011   Thumb Code    24  dunder.o(i.__mathlib_dbl_underflow)
    __mathlib_narrow                         0x08006031   Thumb Code    18  narrow.o(i.__mathlib_narrow)
    __support_ldexp                          0x08006043   Thumb Code    20  ldexp.o(i.__support_ldexp)
    _is_digit                                0x08006057   Thumb Code    14  __printf_wp.o(i._is_digit)
    _sys_exit                                0x08006065   Thumb Code     2  usart.o(i._sys_exit)
    _ttywrch                                 0x08006067   Thumb Code     6  usart.o(i._ttywrch)
    cJSON_Delete                             0x080060b5   Thumb Code    84  cjson.o(i.cJSON_Delete)
    cJSON_GetErrorPtr                        0x0800610d   Thumb Code    12  cjson.o(i.cJSON_GetErrorPtr)
    cJSON_GetObjectItem                      0x0800611d   Thumb Code    18  cjson.o(i.cJSON_GetObjectItem)
    cJSON_Parse                              0x0800614b   Thumb Code    16  cjson.o(i.cJSON_Parse)
    cJSON_ParseWithLengthOpts                0x0800615d   Thumb Code   204  cjson.o(i.cJSON_ParseWithLengthOpts)
    cJSON_ParseWithOpts                      0x08006231   Thumb Code    40  cjson.o(i.cJSON_ParseWithOpts)
    delay_ms                                 0x080062a1   Thumb Code    60  delay.o(i.delay_ms)
    delay_us                                 0x080062dd   Thumb Code    54  delay.o(i.delay_us)
    esp8266_check                            0x08006315   Thumb Code    30  esp8266.o(i.esp8266_check)
    esp8266_check_connection_status          0x08006341   Thumb Code    42  esp8266.o(i.esp8266_check_connection_status)
    esp8266_connect_ap                       0x0800638d   Thumb Code   128  esp8266.o(i.esp8266_connect_ap)
    esp8266_connect_server                   0x0800645d   Thumb Code   130  esp8266.o(i.esp8266_connect_server)
    esp8266_enable_echo                      0x0800650d   Thumb Code    42  esp8266.o(i.esp8266_enable_echo)
    esp8266_entry_transparent_transmission   0x0800654d   Thumb Code    92  esp8266.o(i.esp8266_entry_transparent_transmission)
    esp8266_exit_transparent_transmission    0x080065d1   Thumb Code    24  esp8266.o(i.esp8266_exit_transparent_transmission)
    esp8266_find_str_in_rx_packet            0x080065f1   Thumb Code    50  esp8266.o(i.esp8266_find_str_in_rx_packet)
    esp8266_reset                            0x08006629   Thumb Code    30  esp8266.o(i.esp8266_reset)
    esp8266_send_at                          0x08006659   Thumb Code    30  esp8266.o(i.esp8266_send_at)
    esp8266_send_bytes                       0x08006685   Thumb Code    18  esp8266.o(i.esp8266_send_bytes)
    fputc                                    0x0800669d   Thumb Code    32  usart.o(i.fputc)
    frexp                                    0x080066c1   Thumb Code   118  frexp.o(i.frexp)
    get_key                                  0x08006751   Thumb Code  1188  key.o(i.get_key)
    main                                     0x08006c59   Thumb Code   186  main.o(i.main)
    mqtt_cjson_parse                         0x08006d4d   Thumb Code   408  mqtt.o(i.mqtt_cjson_parse)
    mqtt_connect                             0x08006f49   Thumb Code   656  mqtt.o(i.mqtt_connect)
    mqtt_msg_handle                          0x080072b5   Thumb Code    68  mqtt.o(i.mqtt_msg_handle)
    mqtt_publish_data                        0x08007305   Thumb Code   286  mqtt.o(i.mqtt_publish_data)
    mqtt_report_devices_status               0x0800742d   Thumb Code    50  mqtt.o(i.mqtt_report_devices_status)
    mqtt_send_bytes                          0x080074dd   Thumb Code    16  mqtt.o(i.mqtt_send_bytes)
    mqtt_send_heart                          0x080074ed   Thumb Code    26  mqtt.o(i.mqtt_send_heart)
    mqtt_subscribe_topic                     0x08007521   Thumb Code   418  mqtt.o(i.mqtt_subscribe_topic)
    oled_pow                                 0x08007745   Thumb Code    22  oled.o(i.oled_pow)
    press_FR                                 0x08007e09   Thumb Code   596  as608.o(i.press_FR)
    strtod                                   0x080080c1   Thumb Code    34  strtod.o(i.strtod)
    _get_lc_ctype                            0x0800821d   Thumb Code    44  lc_ctype_c.o(locale$$code)
    _get_lc_numeric                          0x08008249   Thumb Code    44  lc_numeric_c.o(locale$$code)
    __aeabi_d2f                              0x08008275   Thumb Code     0  d2f.o(x$fpl$d2f)
    _d2f                                     0x08008275   Thumb Code    98  d2f.o(x$fpl$d2f)
    __fpl_dcheck_NaN1                        0x080082d9   Thumb Code    10  dcheck1.o(x$fpl$dcheck1)
    __fpl_dcmp_Inf                           0x080082e9   Thumb Code    24  dcmpi.o(x$fpl$dcmpinf)
    __aeabi_cdcmpeq                          0x08008301   Thumb Code     0  deqf.o(x$fpl$deqf)
    _dcmpeq                                  0x08008301   Thumb Code   120  deqf.o(x$fpl$deqf)
    __aeabi_d2iz                             0x08008379   Thumb Code     0  dfix.o(x$fpl$dfix)
    _dfix                                    0x08008379   Thumb Code    94  dfix.o(x$fpl$dfix)
    __aeabi_cdcmple                          0x080083d9   Thumb Code     0  dleqf.o(x$fpl$dleqf)
    _dcmple                                  0x080083d9   Thumb Code   120  dleqf.o(x$fpl$dleqf)
    __fpl_dcmple_InfNaN                      0x0800843b   Thumb Code     0  dleqf.o(x$fpl$dleqf)
    __aeabi_dmul                             0x08008451   Thumb Code     0  dmul.o(x$fpl$dmul)
    _dmul                                    0x08008451   Thumb Code   332  dmul.o(x$fpl$dmul)
    __fpl_dnaninf                            0x080085a5   Thumb Code   156  dnaninf.o(x$fpl$dnaninf)
    __fpl_dretinf                            0x08008641   Thumb Code    12  dretinf.o(x$fpl$dretinf)
    __aeabi_cdrcmple                         0x0800864d   Thumb Code     0  drleqf.o(x$fpl$drleqf)
    _drcmple                                 0x0800864d   Thumb Code   108  drleqf.o(x$fpl$drleqf)
    _fp_init                                 0x080086b9   Thumb Code    10  fpinit.o(x$fpl$fpinit)
    __fplib_config_fpu_vfp                   0x080086c1   Thumb Code     0  fpinit.o(x$fpl$fpinit)
    __fplib_config_pureend_doubles           0x080086c1   Thumb Code     0  fpinit.o(x$fpl$fpinit)
    __fpl_fretinf                            0x080086c3   Thumb Code    10  fretinf.o(x$fpl$fretinf)
    __ieee_status                            0x080086cd   Thumb Code     6  istatus.o(x$fpl$ieeestatus)
    __fpl_return_NaN                         0x080086d3   Thumb Code   100  retnan.o(x$fpl$retnan)
    __ARM_scalbn                             0x08008737   Thumb Code    92  scalbn.o(x$fpl$scalbn)
    _scanf_real                              0x08008793   Thumb Code     4  scanf1.o(x$fpl$scanf1)
    _scanf_hex_real                          0x08008797   Thumb Code     4  scanf2.o(x$fpl$scanf2)
    _scanf_infnan                            0x0800879b   Thumb Code     4  scanf2.o(x$fpl$scanf2)
    __fpl_cmpreturn                          0x0800879f   Thumb Code    48  trapv.o(x$fpl$trapveneer)
    F6x8                                     0x080087ce   Data         552  oled.o(.constdata)
    __I$use$fp                               0x080087ce   Number         0  usenofp.o(x$fpl$usenofp)
    F8X16                                    0x080089f6   Data        1520  oled.o(.constdata)
    Region$$Table$$Base                      0x080092d0   Number         0  anon$$obj.o(Region$$Table)
    Region$$Table$$Limit                     0x080092f0   Number         0  anon$$obj.o(Region$$Table)
    __aeabi_HUGE_VAL                         0x080092f0   Data           0  fpconst.o(c$$dinf)
    __aeabi_HUGE_VALL                        0x080092f0   Data           0  fpconst.o(c$$dinf)
    __aeabi_INFINITY                         0x080092f0   Data           0  fpconst.o(c$$dinf)
    __dInf                                   0x080092f0   Data           0  fpconst.o(c$$dinf)
    __huge_val                               0x080092f0   Data           0  fpconst.o(c$$dinf)
    __dbl_max                                0x080092f8   Data           0  fpconst.o(c$$dmax)
    __ctype                                  0x0800930d   Data           0  lc_ctype_c.o(locale$$data)
    pwd_buf                                  0x20000015   Data          16  bluetooth.o(.data)
    pwd_count                                0x20000028   Data           4  bluetooth.o(.data)
    card_cnt                                 0x2000002c   Data           1  bluetooth.o(.data)
    Hzk                                      0x2000002d   Data        8192  oled.o(.data)
    USART2_RX_STA                            0x20002030   Data           2  usart.o(.data)
    Rx1Counter                               0x20002032   Data           1  usart.o(.data)
    Rx1Data                                  0x20002033   Data           1  usart.o(.data)
    Rx4Counter                               0x20002034   Data           4  usart.o(.data)
    Rx4Data                                  0x20002038   Data           1  usart.o(.data)
    Rx4End                                   0x20002039   Data           1  usart.o(.data)
    __stdout                                 0x2000203c   Data           4  usart.o(.data)
    __stdin                                  0x20002040   Data           4  usart.o(.data)
    KeyState                                 0x20002044   Data           1  key.o(.data)
    keyflag1                                 0x20002045   Data           1  key.o(.data)
    keyflag2                                 0x20002046   Data           1  key.o(.data)
    keyflag3                                 0x20002047   Data           1  key.o(.data)
    keyflag4                                 0x20002048   Data           1  key.o(.data)
    keyflag5                                 0x20002049   Data           1  key.o(.data)
    keyflag6                                 0x2000204a   Data           1  key.o(.data)
    keyflag7                                 0x2000204b   Data           1  key.o(.data)
    keyflag8                                 0x2000204c   Data           1  key.o(.data)
    keyflag9                                 0x2000204d   Data           1  key.o(.data)
    keyflag10                                0x2000204e   Data           1  key.o(.data)
    keyflag11                                0x2000204f   Data           1  key.o(.data)
    keyflag12                                0x20002050   Data           1  key.o(.data)
    keyflag13                                0x20002051   Data           1  key.o(.data)
    keyflag14                                0x20002052   Data           1  key.o(.data)
    keyflag15                                0x20002053   Data           1  key.o(.data)
    keyflag16                                0x20002054   Data           1  key.o(.data)
    AS608Addr                                0x20002058   Data           4  as608.o(.data)
    str2                                     0x2000205c   Data           6  as608.o(.data)
    key_num                                  0x20002064   Data           1  timer.o(.data)
    i                                        0x20002068   Data           4  timer.o(.data)
    esp8266_transparent_transmission_sta     0x2000206c   Data           4  esp8266.o(.data)
    mqtt_tx_len                              0x20002070   Data           4  mqtt.o(.data)
    BMP1                                     0x20002088   Data         210  main.o(.data)
    PwdIn_cnt                                0x2000215c   Data           4  main.o(.data)
    PwdAlarmLimit                            0x20002160   Data           1  main.o(.data)
    status                                   0x20002161   Data           1  main.o(.data)
    card_pydebuf                             0x20002162   Data           2  main.o(.data)
    card_numberbuf                           0x20002164   Data           5  main.o(.data)
    opencount                                0x2000216c   Data           4  main.o(.data)
    alarmcount                               0x20002170   Data           4  main.o(.data)
    card_id                                  0x20002274   Data        1000  bluetooth.o(.bss)
    USART2_RX_BUF                            0x2000265c   Data         400  usart.o(.bss)
    USART2_TX_BUF                            0x200027ec   Data         400  usart.o(.bss)
    Rx1Buffer                                0x2000297c   Data         256  usart.o(.bss)
    Tx4Buffer                                0x20002a7c   Data         512  usart.o(.bss)
    Rx4Buffer                                0x20002c7c   Data         512  usart.o(.bss)
    mqtt_post_msg                            0x20002e7c   Data         526  mqtt.o(.bss)
    PwdIn_Buf                                0x2000308a   Data          16  main.o(.bss)
    __libspace_start                         0x2000309c   Data          96  libspace.o(.bss)
    __temporary_stack_top$libspace           0x200030fc   Data           0  libspace.o(.bss)



==============================================================================

Memory Map of the image

  Image Entry point : 0x08000189

  Load Region LR_IROM1 (Base: 0x08000000, Size: 0x0000b5a0, Max: 0x00100000, ABSOLUTE, COMPRESSED[0x0000a194])

    Execution Region ER_IROM1 (Exec base: 0x08000000, Load base: 0x08000000, Size: 0x0000942c, Max: 0x00100000, ABSOLUTE)

    Exec Addr    Load Addr    Size         Type   Attr      Idx    E Section Name        Object

    0x08000000   0x08000000   0x00000188   Data   RO            3    RESET               startup_stm32f40_41xxx.o
    0x08000188   0x08000188   0x00000008   Code   RO         3643  * !!!main             c_w.l(__main.o)
    0x08000190   0x08000190   0x00000034   Code   RO         4117    !!!scatter          c_w.l(__scatter.o)
    0x080001c4   0x080001c4   0x00000064   Code   RO         4115    !!dclz77c           c_w.l(__dclz77c.o)
    0x08000228   0x08000228   0x0000001c   Code   RO         4119    !!handler_zi        c_w.l(__scatter_zi.o)
    0x08000244   0x08000244   0x00000000   Code   RO         3616    .ARM.Collect$$_printf_percent$$00000000  c_w.l(_printf_percent.o)
    0x08000244   0x08000244   0x00000006   Code   RO         3615    .ARM.Collect$$_printf_percent$$00000009  c_w.l(_printf_d.o)
    0x0800024a   0x0800024a   0x00000006   Code   RO         3614    .ARM.Collect$$_printf_percent$$0000000C  c_w.l(_printf_x.o)
    0x08000250   0x08000250   0x00000006   Code   RO         3613    .ARM.Collect$$_printf_percent$$00000014  c_w.l(_printf_s.o)
    0x08000256   0x08000256   0x00000004   Code   RO         3746    .ARM.Collect$$_printf_percent$$00000017  c_w.l(_printf_percent_end.o)
    0x0800025a   0x0800025a   0x00000002   Code   RO         3973    .ARM.Collect$$libinit$$00000000  c_w.l(libinit.o)
    0x0800025c   0x0800025c   0x00000004   Code   RO         3776    .ARM.Collect$$libinit$$00000001  c_w.l(libinit2.o)
    0x08000260   0x08000260   0x00000000   Code   RO         3779    .ARM.Collect$$libinit$$00000004  c_w.l(libinit2.o)
    0x08000260   0x08000260   0x00000008   Code   RO         3780    .ARM.Collect$$libinit$$00000005  c_w.l(libinit2.o)
    0x08000268   0x08000268   0x00000000   Code   RO         3782    .ARM.Collect$$libinit$$0000000A  c_w.l(libinit2.o)
    0x08000268   0x08000268   0x00000000   Code   RO         3784    .ARM.Collect$$libinit$$0000000C  c_w.l(libinit2.o)
    0x08000268   0x08000268   0x00000000   Code   RO         3786    .ARM.Collect$$libinit$$0000000E  c_w.l(libinit2.o)
    0x08000268   0x08000268   0x00000006   Code   RO         3787    .ARM.Collect$$libinit$$0000000F  c_w.l(libinit2.o)
    0x0800026e   0x0800026e   0x00000000   Code   RO         3789    .ARM.Collect$$libinit$$00000011  c_w.l(libinit2.o)
    0x0800026e   0x0800026e   0x0000000c   Code   RO         3790    .ARM.Collect$$libinit$$00000012  c_w.l(libinit2.o)
    0x0800027a   0x0800027a   0x00000000   Code   RO         3791    .ARM.Collect$$libinit$$00000013  c_w.l(libinit2.o)
    0x0800027a   0x0800027a   0x00000000   Code   RO         3793    .ARM.Collect$$libinit$$00000015  c_w.l(libinit2.o)
    0x0800027a   0x0800027a   0x0000000a   Code   RO         3794    .ARM.Collect$$libinit$$00000016  c_w.l(libinit2.o)
    0x08000284   0x08000284   0x00000000   Code   RO         3795    .ARM.Collect$$libinit$$00000017  c_w.l(libinit2.o)
    0x08000284   0x08000284   0x00000000   Code   RO         3797    .ARM.Collect$$libinit$$00000019  c_w.l(libinit2.o)
    0x08000284   0x08000284   0x00000000   Code   RO         3799    .ARM.Collect$$libinit$$0000001B  c_w.l(libinit2.o)
    0x08000284   0x08000284   0x00000000   Code   RO         3801    .ARM.Collect$$libinit$$0000001D  c_w.l(libinit2.o)
    0x08000284   0x08000284   0x00000000   Code   RO         3803    .ARM.Collect$$libinit$$0000001F  c_w.l(libinit2.o)
    0x08000284   0x08000284   0x00000000   Code   RO         3805    .ARM.Collect$$libinit$$00000021  c_w.l(libinit2.o)
    0x08000284   0x08000284   0x00000000   Code   RO         3807    .ARM.Collect$$libinit$$00000023  c_w.l(libinit2.o)
    0x08000284   0x08000284   0x00000000   Code   RO         3809    .ARM.Collect$$libinit$$00000025  c_w.l(libinit2.o)
    0x08000284   0x08000284   0x00000000   Code   RO         3813    .ARM.Collect$$libinit$$0000002C  c_w.l(libinit2.o)
    0x08000284   0x08000284   0x00000000   Code   RO         3815    .ARM.Collect$$libinit$$0000002E  c_w.l(libinit2.o)
    0x08000284   0x08000284   0x00000000   Code   RO         3817    .ARM.Collect$$libinit$$00000030  c_w.l(libinit2.o)
    0x08000284   0x08000284   0x00000000   Code   RO         3819    .ARM.Collect$$libinit$$00000032  c_w.l(libinit2.o)
    0x08000284   0x08000284   0x00000002   Code   RO         3820    .ARM.Collect$$libinit$$00000033  c_w.l(libinit2.o)
    0x08000286   0x08000286   0x00000002   Code   RO         4085    .ARM.Collect$$libshutdown$$00000000  c_w.l(libshutdown.o)
    0x08000288   0x08000288   0x00000000   Code   RO         4013    .ARM.Collect$$libshutdown$$00000002  c_w.l(libshutdown2.o)
    0x08000288   0x08000288   0x00000000   Code   RO         4015    .ARM.Collect$$libshutdown$$00000004  c_w.l(libshutdown2.o)
    0x08000288   0x08000288   0x00000000   Code   RO         4018    .ARM.Collect$$libshutdown$$00000007  c_w.l(libshutdown2.o)
    0x08000288   0x08000288   0x00000000   Code   RO         4021    .ARM.Collect$$libshutdown$$0000000A  c_w.l(libshutdown2.o)
    0x08000288   0x08000288   0x00000000   Code   RO         4023    .ARM.Collect$$libshutdown$$0000000C  c_w.l(libshutdown2.o)
    0x08000288   0x08000288   0x00000000   Code   RO         4026    .ARM.Collect$$libshutdown$$0000000F  c_w.l(libshutdown2.o)
    0x08000288   0x08000288   0x00000002   Code   RO         4027    .ARM.Collect$$libshutdown$$00000010  c_w.l(libshutdown2.o)
    0x0800028a   0x0800028a   0x00000000   Code   RO         3683    .ARM.Collect$$rtentry$$00000000  c_w.l(__rtentry.o)
    0x0800028a   0x0800028a   0x00000000   Code   RO         3846    .ARM.Collect$$rtentry$$00000002  c_w.l(__rtentry2.o)
    0x0800028a   0x0800028a   0x00000006   Code   RO         3858    .ARM.Collect$$rtentry$$00000004  c_w.l(__rtentry4.o)
    0x08000290   0x08000290   0x00000000   Code   RO         3848    .ARM.Collect$$rtentry$$00000009  c_w.l(__rtentry2.o)
    0x08000290   0x08000290   0x00000004   Code   RO         3849    .ARM.Collect$$rtentry$$0000000A  c_w.l(__rtentry2.o)
    0x08000294   0x08000294   0x00000000   Code   RO         3851    .ARM.Collect$$rtentry$$0000000C  c_w.l(__rtentry2.o)
    0x08000294   0x08000294   0x00000008   Code   RO         3852    .ARM.Collect$$rtentry$$0000000D  c_w.l(__rtentry2.o)
    0x0800029c   0x0800029c   0x00000002   Code   RO         3996    .ARM.Collect$$rtexit$$00000000  c_w.l(rtexit.o)
    0x0800029e   0x0800029e   0x00000000   Code   RO         4039    .ARM.Collect$$rtexit$$00000002  c_w.l(rtexit2.o)
    0x0800029e   0x0800029e   0x00000004   Code   RO         4040    .ARM.Collect$$rtexit$$00000003  c_w.l(rtexit2.o)
    0x080002a2   0x080002a2   0x00000006   Code   RO         4041    .ARM.Collect$$rtexit$$00000004  c_w.l(rtexit2.o)
    0x080002a8   0x080002a8   0x00000000   Code   RO         3867    .emb_text           c_w.l(maybetermalloc1.o)
    0x080002a8   0x080002a8   0x00000040   Code   RO            4    .text               startup_stm32f40_41xxx.o
    0x080002e8   0x080002e8   0x00000002   Code   RO         3482    .text               c_w.l(use_no_semi.o)
    0x080002ea   0x080002ea   0x0000005e   Code   RO         3490    .text               c_w.l(h1_alloc.o)
    0x08000348   0x08000348   0x0000004e   Code   RO         3492    .text               c_w.l(h1_free.o)
    0x08000396   0x08000396   0x000000b8   Code   RO         3494    .text               c_w.l(h1_realloc.o)
    0x0800044e   0x0800044e   0x0000001a   Code   RO         3552    .text               c_w.l(tolower.o)
    0x08000468   0x08000468   0x00000018   Code   RO         3556    .text               c_w.l(__2printf.o)
    0x08000480   0x08000480   0x0000002c   Code   RO         3558    .text               c_w.l(__2sprintf.o)
    0x080004ac   0x080004ac   0x0000004e   Code   RO         3566    .text               c_w.l(_printf_pad.o)
    0x080004fa   0x080004fa   0x00000052   Code   RO         3568    .text               c_w.l(_printf_str.o)
    0x0800054c   0x0800054c   0x00000078   Code   RO         3570    .text               c_w.l(_printf_dec.o)
    0x080005c4   0x080005c4   0x00000094   Code   RO         3590    .text               c_w.l(_printf_hex_int_ll_ptr.o)
    0x08000658   0x08000658   0x00000188   Code   RO         3610    .text               c_w.l(__printf_flags_ss_wp.o)
    0x080007e0   0x080007e0   0x00000024   Code   RO         3619    .text               c_w.l(strstr.o)
    0x08000804   0x08000804   0x00000048   Code   RO         3621    .text               c_w.l(strcpy.o)
    0x0800084c   0x0800084c   0x0000003e   Code   RO         3623    .text               c_w.l(strlen.o)
    0x0800088a   0x0800088a   0x00000096   Code   RO         3625    .text               c_w.l(strncmp.o)
    0x08000920   0x08000920   0x0000008a   Code   RO         3627    .text               c_w.l(rt_memcpy_v6.o)
    0x080009aa   0x080009aa   0x00000064   Code   RO         3631    .text               c_w.l(rt_memcpy_w.o)
    0x08000a0e   0x08000a0e   0x00000016   Code   RO         3633    .text               c_w.l(memset.o)
    0x08000a24   0x08000a24   0x00000044   Code   RO         3635    .text               c_w.l(rt_memclr.o)
    0x08000a68   0x08000a68   0x0000004e   Code   RO         3637    .text               c_w.l(rt_memclr_w.o)
    0x08000ab6   0x08000ab6   0x00000002   PAD
    0x08000ab8   0x08000ab8   0x00000080   Code   RO         3639    .text               c_w.l(strcmpv7m.o)
    0x08000b38   0x08000b38   0x00000006   Code   RO         3641    .text               c_w.l(heapauxi.o)
    0x08000b3e   0x08000b3e   0x00000002   PAD
    0x08000b40   0x08000b40   0x00000010   Code   RO         3684    .text               c_w.l(rt_ctype_table.o)
    0x08000b50   0x08000b50   0x00000008   Code   RO         3689    .text               c_w.l(rt_heap_descriptor_intlibspace.o)
    0x08000b58   0x08000b58   0x00000004   Code   RO         3691    .text               c_w.l(hguard.o)
    0x08000b5c   0x08000b5c   0x0000008a   Code   RO         3693    .text               c_w.l(init_alloc.o)
    0x08000be6   0x08000be6   0x0000000e   Code   RO         3697    .text               c_w.l(h1_init.o)
    0x08000bf4   0x08000bf4   0x000000b2   Code   RO         3713    .text               c_w.l(_printf_intcommon.o)
    0x08000ca6   0x08000ca6   0x00000002   PAD
    0x08000ca8   0x08000ca8   0x00000030   Code   RO         3717    .text               c_w.l(_printf_char_common.o)
    0x08000cd8   0x08000cd8   0x0000000a   Code   RO         3719    .text               c_w.l(_sputc.o)
    0x08000ce2   0x08000ce2   0x0000002c   Code   RO         3721    .text               c_w.l(_printf_char.o)
    0x08000d0e   0x08000d0e   0x00000002   PAD
    0x08000d10   0x08000d10   0x00000024   Code   RO         3723    .text               c_w.l(_printf_char_file.o)
    0x08000d34   0x08000d34   0x00000040   Code   RO         3764    .text               c_w.l(_sgetc.o)
    0x08000d74   0x08000d74   0x000000a4   Code   RO         3766    .text               c_w.l(strtod.o)
    0x08000e18   0x08000e18   0x00000008   Code   RO         3842    .text               c_w.l(libspace.o)
    0x08000e20   0x08000e20   0x00000008   Code   RO         3863    .text               c_w.l(rt_locale_intlibspace.o)
    0x08000e28   0x08000e28   0x00000034   Code   RO         3869    .text               c_w.l(h1_extend.o)
    0x08000e5c   0x08000e5c   0x00000012   Code   RO         3875    .text               c_w.l(isspace.o)
    0x08000e6e   0x08000e6e   0x0000001c   Code   RO         3886    .text               c_w.l(_chval.o)
    0x08000e8a   0x08000e8a   0x00000002   PAD
    0x08000e8c   0x08000e8c   0x000004f8   Code   RO         3890    .text               c_w.l(scanf_fp.o)
    0x08001384   0x08001384   0x00000008   Code   RO         3894    .text               c_w.l(ferror.o)
    0x0800138c   0x0800138c   0x0000000e   Code   RO         3908    .text               c_w.l(defsig_rtmem_outer.o)
    0x0800139a   0x0800139a   0x0000004a   Code   RO         3920    .text               c_w.l(sys_stackheap_outer.o)
    0x080013e4   0x080013e4   0x00000008   Code   RO         3927    .text               c_w.l(rt_errno_addr_intlibspace.o)
    0x080013ec   0x080013ec   0x000000e4   Code   RO         3933    .text               c_w.l(bigflt0.o)
    0x080014d0   0x080014d0   0x00000012   Code   RO         3958    .text               c_w.l(exit.o)
    0x080014e2   0x080014e2   0x0000000a   Code   RO         3960    .text               c_w.l(defsig_exit.o)
    0x080014ec   0x080014ec   0x00000050   Code   RO         3962    .text               c_w.l(defsig_rtmem_inner.o)
    0x0800153c   0x0800153c   0x00000016   Code   RO         4002    .text               c_w.l(_rserrno.o)
    0x08001552   0x08001552   0x00000002   PAD
    0x08001554   0x08001554   0x00000320   Code   RO         4004    .text               c_w.l(scanf_hexfp.o)
    0x08001874   0x08001874   0x00000134   Code   RO         4006    .text               c_w.l(scanf_infnan.o)
    0x080019a8   0x080019a8   0x00000032   Code   RO         4010    .text               c_w.l(defsig_general.o)
    0x080019da   0x080019da   0x00000026   Code   RO         4045    .text               c_w.l(llshl.o)
    0x08001a00   0x08001a00   0x00000338   Code   RO         3946    CL$$btod_div_common  c_w.l(btod.o)
    0x08001d38   0x08001d38   0x00000084   Code   RO         3944    CL$$btod_e2d        c_w.l(btod.o)
    0x08001dbc   0x08001dbc   0x000000dc   Code   RO         3943    CL$$btod_e2e        c_w.l(btod.o)
    0x08001e98   0x08001e98   0x0000002a   Code   RO         3940    CL$$btod_ediv       c_w.l(btod.o)
    0x08001ec2   0x08001ec2   0x0000002a   Code   RO         3942    CL$$btod_edivd      c_w.l(btod.o)
    0x08001eec   0x08001eec   0x0000002a   Code   RO         3939    CL$$btod_emul       c_w.l(btod.o)
    0x08001f16   0x08001f16   0x0000002a   Code   RO         3941    CL$$btod_emuld      c_w.l(btod.o)
    0x08001f40   0x08001f40   0x00000244   Code   RO         3945    CL$$btod_mult_common  c_w.l(btod.o)
    0x08002184   0x08002184   0x000001e0   Code   RO         1654    i.AddKeyCard        bluetooth.o
    0x08002364   0x08002364   0x00000478   Code   RO         2134    i.Add_FR            as608.o
    0x080027dc   0x080027dc   0x0000001a   Code   RO         1512    i.AntennaOn         mfrc522.o
    0x080027f6   0x080027f6   0x00000002   PAD
    0x080027f8   0x080027f8   0x00000048   Code   RO         1655    i.BLE_Config        bluetooth.o
    0x08002840   0x08002840   0x00000038   Code   RO         1940    i.Beep_Config       beep.o
    0x08002878   0x08002878   0x000002ac   Code   RO         1656    i.BlueRecvProcessing  bluetooth.o
    0x08002b24   0x08002b24   0x00000004   Code   RO         3382    i.BusFault_Handler  stm32f4xx_it.o
    0x08002b28   0x08002b28   0x0000001c   Code   RO         1514    i.ClearBitMask      mfrc522.o
    0x08002b44   0x08002b44   0x00000002   Code   RO         3383    i.DebugMon_Handler  stm32f4xx_it.o
    0x08002b46   0x08002b46   0x00000002   PAD
    0x08002b48   0x08002b48   0x000001f8   Code   RO         1657    i.DelKeyCard        bluetooth.o
    0x08002d40   0x08002d40   0x0000025c   Code   RO         2135    i.Del_FR            as608.o
    0x08002f9c   0x08002f9c   0x0000001e   Code   RO         1515    i.Delay1_us         mfrc522.o
    0x08002fba   0x08002fba   0x00000002   PAD
    0x08002fbc   0x08002fbc   0x0000062c   Code   RO         2136    i.EnsureMessage     as608.o
    0x080035e8   0x080035e8   0x0000026c   Code   RO         2377    i.Esp8266_Init      esp8266.o
    0x08003854   0x08003854   0x00000090   Code   RO          496    i.GPIO_Init         stm32f4xx_gpio.o
    0x080038e4   0x080038e4   0x00000046   Code   RO          497    i.GPIO_PinAFConfig  stm32f4xx_gpio.o
    0x0800392a   0x0800392a   0x00000012   Code   RO          500    i.GPIO_ReadInputDataBit  stm32f4xx_gpio.o
    0x0800393c   0x0800393c   0x00000004   Code   RO          503    i.GPIO_ResetBits    stm32f4xx_gpio.o
    0x08003940   0x08003940   0x00000004   Code   RO          504    i.GPIO_SetBits      stm32f4xx_gpio.o
    0x08003944   0x08003944   0x00000004   Code   RO         3384    i.HardFault_Handler  stm32f4xx_it.o
    0x08003948   0x08003948   0x00000028   Code   RO         1776    i.IIC_SDASetInputMode  oled.o
    0x08003970   0x08003970   0x00000034   Code   RO         1777    i.IIC_SDASetOutputMode  oled.o
    0x080039a4   0x080039a4   0x00000044   Code   RO         1778    i.IIC_Start         oled.o
    0x080039e8   0x080039e8   0x00000044   Code   RO         1779    i.IIC_Stop          oled.o
    0x08003a2c   0x08003a2c   0x00000050   Code   RO         1780    i.IIC_Wait_Ack      oled.o
    0x08003a7c   0x08003a7c   0x00000088   Code   RO         2137    i.JudgeStr          as608.o
    0x08003b04   0x08003b04   0x0000005c   Code   RO         2102    i.Key_Init          key.o
    0x08003b60   0x08003b60   0x00000062   Code   RO         1516    i.MFRC522_Anticoll  mfrc522.o
    0x08003bc2   0x08003bc2   0x00000048   Code   RO         1519    i.MFRC522_Initializtion  mfrc522.o
    0x08003c0a   0x08003c0a   0x00000032   Code   RO         1521    i.MFRC522_Request   mfrc522.o
    0x08003c3c   0x08003c3c   0x0000003c   Code   RO         1522    i.MFRC522_Reset     mfrc522.o
    0x08003c78   0x08003c78   0x0000013a   Code   RO         1524    i.MFRC522_ToCard    mfrc522.o
    0x08003db2   0x08003db2   0x00000002   PAD
    0x08003db4   0x08003db4   0x0000001c   Code   RO         2138    i.MYUSART_SendData  as608.o
    0x08003dd0   0x08003dd0   0x00000004   Code   RO         3385    i.MemManage_Handler  stm32f4xx_it.o
    0x08003dd4   0x08003dd4   0x000001f4   Code   RO         1658    i.ModPwd            bluetooth.o
    0x08003fc8   0x08003fc8   0x00000308   Code   RO         2533    i.Mqtt_Connect_Aliyun  mqtt.o
    0x080042d0   0x080042d0   0x00000002   Code   RO         3386    i.NMI_Handler       stm32f4xx_it.o
    0x080042d2   0x080042d2   0x00000002   PAD
    0x080042d4   0x080042d4   0x00000078   Code   RO           12    i.NVIC_Init         misc.o
    0x0800434c   0x0800434c   0x00000014   Code   RO           13    i.NVIC_PriorityGroupConfig  misc.o
    0x08004360   0x08004360   0x0000003e   Code   RO         1781    i.OLED_Clear        oled.o
    0x0800439e   0x0800439e   0x00000076   Code   RO         1784    i.OLED_DrawBMP      oled.o
    0x08004414   0x08004414   0x00000120   Code   RO         1785    i.OLED_Init         oled.o
    0x08004534   0x08004534   0x00000028   Code   RO         1787    i.OLED_Set_Pos      oled.o
    0x0800455c   0x0800455c   0x00000068   Code   RO         1788    i.OLED_ShowCHinese  oled.o
    0x080045c4   0x080045c4   0x000000a4   Code   RO         1789    i.OLED_ShowChar     oled.o
    0x08004668   0x08004668   0x00000088   Code   RO         1790    i.OLED_ShowNum      oled.o
    0x080046f0   0x080046f0   0x0000003a   Code   RO         1791    i.OLED_ShowString   oled.o
    0x0800472a   0x0800472a   0x00000018   Code   RO         1792    i.OLED_WR_Byte      oled.o
    0x08004742   0x08004742   0x0000006c   Code   RO         2139    i.PS_DeletChar      as608.o
    0x080047ae   0x080047ae   0x0000003a   Code   RO         2140    i.PS_Empty          as608.o
    0x080047e8   0x080047e8   0x00000046   Code   RO         2141    i.PS_GenChar        as608.o
    0x0800482e   0x0800482e   0x0000003a   Code   RO         2142    i.PS_GetImage       as608.o
    0x08004868   0x08004868   0x00000090   Code   RO         2144    i.PS_HighSpeedSearch  as608.o
    0x080048f8   0x080048f8   0x0000003a   Code   RO         2145    i.PS_Match          as608.o
    0x08004932   0x08004932   0x0000003a   Code   RO         2148    i.PS_RegModel       as608.o
    0x0800496c   0x0800496c   0x00000060   Code   RO         2151    i.PS_StoreChar      as608.o
    0x080049cc   0x080049cc   0x00000310   Code   RO         3331    i.PasswordInput     main.o
    0x08004cdc   0x08004cdc   0x00000002   Code   RO         3387    i.PendSV_Handler    stm32f4xx_it.o
    0x08004cde   0x08004cde   0x00000002   PAD
    0x08004ce0   0x08004ce0   0x00000020   Code   RO          161    i.RCC_AHB1PeriphClockCmd  stm32f4xx_rcc.o
    0x08004d00   0x08004d00   0x00000020   Code   RO          170    i.RCC_APB1PeriphClockCmd  stm32f4xx_rcc.o
    0x08004d20   0x08004d20   0x00000020   Code   RO          173    i.RCC_APB2PeriphClockCmd  stm32f4xx_rcc.o
    0x08004d40   0x08004d40   0x000000e8   Code   RO          182    i.RCC_GetClocksFreq  stm32f4xx_rcc.o
    0x08004e28   0x08004e28   0x000002fc   Code   RO         3332    i.ReadCardOpen      main.o
    0x08005124   0x08005124   0x00000038   Code   RO         1526    i.Read_MFRC522      mfrc522.o
    0x0800515c   0x0800515c   0x00000038   Code   RO         1751    i.Relay_Config      relay.o
    0x08005194   0x08005194   0x0000007c   Code   RO         1527    i.SPI_SendByte      mfrc522.o
    0x08005210   0x08005210   0x00000074   Code   RO         1528    i.STM32_SPI3_Init   mfrc522.o
    0x08005284   0x08005284   0x00000002   Code   RO         3388    i.SVC_Handler       stm32f4xx_it.o
    0x08005286   0x08005286   0x00000002   PAD
    0x08005288   0x08005288   0x00000034   Code   RO         2155    i.SendAddr          as608.o
    0x080052bc   0x080052bc   0x00000012   Code   RO         2156    i.SendCheck         as608.o
    0x080052ce   0x080052ce   0x0000000c   Code   RO         2157    i.SendFlag          as608.o
    0x080052da   0x080052da   0x00000010   Code   RO         2158    i.SendHead          as608.o
    0x080052ea   0x080052ea   0x00000014   Code   RO         2159    i.SendLength        as608.o
    0x080052fe   0x080052fe   0x0000000c   Code   RO         2160    i.Sendcmd           as608.o
    0x0800530a   0x0800530a   0x0000001c   Code   RO         1529    i.SetBitMask        mfrc522.o
    0x08005326   0x08005326   0x00000002   PAD
    0x08005328   0x08005328   0x000000ec   Code   RO         3294    i.SetSysClock       system_stm32f4xx.o
    0x08005414   0x08005414   0x0000000c   Code   RO         2161    i.ShowErrMessage    as608.o
    0x08005420   0x08005420   0x00000068   Code   RO         3296    i.SystemInit        system_stm32f4xx.o
    0x08005488   0x08005488   0x00000034   Code   RO         2332    i.TIM2_IRQHandler   timer.o
    0x080054bc   0x080054bc   0x0000005e   Code   RO         2333    i.TIM2_init         timer.o
    0x0800551a   0x0800551a   0x00000002   PAD
    0x0800551c   0x0800551c   0x00000034   Code   RO         2334    i.TIM7_IRQHandler   timer.o
    0x08005550   0x08005550   0x0000005c   Code   RO         2335    i.TIM7_Int_Init     timer.o
    0x080055ac   0x080055ac   0x00000006   Code   RO          722    i.TIM_ClearITPendingBit  stm32f4xx_tim.o
    0x080055b2   0x080055b2   0x00000018   Code   RO          727    i.TIM_Cmd           stm32f4xx_tim.o
    0x080055ca   0x080055ca   0x00000022   Code   RO          748    i.TIM_GetITStatus   stm32f4xx_tim.o
    0x080055ec   0x080055ec   0x00000012   Code   RO          752    i.TIM_ITConfig      stm32f4xx_tim.o
    0x080055fe   0x080055fe   0x00000004   Code   RO          793    i.TIM_SetCounter    stm32f4xx_tim.o
    0x08005602   0x08005602   0x00000002   PAD
    0x08005604   0x08005604   0x00000084   Code   RO          799    i.TIM_TimeBaseInit  stm32f4xx_tim.o
    0x08005688   0x08005688   0x000000b0   Code   RO         1963    i.UART4_Config      usart.o
    0x08005738   0x08005738   0x00000060   Code   RO         1964    i.UART4_IRQHandler  usart.o
    0x08005798   0x08005798   0x000000b0   Code   RO         1966    i.USART1_Config     usart.o
    0x08005848   0x08005848   0x00000028   Code   RO         1967    i.USART1_IRQHandler  usart.o
    0x08005870   0x08005870   0x000000cc   Code   RO         1968    i.USART2_Config     usart.o
    0x0800593c   0x0800593c   0x00000070   Code   RO         1969    i.USART2_IRQHandler  usart.o
    0x080059ac   0x080059ac   0x000000b0   Code   RO         1970    i.USART3_Config     usart.o
    0x08005a5c   0x08005a5c   0x00000054   Code   RO         1659    i.USART3_IRQHandler  bluetooth.o
    0x08005ab0   0x08005ab0   0x00000012   Code   RO         1273    i.USART_ClearFlag   stm32f4xx_usart.o
    0x08005ac2   0x08005ac2   0x0000001e   Code   RO         1274    i.USART_ClearITPendingBit  stm32f4xx_usart.o
    0x08005ae0   0x08005ae0   0x00000018   Code   RO         1277    i.USART_Cmd         stm32f4xx_usart.o
    0x08005af8   0x08005af8   0x0000001a   Code   RO         1280    i.USART_GetFlagStatus  stm32f4xx_usart.o
    0x08005b12   0x08005b12   0x00000054   Code   RO         1281    i.USART_GetITStatus  stm32f4xx_usart.o
    0x08005b66   0x08005b66   0x0000004a   Code   RO         1283    i.USART_ITConfig    stm32f4xx_usart.o
    0x08005bb0   0x08005bb0   0x000000d4   Code   RO         1284    i.USART_Init        stm32f4xx_usart.o
    0x08005c84   0x08005c84   0x0000000a   Code   RO         1291    i.USART_ReceiveData  stm32f4xx_usart.o
    0x08005c8e   0x08005c8e   0x00000008   Code   RO         1294    i.USART_SendData    stm32f4xx_usart.o
    0x08005c96   0x08005c96   0x00000004   Code   RO         3389    i.UsageFault_Handler  stm32f4xx_it.o
    0x08005c9a   0x08005c9a   0x0000001e   Code   RO         1973    i.Usart_SendByte    usart.o
    0x08005cb8   0x08005cb8   0x0000003a   Code   RO         1974    i.Usart_SendBytes   usart.o
    0x08005cf2   0x08005cf2   0x00000032   Code   RO         1976    i.Usart_SendString  usart.o
    0x08005d24   0x08005d24   0x00000078   Code   RO         1793    i.Write_IIC_Byte    oled.o
    0x08005d9c   0x08005d9c   0x0000002c   Code   RO         1794    i.Write_IIC_Command  oled.o
    0x08005dc8   0x08005dc8   0x0000002c   Code   RO         1795    i.Write_IIC_Data    oled.o
    0x08005df4   0x08005df4   0x00000030   Code   RO         1530    i.Write_MFRC522     mfrc522.o
    0x08005e24   0x08005e24   0x00000004   PAD
    0x08005e28   0x08005e28   0x000000f8   Code   RO         3988    i.__hardfp___mathlib_tofloat  m_wm.l(narrow.o)
    0x08005f20   0x08005f20   0x000000d0   Code   RO         4051    i.__hardfp_ldexp    m_wm.l(ldexp.o)
    0x08005ff0   0x08005ff0   0x00000020   Code   RO         4092    i.__mathlib_dbl_overflow  m_wm.l(dunder.o)
    0x08006010   0x08006010   0x00000020   Code   RO         4094    i.__mathlib_dbl_underflow  m_wm.l(dunder.o)
    0x08006030   0x08006030   0x00000012   Code   RO         3989    i.__mathlib_narrow  m_wm.l(narrow.o)
    0x08006042   0x08006042   0x00000014   Code   RO         4053    i.__support_ldexp   m_wm.l(ldexp.o)
    0x08006056   0x08006056   0x0000000e   Code   RO         3603    i._is_digit         c_w.l(__printf_wp.o)
    0x08006064   0x08006064   0x00000002   Code   RO         1977    i._sys_exit         usart.o
    0x08006066   0x08006066   0x00000006   Code   RO         1978    i._ttywrch          usart.o
    0x0800606c   0x0800606c   0x00000048   Code   RO         2624    i.buffer_skip_whitespace  cjson.o
    0x080060b4   0x080060b4   0x00000058   Code   RO         2656    i.cJSON_Delete      cjson.o
    0x0800610c   0x0800610c   0x00000010   Code   RO         2667    i.cJSON_GetErrorPtr  cjson.o
    0x0800611c   0x0800611c   0x00000012   Code   RO         2669    i.cJSON_GetObjectItem  cjson.o
    0x0800612e   0x0800612e   0x0000001c   Code   RO         2686    i.cJSON_New_Item    cjson.o
    0x0800614a   0x0800614a   0x00000010   Code   RO         2687    i.cJSON_Parse       cjson.o
    0x0800615a   0x0800615a   0x00000002   PAD
    0x0800615c   0x0800615c   0x000000d4   Code   RO         2689    i.cJSON_ParseWithLengthOpts  cjson.o
    0x08006230   0x08006230   0x00000028   Code   RO         2690    i.cJSON_ParseWithOpts  cjson.o
    0x08006258   0x08006258   0x00000048   Code   RO         2705    i.case_insensitive_strcmp  cjson.o
    0x080062a0   0x080062a0   0x0000003c   Code   RO         3447    i.delay_ms          delay.o
    0x080062dc   0x080062dc   0x00000036   Code   RO         3449    i.delay_us          delay.o
    0x08006312   0x08006312   0x00000002   PAD
    0x08006314   0x08006314   0x0000002c   Code   RO         2381    i.esp8266_check     esp8266.o
    0x08006340   0x08006340   0x0000004c   Code   RO         2382    i.esp8266_check_connection_status  esp8266.o
    0x0800638c   0x0800638c   0x000000d0   Code   RO         2384    i.esp8266_connect_ap  esp8266.o
    0x0800645c   0x0800645c   0x000000b0   Code   RO         2385    i.esp8266_connect_server  esp8266.o
    0x0800650c   0x0800650c   0x00000040   Code   RO         2388    i.esp8266_enable_echo  esp8266.o
    0x0800654c   0x0800654c   0x00000084   Code   RO         2390    i.esp8266_entry_transparent_transmission  esp8266.o
    0x080065d0   0x080065d0   0x00000020   Code   RO         2391    i.esp8266_exit_transparent_transmission  esp8266.o
    0x080065f0   0x080065f0   0x00000038   Code   RO         2392    i.esp8266_find_str_in_rx_packet  esp8266.o
    0x08006628   0x08006628   0x00000030   Code   RO         2394    i.esp8266_reset     esp8266.o
    0x08006658   0x08006658   0x0000002c   Code   RO         2395    i.esp8266_send_at   esp8266.o
    0x08006684   0x08006684   0x00000018   Code   RO         2396    i.esp8266_send_bytes  esp8266.o
    0x0800669c   0x0800669c   0x00000024   Code   RO         1980    i.fputc             usart.o
    0x080066c0   0x080066c0   0x0000008c   Code   RO         4034    i.frexp             m_wm.l(frexp.o)
    0x0800674c   0x0800674c   0x00000004   Code   RO         2711    i.get_decimal_point  cjson.o
    0x08006750   0x08006750   0x000004b4   Code   RO         2103    i.get_key           key.o
    0x08006c04   0x08006c04   0x00000052   Code   RO         2712    i.get_object_item   cjson.o
    0x08006c56   0x08006c56   0x00000002   PAD
    0x08006c58   0x08006c58   0x000000f4   Code   RO         3333    i.main              main.o
    0x08006d4c   0x08006d4c   0x000001fc   Code   RO         2534    i.mqtt_cjson_parse  mqtt.o
    0x08006f48   0x08006f48   0x0000036c   Code   RO         2535    i.mqtt_connect      mqtt.o
    0x080072b4   0x080072b4   0x00000050   Code   RO         2537    i.mqtt_msg_handle   mqtt.o
    0x08007304   0x08007304   0x00000128   Code   RO         2538    i.mqtt_publish_data  mqtt.o
    0x0800742c   0x0800742c   0x000000b0   Code   RO         2539    i.mqtt_report_devices_status  mqtt.o
    0x080074dc   0x080074dc   0x00000010   Code   RO         2540    i.mqtt_send_bytes   mqtt.o
    0x080074ec   0x080074ec   0x00000034   Code   RO         2541    i.mqtt_send_heart   mqtt.o
    0x08007520   0x08007520   0x00000224   Code   RO         2542    i.mqtt_subscribe_topic  mqtt.o
    0x08007744   0x08007744   0x00000016   Code   RO         1797    i.oled_pow          oled.o
    0x0800775a   0x0800775a   0x000000f8   Code   RO         2714    i.parse_array       cjson.o
    0x08007852   0x08007852   0x0000005a   Code   RO         2715    i.parse_hex4        cjson.o
    0x080078ac   0x080078ac   0x00000154   Code   RO         2716    i.parse_number      cjson.o
    0x08007a00   0x08007a00   0x0000013e   Code   RO         2717    i.parse_object      cjson.o
    0x08007b3e   0x08007b3e   0x0000018c   Code   RO         2718    i.parse_string      cjson.o
    0x08007cca   0x08007cca   0x00000002   PAD
    0x08007ccc   0x08007ccc   0x0000013c   Code   RO         2719    i.parse_value       cjson.o
    0x08007e08   0x08007e08   0x00000278   Code   RO         2162    i.press_FR          as608.o
    0x08008080   0x08008080   0x0000003c   Code   RO         2730    i.skip_utf8_bom     cjson.o
    0x080080bc   0x080080bc   0x00000004   PAD
    0x080080c0   0x080080c0   0x00000030   Code   RO         3677    i.strtod            m_wm.l(strtod.o)
    0x080080f0   0x080080f0   0x0000012c   Code   RO         2733    i.utf16_literal_to_utf8  cjson.o
    0x0800821c   0x0800821c   0x0000002c   Code   RO         3903    locale$$code        c_w.l(lc_ctype_c.o)
    0x08008248   0x08008248   0x0000002c   Code   RO         3906    locale$$code        c_w.l(lc_numeric_c.o)
    0x08008274   0x08008274   0x00000062   Code   RO         4028    x$fpl$d2f           fz_wm.l(d2f.o)
    0x080082d6   0x080082d6   0x00000002   PAD
    0x080082d8   0x080082d8   0x00000010   Code   RO         4103    x$fpl$dcheck1       fz_wm.l(dcheck1.o)
    0x080082e8   0x080082e8   0x00000018   Code   RO         3821    x$fpl$dcmpinf       fz_wm.l(dcmpi.o)
    0x08008300   0x08008300   0x00000078   Code   RO         4030    x$fpl$deqf          fz_wm.l(deqf.o)
    0x08008378   0x08008378   0x0000005e   Code   RO         3651    x$fpl$dfix          fz_wm.l(dfix.o)
    0x080083d6   0x080083d6   0x00000002   PAD
    0x080083d8   0x080083d8   0x00000078   Code   RO         3661    x$fpl$dleqf         fz_wm.l(dleqf.o)
    0x08008450   0x08008450   0x00000154   Code   RO         3663    x$fpl$dmul          fz_wm.l(dmul.o)
    0x080085a4   0x080085a4   0x0000009c   Code   RO         3823    x$fpl$dnaninf       fz_wm.l(dnaninf.o)
    0x08008640   0x08008640   0x0000000c   Code   RO         3825    x$fpl$dretinf       fz_wm.l(dretinf.o)
    0x0800864c   0x0800864c   0x0000006c   Code   RO         3665    x$fpl$drleqf        fz_wm.l(drleqf.o)
    0x080086b8   0x080086b8   0x0000000a   Code   RO         3917    x$fpl$fpinit        fz_wm.l(fpinit.o)
    0x080086c2   0x080086c2   0x0000000a   Code   RO         4049    x$fpl$fretinf       fz_wm.l(fretinf.o)
    0x080086cc   0x080086cc   0x00000006   Code   RO         3978    x$fpl$ieeestatus    fz_wm.l(istatus.o)
    0x080086d2   0x080086d2   0x00000064   Code   RO         4109    x$fpl$retnan        fz_wm.l(retnan.o)
    0x08008736   0x08008736   0x0000005c   Code   RO         4086    x$fpl$scalbn        fz_wm.l(scalbn.o)
    0x08008792   0x08008792   0x00000004   Code   RO         3837    x$fpl$scanf1        fz_wm.l(scanf1.o)
    0x08008796   0x08008796   0x00000008   Code   RO         3980    x$fpl$scanf2        fz_wm.l(scanf2.o)
    0x0800879e   0x0800879e   0x00000030   Code   RO         4111    x$fpl$trapveneer    fz_wm.l(trapv.o)
    0x080087ce   0x080087ce   0x00000000   Code   RO         3839    x$fpl$usenofp       fz_wm.l(usenofp.o)
    0x080087ce   0x080087ce   0x00000818   Data   RO         1798    .constdata          oled.o
    0x08008fe6   0x08008fe6   0x00000002   PAD
    0x08008fe8   0x08008fe8   0x00000014   Data   RO         3335    .constdata          main.o
    0x08008ffc   0x08008ffc   0x00000028   Data   RO         3591    .constdata          c_w.l(_printf_hex_int_ll_ptr.o)
    0x08009024   0x08009024   0x00000011   Data   RO         3611    .constdata          c_w.l(__printf_flags_ss_wp.o)
    0x08009035   0x08009035   0x00000003   PAD
    0x08009038   0x08009038   0x00000094   Data   RO         3934    .constdata          c_w.l(bigflt0.o)
    0x080090cc   0x080090cc   0x00000203   Data   RO         2545    .conststring        mqtt.o
    0x080092cf   0x080092cf   0x00000001   PAD
    0x080092d0   0x080092d0   0x00000020   Data   RO         4113    Region$$Table       anon$$obj.o
    0x080092f0   0x080092f0   0x00000008   Data   RO         3974    c$$dinf             fz_wm.l(fpconst.o)
    0x080092f8   0x080092f8   0x00000008   Data   RO         3977    c$$dmax             fz_wm.l(fpconst.o)
    0x08009300   0x08009300   0x00000110   Data   RO         3902    locale$$data        c_w.l(lc_ctype_c.o)
    0x08009410   0x08009410   0x0000001c   Data   RO         3905    locale$$data        c_w.l(lc_numeric_c.o)


    Execution Region RW_IRAM1 (Exec base: 0x20000000, Load base: 0x0800942c, Size: 0x00003700, Max: 0x00020000, ABSOLUTE, COMPRESSED[0x00000d68])

    Exec Addr    Load Addr    Size         Type   Attr      Idx    E Section Name        Object

    0x20000000   COMPRESSED   0x00000010   Data   RW          214    .data               stm32f4xx_rcc.o
    0x20000010   COMPRESSED   0x0000001d   Data   RW         1661    .data               bluetooth.o
    0x2000002d   COMPRESSED   0x00002000   Data   RW         1799    .data               oled.o
    0x2000202d   COMPRESSED   0x00000003   PAD
    0x20002030   COMPRESSED   0x00000014   Data   RW         1982    .data               usart.o
    0x20002044   COMPRESSED   0x00000011   Data   RW         2104    .data               key.o
    0x20002055   COMPRESSED   0x00000003   PAD
    0x20002058   COMPRESSED   0x0000000a   Data   RW         2164    .data               as608.o
    0x20002062   COMPRESSED   0x00000002   PAD
    0x20002064   COMPRESSED   0x00000008   Data   RW         2336    .data               timer.o
    0x2000206c   COMPRESSED   0x00000004   Data   RW         2399    .data               esp8266.o
    0x20002070   COMPRESSED   0x00000004   Data   RW         2546    .data               mqtt.o
    0x20002074   COMPRESSED   0x00000014   Data   RW         2735    .data               cjson.o
    0x20002088   COMPRESSED   0x000000ec   Data   RW         3336    .data               main.o
    0x20002174        -       0x000004e8   Zero   RW         1660    .bss                bluetooth.o
    0x2000265c        -       0x00000820   Zero   RW         1981    .bss                usart.o
    0x20002e7c        -       0x0000020e   Zero   RW         2543    .bss                mqtt.o
    0x2000308a        -       0x00000010   Zero   RW         3334    .bss                main.o
    0x2000309a   COMPRESSED   0x00000002   PAD
    0x2000309c        -       0x00000060   Zero   RW         3843    .bss                c_w.l(libspace.o)
    0x200030fc   COMPRESSED   0x00000004   PAD
    0x20003100        -       0x00000200   Zero   RW            2    HEAP                startup_stm32f40_41xxx.o
    0x20003300        -       0x00000400   Zero   RW            1    STACK               startup_stm32f40_41xxx.o


==============================================================================

Image component sizes


      Code (inc. data)   RO Data    RW Data    ZI Data      Debug   Object Name

      4916        188          0         10          0      16613   as608.o
        56          6          0          0          0        550   beep.o
      2324        248          0         29       1256       5952   bluetooth.o
      2716         80          0         20          0      18741   cjson.o
       114          0          0          0          0       1006   delay.o
      1524        622          0          4          0       8816   esp8266.o
      1296         90          0         17          0       3063   key.o
      1792        148         20        236         16       4551   main.o
      1050         26          0          0          0       9058   mfrc522.o
       140         24          0          0          0     283391   misc.o
      3328       1160        515          4        526      11127   mqtt.o
      1532         50       2072       8192          0      12866   oled.o
        56          6          0          0          0        551   relay.o
        64         26        392          0       1536        876   startup_stm32f40_41xxx.o
       240          0          0          0          0       3743   stm32f4xx_gpio.o
        24          0          0          0          0       3660   stm32f4xx_it.o
       328         36          0         16          0       4827   stm32f4xx_rcc.o
       218         28          0          0          0       4455   stm32f4xx_tim.o
       486          8          0          0          0       6997   stm32f4xx_usart.o
       340         32          0          0          0       1685   system_stm32f4xx.o
       290         20          0          8          0       2608   timer.o
      1162         94          0         20       2080      11562   usart.o

    ----------------------------------------------------------------------
     24032       2900       3034       8564       5416     416698   Object Totals
         0          0         32          0          0          0   (incl. Generated)
        36          8          3          8          2          0   (incl. Padding)

    ----------------------------------------------------------------------

      Code (inc. data)   RO Data    RW Data    ZI Data      Debug   Library Member Name

        24          4          0          0          0         84   __2printf.o
        44          6          0          0          0         84   __2sprintf.o
       100          0          0          0          0          0   __dclz77c.o
         8          0          0          0          0         68   __main.o
       392          4         17          0          0         92   __printf_flags_ss_wp.o
        14          0          0          0          0         68   __printf_wp.o
         0          0          0          0          0          0   __rtentry.o
        12          0          0          0          0          0   __rtentry2.o
         6          0          0          0          0          0   __rtentry4.o
        52          8          0          0          0          0   __scatter.o
        28          0          0          0          0          0   __scatter_zi.o
        28          0          0          0          0         68   _chval.o
        44          0          0          0          0        108   _printf_char.o
        48          6          0          0          0         96   _printf_char_common.o
        36          4          0          0          0         80   _printf_char_file.o
         6          0          0          0          0          0   _printf_d.o
       120         16          0          0          0         92   _printf_dec.o
       148          4         40          0          0        160   _printf_hex_int_ll_ptr.o
       178          0          0          0          0         88   _printf_intcommon.o
        78          0          0          0          0        108   _printf_pad.o
         0          0          0          0          0          0   _printf_percent.o
         4          0          0          0          0          0   _printf_percent_end.o
         6          0          0          0          0          0   _printf_s.o
        82          0          0          0          0         80   _printf_str.o
         6          0          0          0          0          0   _printf_x.o
        22          0          0          0          0        100   _rserrno.o
        64          0          0          0          0         84   _sgetc.o
        10          0          0          0          0         68   _sputc.o
       228          4        148          0          0         96   bigflt0.o
      1924        136          0          0          0        756   btod.o
        10          0          0          0          0         68   defsig_exit.o
        50          0          0          0          0         88   defsig_general.o
        80         58          0          0          0         76   defsig_rtmem_inner.o
        14          0          0          0          0         80   defsig_rtmem_outer.o
        18          0          0          0          0         80   exit.o
         8          0          0          0          0         68   ferror.o
        94          0          0          0          0         80   h1_alloc.o
        52          0          0          0          0         68   h1_extend.o
        78          0          0          0          0         80   h1_free.o
        14          0          0          0          0         84   h1_init.o
       184          0          0          0          0         92   h1_realloc.o
         6          0          0          0          0        152   heapauxi.o
         4          0          0          0          0        136   hguard.o
       138          0          0          0          0        168   init_alloc.o
        18          0          0          0          0         76   isspace.o
        44         10        272          0          0         76   lc_ctype_c.o
        44         10         28          0          0         76   lc_numeric_c.o
         2          0          0          0          0          0   libinit.o
        42          0          0          0          0          0   libinit2.o
         2          0          0          0          0          0   libshutdown.o
         2          0          0          0          0          0   libshutdown2.o
         8          4          0          0         96         68   libspace.o
        38          0          0          0          0         68   llshl.o
         0          0          0          0          0          0   maybetermalloc1.o
        22          0          0          0          0         76   memset.o
        16          4          0          0          0         76   rt_ctype_table.o
         8          4          0          0          0         68   rt_errno_addr_intlibspace.o
         8          4          0          0          0         68   rt_heap_descriptor_intlibspace.o
         8          4          0          0          0         68   rt_locale_intlibspace.o
        68          0          0          0          0         68   rt_memclr.o
        78          0          0          0          0         80   rt_memclr_w.o
       138          0          0          0          0         68   rt_memcpy_v6.o
       100          0          0          0          0         80   rt_memcpy_w.o
         2          0          0          0          0          0   rtexit.o
        10          0          0          0          0          0   rtexit2.o
      1272         16          0          0          0        168   scanf_fp.o
       800         14          0          0          0        100   scanf_hexfp.o
       308         16          0          0          0        100   scanf_infnan.o
       128          0          0          0          0         68   strcmpv7m.o
        72          0          0          0          0         80   strcpy.o
        62          0          0          0          0         76   strlen.o
       150          0          0          0          0         80   strncmp.o
        36          0          0          0          0         80   strstr.o
       164         14          0          0          0        120   strtod.o
        74          0          0          0          0         80   sys_stackheap_outer.o
        26          0          0          0          0         76   tolower.o
         2          0          0          0          0         68   use_no_semi.o
        98          4          0          0          0        140   d2f.o
        16          4          0          0          0        116   dcheck1.o
        24          0          0          0          0        116   dcmpi.o
       120          4          0          0          0        140   deqf.o
        94          4          0          0          0        140   dfix.o
       120          4          0          0          0        140   dleqf.o
       340         12          0          0          0        152   dmul.o
       156          4          0          0          0        140   dnaninf.o
        12          0          0          0          0        116   dretinf.o
       108          0          0          0          0        128   drleqf.o
         0          0         16          0          0          0   fpconst.o
        10          0          0          0          0        116   fpinit.o
        10          0          0          0          0        116   fretinf.o
         6          0          0          0          0        116   istatus.o
       100          0          0          0          0        116   retnan.o
        92          0          0          0          0        116   scalbn.o
         4          0          0          0          0        116   scanf1.o
         8          0          0          0          0        132   scanf2.o
        48          0          0          0          0        116   trapv.o
         0          0          0          0          0          0   usenofp.o
        64         16          0          0          0        248   dunder.o
       140         22          0          0          0        132   frexp.o
       228          8          0          0          0        308   ldexp.o
       266         16          0          0          0        308   narrow.o
        48         14          0          0          0        128   strtod.o

    ----------------------------------------------------------------------
     10342        462        524          0        100       9208   Library Totals
        16          0          3          0          4          0   (incl. Padding)

    ----------------------------------------------------------------------

      Code (inc. data)   RO Data    RW Data    ZI Data      Debug   Library Name

      8214        350        505          0         96       5812   c_w.l
      1366         36         16          0          0       2272   fz_wm.l
       746         76          0          0          0       1124   m_wm.l

    ----------------------------------------------------------------------
     10342        462        524          0        100       9208   Library Totals

    ----------------------------------------------------------------------

==============================================================================


      Code (inc. data)   RO Data    RW Data    ZI Data      Debug   

     34374       3362       3558       8564       5516     404730   Grand Totals
     34374       3362       3558       3432       5516     404730   ELF Image Totals (compressed)
     34374       3362       3558       3432          0          0   ROM Totals

==============================================================================

    Total RO  Size (Code + RO Data)                37932 (  37.04kB)
    Total RW  Size (RW Data + ZI Data)             14080 (  13.75kB)
    Total ROM Size (Code + RO Data + RW Data)      41364 (  40.39kB)

==============================================================================

