Component: ARM Compiler 5.06 update 6 (build 750) Tool: armlink [4d35ed]

==============================================================================

Section Cross References

    startup_stm32f10x_md.o(STACK) refers (Special) to heapauxi.o(.text) for __use_two_region_memory
    startup_stm32f10x_md.o(HEAP) refers (Special) to heapauxi.o(.text) for __use_two_region_memory
    startup_stm32f10x_md.o(RESET) refers (Special) to heapauxi.o(.text) for __use_two_region_memory
    startup_stm32f10x_md.o(RESET) refers to startup_stm32f10x_md.o(STACK) for __initial_sp
    startup_stm32f10x_md.o(RESET) refers to startup_stm32f10x_md.o(.text) for Reset_Handler
    startup_stm32f10x_md.o(RESET) refers to stm32f10x_it.o(i.NMI_Handler) for NMI_Handler
    startup_stm32f10x_md.o(RESET) refers to stm32f10x_it.o(i.HardFault_Handler) for HardFault_Handler
    startup_stm32f10x_md.o(RESET) refers to stm32f10x_it.o(i.MemManage_Handler) for MemManage_Handler
    startup_stm32f10x_md.o(RESET) refers to stm32f10x_it.o(i.BusFault_Handler) for BusFault_Handler
    startup_stm32f10x_md.o(RESET) refers to stm32f10x_it.o(i.UsageFault_Handler) for UsageFault_Handler
    startup_stm32f10x_md.o(RESET) refers to stm32f10x_it.o(i.SVC_Handler) for SVC_Handler
    startup_stm32f10x_md.o(RESET) refers to stm32f10x_it.o(i.DebugMon_Handler) for DebugMon_Handler
    startup_stm32f10x_md.o(RESET) refers to stm32f10x_it.o(i.PendSV_Handler) for PendSV_Handler
    startup_stm32f10x_md.o(RESET) refers to stm32f10x_it.o(i.SysTick_Handler) for SysTick_Handler
    startup_stm32f10x_md.o(RESET) refers to stm32f10x_it.o(i.ADC1_2_IRQHandler) for ADC1_2_IRQHandler
    startup_stm32f10x_md.o(.text) refers (Special) to heapauxi.o(.text) for __use_two_region_memory
    startup_stm32f10x_md.o(.text) refers to system_stm32f10x.o(i.SystemInit) for SystemInit
    startup_stm32f10x_md.o(.text) refers to __main.o(!!!main) for __main
    startup_stm32f10x_md.o(.text) refers to startup_stm32f10x_md.o(HEAP) for Heap_Mem
    startup_stm32f10x_md.o(.text) refers to startup_stm32f10x_md.o(STACK) for Stack_Mem
    system_stm32f10x.o(i.SetSysClock) refers to system_stm32f10x.o(i.SetSysClockTo72) for SetSysClockTo72
    system_stm32f10x.o(i.SystemCoreClockUpdate) refers to system_stm32f10x.o(.data) for SystemCoreClock
    system_stm32f10x.o(i.SystemInit) refers to system_stm32f10x.o(i.SetSysClock) for SetSysClock
    stm32f10x_rcc.o(i.RCC_GetClocksFreq) refers to stm32f10x_rcc.o(.data) for APBAHBPrescTable
    stm32f10x_rcc.o(i.RCC_WaitForHSEStartUp) refers to stm32f10x_rcc.o(i.RCC_GetFlagStatus) for RCC_GetFlagStatus
    stm32f10x_adc.o(i.ADC_DeInit) refers to stm32f10x_rcc.o(i.RCC_APB2PeriphResetCmd) for RCC_APB2PeriphResetCmd
    stm32f10x_gpio.o(i.GPIO_AFIODeInit) refers to stm32f10x_rcc.o(i.RCC_APB2PeriphResetCmd) for RCC_APB2PeriphResetCmd
    stm32f10x_gpio.o(i.GPIO_DeInit) refers to stm32f10x_rcc.o(i.RCC_APB2PeriphResetCmd) for RCC_APB2PeriphResetCmd
    bsp_adc.o(i.ADC_NVIC_Config) refers to misc.o(i.NVIC_PriorityGroupConfig) for NVIC_PriorityGroupConfig
    bsp_adc.o(i.ADC_NVIC_Config) refers to misc.o(i.NVIC_Init) for NVIC_Init
    bsp_adc.o(i.ADCx_GPIO_Config) refers to stm32f10x_rcc.o(i.RCC_APB2PeriphClockCmd) for RCC_APB2PeriphClockCmd
    bsp_adc.o(i.ADCx_GPIO_Config) refers to stm32f10x_gpio.o(i.GPIO_Init) for GPIO_Init
    bsp_adc.o(i.ADCx_Init) refers to bsp_adc.o(i.ADCx_GPIO_Config) for ADCx_GPIO_Config
    bsp_adc.o(i.ADCx_Init) refers to bsp_adc.o(i.ADCx_Mode_Config) for ADCx_Mode_Config
    bsp_adc.o(i.ADCx_Init) refers to bsp_adc.o(i.ADC_NVIC_Config) for ADC_NVIC_Config
    bsp_adc.o(i.ADCx_Mode_Config) refers to stm32f10x_rcc.o(i.RCC_APB2PeriphClockCmd) for RCC_APB2PeriphClockCmd
    bsp_adc.o(i.ADCx_Mode_Config) refers to stm32f10x_adc.o(i.ADC_Init) for ADC_Init
    bsp_adc.o(i.ADCx_Mode_Config) refers to stm32f10x_rcc.o(i.RCC_ADCCLKConfig) for RCC_ADCCLKConfig
    bsp_adc.o(i.ADCx_Mode_Config) refers to stm32f10x_adc.o(i.ADC_RegularChannelConfig) for ADC_RegularChannelConfig
    bsp_adc.o(i.ADCx_Mode_Config) refers to stm32f10x_adc.o(i.ADC_ITConfig) for ADC_ITConfig
    bsp_adc.o(i.ADCx_Mode_Config) refers to stm32f10x_adc.o(i.ADC_Cmd) for ADC_Cmd
    bsp_adc.o(i.ADCx_Mode_Config) refers to stm32f10x_adc.o(i.ADC_ResetCalibration) for ADC_ResetCalibration
    bsp_adc.o(i.ADCx_Mode_Config) refers to stm32f10x_adc.o(i.ADC_GetResetCalibrationStatus) for ADC_GetResetCalibrationStatus
    bsp_adc.o(i.ADCx_Mode_Config) refers to stm32f10x_adc.o(i.ADC_StartCalibration) for ADC_StartCalibration
    bsp_adc.o(i.ADCx_Mode_Config) refers to stm32f10x_adc.o(i.ADC_GetCalibrationStatus) for ADC_GetCalibrationStatus
    bsp_adc.o(i.ADCx_Mode_Config) refers to stm32f10x_adc.o(i.ADC_SoftwareStartConvCmd) for ADC_SoftwareStartConvCmd
    buzzer.o(i.BUZZER_GPIO_Config) refers to stm32f10x_rcc.o(i.RCC_APB2PeriphClockCmd) for RCC_APB2PeriphClockCmd
[...]
    .text                                    0x08000214   Section        0  __printf_wp.o(.text)
    .text                                    0x08000324   Section        0  __0sscanf.o(.text)
    .text                                    0x08000360   Section        0  heapauxi.o(.text)
    .text                                    0x08000366   Section        0  _printf_fp_dec.o(.text)
    _fp_digits                               0x08000369   Thumb Code   432  _printf_fp_dec.o(.text)
    .text                                    0x08000784   Section        0  _printf_char_common.o(.text)
    _printf_input_char                       0x08000785   Thumb Code    10  _printf_char_common.o(.text)
    .text                                    0x080007b4   Section        0  _sputc.o(.text)
    .text                                    0x080007c0   Section        0  scanf_fp.o(.text)
    _fp_value                                0x080007c1   Thumb Code   588  scanf_fp.o(.text)
    .text                                    0x08000cb8   Section        0  scanf_char.o(.text)
    _scanf_char_input                        0x08000cb9   Thumb Code    12  scanf_char.o(.text)
    .text                                    0x08000ce4   Section        0  _sgetc.o(.text)
    .text                                    0x08000d24   Section        8  rt_locale_intlibspace.o(.text)
    .text                                    0x08000d2c   Section        8  rt_errno_addr_intlibspace.o(.text)
    .text                                    0x08000d34   Section      138  lludiv10.o(.text)
    .text                                    0x08000dbe   Section        0  isspace.o(.text)
    .text                                    0x08000dd0   Section        0  _printf_fp_infnan.o(.text)
    .text                                    0x08000e50   Section        0  _scanf.o(.text)
    .text                                    0x080011c4   Section        0  bigflt0.o(.text)
    .text                                    0x080012a8   Section        8  libspace.o(.text)
    .text                                    0x080012b0   Section       74  sys_stackheap_outer.o(.text)
    .text                                    0x080012fc   Section       16  rt_ctype_table.o(.text)
    .text                                    0x0800130c   Section        0  _rserrno.o(.text)
    .text                                    0x08001324   Section        0  scanf_hexfp.o(.text)
    .text                                    0x08001644   Section        0  scanf_infnan.o(.text)
    .text                                    0x08001778   Section        0  exit.o(.text)
    .text                                    0x0800178c   Section      128  strcmpv7m.o(.text)
    .text                                    0x0800180c   Section       38  llshl.o(.text)
    .text                                    0x08001832   Section        0  _chval.o(.text)
    .text                                    0x08001850   Section        0  sys_exit.o(.text)
    .text                                    0x0800185c   Section        2  use_no_semi.o(.text)
    .text                                    0x0800185e   Section        0  indicate_semi.o(.text)
    CL$$btod_d2e                             0x0800185e   Section       62  btod.o(CL$$btod_d2e)
    CL$$btod_d2e_denorm_low                  0x0800189c   Section       70  btod.o(CL$$btod_d2e_denorm_low)
    CL$$btod_d2e_norm_op1                    0x080018e2   Section       96  btod.o(CL$$btod_d2e_norm_op1)
    CL$$btod_div_common                      0x08001942   Section      824  btod.o(CL$$btod_div_common)
    CL$$btod_e2d                             0x08001c7c   Section      132  btod.o(CL$$btod_e2d)
    CL$$btod_e2e                             0x08001d00   Section      220  btod.o(CL$$btod_e2e)
    CL$$btod_ediv                            0x08001ddc   Section       42  btod.o(CL$$btod_ediv)
    CL$$btod_edivd                           0x08001e06   Section       42  btod.o(CL$$btod_edivd)
    CL$$btod_emul                            0x08001e30   Section       42  btod.o(CL$$btod_emul)
    CL$$btod_emuld                           0x08001e5a   Section       42  btod.o(CL$$btod_emuld)
    CL$$btod_mult_common                     0x08001e84   Section      580  btod.o(CL$$btod_mult_common)
    i.ADC1_2_IRQHandler                      0x080020c8   Section        0  stm32f10x_it.o(i.ADC1_2_IRQHandler)
    i.ADC_ClearITPendingBit                  0x080020f8   Section        0  stm32f10x_adc.o(i.ADC_ClearITPendingBit)
    i.ADC_Cmd                                0x08002102   Section        0  stm32f10x_adc.o(i.ADC_Cmd)
    i.ADC_GetCalibrationStatus               0x08002118   Section        0  stm32f10x_adc.o(i.ADC_GetCalibrationStatus)
    i.ADC_GetConversionValue                 0x0800212c   Section        0  stm32f10x_adc.o(i.ADC_GetConversionValue)
    i.ADC_GetITStatus                        0x08002134   Section        0  stm32f10x_adc.o(i.ADC_GetITStatus)
    i.ADC_GetResetCalibrationStatus          0x08002158   Section        0  stm32f10x_adc.o(i.ADC_GetResetCalibrationStatus)
    i.ADC_ITConfig                           0x0800216c   Section        0  stm32f10x_adc.o(i.ADC_ITConfig)
    i.ADC_Init                               0x08002184   Section        0  stm32f10x_adc.o(i.ADC_Init)
    i.ADC_NVIC_Config                        0x080021d4   Section        0  bsp_adc.o(i.ADC_NVIC_Config)
    ADC_NVIC_Config                          0x080021d5   Thumb Code    38  bsp_adc.o(i.ADC_NVIC_Config)
    i.ADC_RegularChannelConfig               0x080021fa   Section        0  stm32f10x_adc.o(i.ADC_RegularChannelConfig)
    i.ADC_ResetCalibration                   0x080022b2   Section        0  stm32f10x_adc.o(i.ADC_ResetCalibration)
    i.ADC_SoftwareStartConvCmd               0x080022bc   Section        0  stm32f10x_adc.o(i.ADC_SoftwareStartConvCmd)
    i.ADC_StartCalibration                   0x080022d2   Section        0  stm32f10x_adc.o(i.ADC_StartCalibration)
    i.ADCx_GPIO_Config                       0x080022dc   Section        0  bsp_adc.o(i.ADCx_GPIO_Config)
    ADCx_GPIO_Config                         0x080022dd   Thumb Code    32  bsp_adc.o(i.ADCx_GPIO_Config)
    i.ADCx_Init                              0x08002300   Section        0  bsp_adc.o(i.ADCx_Init)
    i.ADCx_Mode_Config                       0x08002310   Section        0  bsp_adc.o(i.ADCx_Mode_Config)
    ADCx_Mode_Config                         0x08002311   Thumb Code   138  bsp_adc.o(i.ADCx_Mode_Config)
    i.AlarmFunction                          0x080023a0   Section        0  main.o(i.AlarmFunction)
    i.BUZZER_GPIO_Config                     0x080023ec   Section        0  buzzer.o(i.BUZZER_GPIO_Config)
    i.BusFault_Handler                       0x08002420   Section        0  stm32f10x_it.o(i.BusFault_Handler)
    i.DS18B20_IN_GPIO_Config                 0x08002424   Section        0  ds18b20.o(i.DS18B20_IN_GPIO_Config)
    i.DS18B20_OUT_GPIO_Config                0x0800244c   Section        0  ds18b20.o(i.DS18B20_OUT_GPIO_Config)
    i.DebugMon_Handler                       0x08002484   Section        0  stm32f10x_it.o(i.DebugMon_Handler)
    i.DelayInit                              0x08002488   Section        0  delay.o(i.DelayInit)
    i.Delay_ms                               0x080024cc   Section        0  delay.o(i.Delay_ms)
    i.Delay_us                               0x08002518   Section        0  delay.o(i.Delay_us)
    i.Ds18b20ChangTemp                       0x08002564   Section        0  ds18b20.o(i.Ds18b20ChangTemp)
    i.Ds18b20Init                            0x08002580   Section        0  ds18b20.o(i.Ds18b20Init)
    i.Ds18b20ReadByte                        0x080025d0   Section        0  ds18b20.o(i.Ds18b20ReadByte)
    i.Ds18b20ReadTemp                        0x08002628   Section        0  ds18b20.o(i.Ds18b20ReadTemp)
    i.Ds18b20ReadTempCom                     0x0800264a   Section        0  ds18b20.o(i.Ds18b20ReadTempCom)
    i.Ds18b20WriteByte                       0x08002664   Section        0  ds18b20.o(i.Ds18b20WriteByte)
    i.GPIO_Init                              0x080026c0   Section        0  stm32f10x_gpio.o(i.GPIO_Init)
    i.GPIO_OLED_Init                         0x080027d8   Section        0  oled.o(i.GPIO_OLED_Init)
    i.GPIO_PinRemapConfig                    0x08002818   Section        0  stm32f10x_gpio.o(i.GPIO_PinRemapConfig)
    i.GPIO_ReadInputDataBit                  0x080028a8   Section        0  stm32f10x_gpio.o(i.GPIO_ReadInputDataBit)
    i.GPIO_ResetBits                         0x080028ba   Section        0  stm32f10x_gpio.o(i.GPIO_ResetBits)
    i.GPIO_SetBits                           0x080028be   Section        0  stm32f10x_gpio.o(i.GPIO_SetBits)
    i.HardFault_Handler                      0x080028c2   Section        0  stm32f10x_it.o(i.HardFault_Handler)
    i.KeyDetection                           0x080028c8   Section        0  main.o(i.KeyDetection)
    i.Key_GPIO_Config                        0x08002a08   Section        0  main.o(i.Key_GPIO_Config)
    i.LED_GPIO_Config                        0x08002a34   Section        0  led.o(i.LED_GPIO_Config)
    i.MemManage_Handler                      0x08002a68   Section        0  stm32f10x_it.o(i.MemManage_Handler)
    i.NMI_Handler                            0x08002a6c   Section        0  stm32f10x_it.o(i.NMI_Handler)
    i.NVIC_Init                              0x08002a70   Section        0  misc.o(i.NVIC_Init)
    i.NVIC_PriorityGroupConfig               0x08002ae0   Section        0  misc.o(i.NVIC_PriorityGroupConfig)
    i.OLED_Clear                             0x08002af4   Section        0  oled.o(i.OLED_Clear)
    i.OLED_IIC_Start                         0x08002b34   Section        0  oled.o(i.OLED_IIC_Start)
    i.OLED_IIC_Stop                          0x08002b5c   Section        0  oled.o(i.OLED_IIC_Stop)
    i.OLED_IIC_Wait_Ack                      0x08002b7c   Section        0  oled.o(i.OLED_IIC_Wait_Ack)
    i.OLED_Init                              0x08002b94   Section        0  oled.o(i.OLED_Init)
    i.OLED_Set_Pos                           0x08002c7c   Section        0  oled.o(i.OLED_Set_Pos)
    i.OLED_ShowChar                          0x08002ca4   Section        0  oled.o(i.OLED_ShowChar)
    i.OLED_ShowNumber                        0x08002d48   Section        0  oled.o(i.OLED_ShowNumber)
    i.OLED_ShowString                        0x08002dd0   Section        0  oled.o(i.OLED_ShowString)
    i.OLED_WR_Byte                           0x08002e06   Section        0  oled.o(i.OLED_WR_Byte)
    i.OLED_Write_IIC_Byte                    0x08002e20   Section        0  oled.o(i.OLED_Write_IIC_Byte)
    i.OLED_Write_IIC_Command                 0x08002e74   Section        0  oled.o(i.OLED_Write_IIC_Command)
    i.OLED_Write_IIC_Data                    0x08002ea0   Section        0  oled.o(i.OLED_Write_IIC_Data)
    i.OLED_printf                            0x08002ecc   Section        0  main.o(i.OLED_printf)
    i.PendSV_Handler                         0x08002f7c   Section        0  stm32f10x_it.o(i.PendSV_Handler)
    i.RCC_ADCCLKConfig                       0x08002f80   Section        0  stm32f10x_rcc.o(i.RCC_ADCCLKConfig)
    i.RCC_APB2PeriphClockCmd                 0x08002f98   Section        0  stm32f10x_rcc.o(i.RCC_APB2PeriphClockCmd)
    i.SVC_Handler                            0x08002fb8   Section        0  stm32f10x_it.o(i.SVC_Handler)
    i.SetSysClock                            0x08002fba   Section        0  system_stm32f10x.o(i.SetSysClock)
    SetSysClock                              0x08002fbb   Thumb Code     8  system_stm32f10x.o(i.SetSysClock)
    i.SetSysClockTo72                        0x08002fc4   Section        0  system_stm32f10x.o(i.SetSysClockTo72)
    SetSysClockTo72                          0x08002fc5   Thumb Code   214  system_stm32f10x.o(i.SetSysClockTo72)
    i.SysTick_CLKSourceConfig                0x080030a4   Section        0  misc.o(i.SysTick_CLKSourceConfig)
    i.SysTick_Handler                        0x080030cc   Section        0  stm32f10x_it.o(i.SysTick_Handler)
    i.SystemInit                             0x080030d0   Section        0  system_stm32f10x.o(i.SystemInit)
    i.UsageFault_Handler                     0x08003130   Section        0  stm32f10x_it.o(i.UsageFault_Handler)
    i.__ARM_fpclassify                       0x08003134   Section        0  fpclassify.o(i.__ARM_fpclassify)
    i.__mathlib_dbl_overflow                 0x0800315c   Section        0  dunder.o(i.__mathlib_dbl_overflow)
    i.__mathlib_dbl_underflow                0x0800316c   Section        0  dunder.o(i.__mathlib_dbl_underflow)
    i.__mathlib_narrow                       0x0800317c   Section        0  narrow.o(i.__mathlib_narrow)
    i.__mathlib_tofloat                      0x0800318c   Section        0  narrow.o(i.__mathlib_tofloat)
    i.__support_ldexp                        0x08003248   Section        0  ldexp.o(i.__support_ldexp)
    i._is_digit                              0x0800325e   Section        0  __printf_wp.o(i._is_digit)
    i.datapros                               0x0800326c   Section        0  ds18b20.o(i.datapros)
    i.frexp                                  0x08003318   Section        0  frexp.o(i.frexp)
    i.ldexp                                  0x08003370   Section        0  ldexp.o(i.ldexp)
    i.main                                   0x080033e4   Section        0  main.o(i.main)
    i.oled_pow                               0x080034d0   Section        0  oled.o(i.oled_pow)
    i.show_main                              0x080034e8   Section        0  main.o(i.show_main)
    i.show_set                               0x08003698   Section        0  main.o(i.show_set)
    locale$$code                             0x080037dc   Section       44  lc_numeric_c.o(locale$$code)
    locale$$code                             0x08003808   Section       44  lc_ctype_c.o(locale$$code)
    x$fpl$d2f                                0x08003834   Section       98  d2f.o(x$fpl$d2f)
    x$fpl$dadd                               0x08003898   Section      336  daddsub_clz.o(x$fpl$dadd)
    _dadd1                                   0x080038a9   Thumb Code     0  daddsub_clz.o(x$fpl$dadd)
    x$fpl$dcheck1                            0x080039e8   Section       16  dcheck1.o(x$fpl$dcheck1)
    x$fpl$dcmpinf                            0x080039f8   Section       24  dcmpi.o(x$fpl$dcmpinf)
    x$fpl$ddiv                               0x08003a10   Section      688  ddiv.o(x$fpl$ddiv)
    ddiv_entry                               0x08003a17   Thumb Code     0  ddiv.o(x$fpl$ddiv)
    x$fpl$deqf                               0x08003cc0   Section      120  deqf.o(x$fpl$deqf)
    x$fpl$dfix                               0x08003d38   Section       94  dfix.o(x$fpl$dfix)
    x$fpl$dleqf                              0x08003d98   Section      120  dleqf.o(x$fpl$dleqf)
    x$fpl$dmul                               0x08003e10   Section      340  dmul.o(x$fpl$dmul)
    x$fpl$dnaninf                            0x08003f64   Section      156  dnaninf.o(x$fpl$dnaninf)
    x$fpl$dretinf                            0x08004000   Section       12  dretinf.o(x$fpl$dretinf)
    x$fpl$drleqf                             0x0800400c   Section      108  drleqf.o(x$fpl$drleqf)
    x$fpl$dsub                               0x08004078   Section      468  daddsub_clz.o(x$fpl$dsub)
    _dsub1                                   0x08004089   Thumb Code     0  daddsub_clz.o(x$fpl$dsub)
    x$fpl$f2d                                0x0800424c   Section       86  f2d.o(x$fpl$f2d)
    x$fpl$fcmpinf                            0x080042a2   Section       24  fcmpi.o(x$fpl$fcmpinf)
    x$fpl$fdiv                               0x080042bc   Section      388  fdiv.o(x$fpl$fdiv)
    _fdiv1                                   0x080042bd   Thumb Code     0  fdiv.o(x$fpl$fdiv)
    x$fpl$fflt                               0x08004440   Section       48  fflt_clz.o(x$fpl$fflt)
    x$fpl$ffltu                              0x08004470   Section       38  fflt_clz.o(x$fpl$ffltu)
    x$fpl$fleqf                              0x08004498   Section      104  fleqf.o(x$fpl$fleqf)
    x$fpl$fmul                               0x08004500   Section      258  fmul.o(x$fpl$fmul)
    x$fpl$fnaninf                            0x08004602   Section      140  fnaninf.o(x$fpl$fnaninf)
    x$fpl$fretinf                            0x0800468e   Section       10  fretinf.o(x$fpl$fretinf)
    x$fpl$frleqf                             0x08004698   Section       98  frleqf.o(x$fpl$frleqf)
    x$fpl$ieeestatus                         0x080046fa   Section        6  istatus.o(x$fpl$ieeestatus)
    x$fpl$printf1                            0x08004700   Section        4  printf1.o(x$fpl$printf1)
    x$fpl$retnan                             0x08004704   Section      100  retnan.o(x$fpl$retnan)
    x$fpl$scalbn                             0x08004768   Section       92  scalbn.o(x$fpl$scalbn)
    x$fpl$scanf1                             0x080047c4   Section        4  scanf1.o(x$fpl$scanf1)
    x$fpl$scanf2                             0x080047c8   Section        8  scanf2.o(x$fpl$scanf2)
    x$fpl$trapveneer                         0x080047d0   Section       48  trapv.o(x$fpl$trapveneer)
    .constdata                               0x08004800   Section     2072  oled.o(.constdata)
    x$fpl$usenofp                            0x08004800   Section        0  usenofp.o(x$fpl$usenofp)
    .constdata                               0x08005018   Section      148  bigflt0.o(.constdata)
    tenpwrs_x                                0x08005018   Data          60  bigflt0.o(.constdata)
    tenpwrs_i                                0x08005054   Data          64  bigflt0.o(.constdata)
    c$$dinf                                  0x080050cc   Section        8  fpconst.o(c$$dinf)
    c$$dmax                                  0x080050d4   Section        8  fpconst.o(c$$dmax)
    locale$$data                             0x080050dc   Section       28  lc_numeric_c.o(locale$$data)
    __lcnum_c_name                           0x080050e0   Data           2  lc_numeric_c.o(locale$$data)
    __lcnum_c_start                          0x080050e8   Data           0  lc_numeric_c.o(locale$$data)
    __lcnum_c_point                          0x080050f4   Data           0  lc_numeric_c.o(locale$$data)
    __lcnum_c_thousands                      0x080050f6   Data           0  lc_numeric_c.o(locale$$data)
    __lcnum_c_grouping                       0x080050f7   Data           0  lc_numeric_c.o(locale$$data)
    locale$$data                             0x080050f8   Section      272  lc_ctype_c.o(locale$$data)
    __lcnum_c_end                            0x080050f8   Data           0  lc_numeric_c.o(locale$$data)
    __lcctype_c_name                         0x080050fc   Data           2  lc_ctype_c.o(locale$$data)
    __lcctype_c_start                        0x08005104   Data           0  lc_ctype_c.o(locale$$data)
    __lcctype_c_end                          0x08005208   Data           0  lc_ctype_c.o(locale$$data)
    .data                                    0x20000000   Section       20  system_stm32f10x.o(.data)
    .data                                    0x20000014   Section        2  bsp_adc.o(.data)
    .data                                    0x20000018   Section        4  ds18b20.o(.data)
    .data                                    0x2000001c   Section       40  main.o(.data)
    .data                                    0x20000044   Section        4  delay.o(.data)
    fac_us                                   0x20000044   Data           1  delay.o(.data)
    fac_ms                                   0x20000046   Data           2  delay.o(.data)
    .bss                                     0x20000048   Section       15  ds18b20.o(.bss)
    .bss                                     0x20000057   Section       60  main.o(.bss)
    .bss                                     0x20000094   Section       96  libspace.o(.bss)
    HEAP                                     0x200000f8   Section      512  startup_stm32f10x_md.o(HEAP)
    Heap_Mem                                 0x200000f8   Data         512  startup_stm32f10x_md.o(HEAP)
    STACK                                    0x200002f8   Section     1024  startup_stm32f10x_md.o(STACK)
    Stack_Mem                                0x200002f8   Data        1024  startup_stm32f10x_md.o(STACK)
    __initial_sp                             0x200006f8   Data           0  startup_stm32f10x_md.o(STACK)

    Global Symbols

    Symbol Name                              Value     Ov Type        Size  Object(Section)

    BuildAttributes$$THM_ISAv4$P$D$K$B$S$PE$A:L22UL41UL21$X:L11$S22US41US21$IEEE1$IW$USESV6$~STKCKD$USESV7$~SHL$OTIME$ROPI$IEEEX$EBA8$UX$STANDARDLIB$REQ8$PRES8$EABIv2 0x00000000   Number         0  anon$$obj.o ABSOLUTE
    __ARM_use_no_argv                        0x00000000   Number         0  main.o ABSOLUTE
    _printf_flags                            0x00000000   Number         0  printf_stubs.o ABSOLUTE
    _printf_return_value                     0x00000000   Number         0  printf_stubs.o ABSOLUTE
    _printf_sizespec                         0x00000000   Number         0  printf_stubs.o ABSOLUTE
    _printf_widthprec                        0x00000000   Number         0  printf_stubs.o ABSOLUTE
    __ARM_exceptions_init                     - Undefined Weak Reference
    __alloca_initialize                       - Undefined Weak Reference
    __arm_preinit_                            - Undefined Weak Reference
    __cpp_initialize__aeabi_                  - Undefined Weak Reference
    __cxa_finalize                            - Undefined Weak Reference
    __sigvec_lookup                           - Undefined Weak Reference
    _atexit_init                              - Undefined Weak Reference
    _call_atexit_fns                          - Undefined Weak Reference
    _clock_init                               - Undefined Weak Reference
    _fp_trap_init                             - Undefined Weak Reference
    _fp_trap_shutdown                         - Undefined Weak Reference
    _get_lc_collate                           - Undefined Weak Reference
    _get_lc_monetary                          - Undefined Weak Reference
    _get_lc_time                              - Undefined Weak Reference
    _getenv_init                              - Undefined Weak Reference
    _handle_redirection                       - Undefined Weak Reference
    _init_alloc                               - Undefined Weak Reference
    _init_user_alloc                          - Undefined Weak Reference
    _initio                                   - Undefined Weak Reference
    _printf_post_padding                      - Undefined Weak Reference
    _printf_pre_padding                       - Undefined Weak Reference
    _rand_init                                - Undefined Weak Reference
    _scanf_int                                - Undefined Weak Reference
    _scanf_longlong                           - Undefined Weak Reference
    _scanf_mbtowc                             - Undefined Weak Reference
    _scanf_string                             - Undefined Weak Reference
    _scanf_wctomb                             - Undefined Weak Reference
    _scanf_wstring                            - Undefined Weak Reference
    _signal_finish                            - Undefined Weak Reference
    _signal_init                              - Undefined Weak Reference
    _terminate_alloc                          - Undefined Weak Reference
    _terminate_user_alloc                     - Undefined Weak Reference
    _terminateio                              - Undefined Weak Reference
    __Vectors_Size                           0x000000ec   Number         0  startup_stm32f10x_md.o ABSOLUTE
    __Vectors                                0x08000000   Data           4  startup_stm32f10x_md.o(RESET)
    __Vectors_End                            0x080000ec   Data           0  startup_stm32f10x_md.o(RESET)
    __main                                   0x080000ed   Thumb Code     8  __main.o(!!!main)
    __scatterload                            0x080000f5   Thumb Code     0  __scatter.o(!!!scatter)
    __scatterload_rt2                        0x080000f5   Thumb Code    44  __scatter.o(!!!scatter)
    __scatterload_rt2_thumb_only             0x080000f5   Thumb Code     0  __scatter.o(!!!scatter)
    __scatterload_null                       0x08000103   Thumb Code     0  __scatter.o(!!!scatter)
    __scatterload_copy                       0x08000129   Thumb Code    26  __scatter_copy.o(!!handler_copy)
    __scatterload_zeroinit                   0x08000145   Thumb Code    28  __scatter_zi.o(!!handler_zi)
    _printf_f                                0x08000161   Thumb Code     0  _printf_f.o(.ARM.Collect$$_printf_percent$$00000003)
    _printf_percent                          0x08000161   Thumb Code     0  _printf_percent.o(.ARM.Collect$$_printf_percent$$00000000)
    _printf_percent_end                      0x08000167   Thumb Code     0  _printf_percent_end.o(.ARM.Collect$$_printf_percent$$00000017)
    __rt_lib_init                            0x0800016b   Thumb Code     0  libinit.o(.ARM.Collect$$libinit$$00000000)
    __rt_lib_init_fp_1                       0x0800016d   Thumb Code     0  libinit2.o(.ARM.Collect$$libinit$$00000002)
    __rt_lib_init_heap_1                     0x0800016d   Thumb Code     0  libinit2.o(.ARM.Collect$$libinit$$0000000A)
    __rt_lib_init_lc_common                  0x0800016d   Thumb Code     0  libinit2.o(.ARM.Collect$$libinit$$0000000F)
    __rt_lib_init_preinit_1                  0x0800016d   Thumb Code     0  libinit2.o(.ARM.Collect$$libinit$$00000004)
    __rt_lib_init_rand_1                     0x0800016d   Thumb Code     0  libinit2.o(.ARM.Collect$$libinit$$0000000E)
    __rt_lib_init_user_alloc_1               0x0800016d   Thumb Code     0  libinit2.o(.ARM.Collect$$libinit$$0000000C)
    __rt_lib_init_lc_collate_1               0x08000173   Thumb Code     0  libinit2.o(.ARM.Collect$$libinit$$00000011)
    __rt_lib_init_lc_ctype_2                 0x08000173   Thumb Code     0  libinit2.o(.ARM.Collect$$libinit$$00000012)
    __rt_lib_init_lc_ctype_1                 0x0800017f   Thumb Code     0  libinit2.o(.ARM.Collect$$libinit$$00000013)
    __rt_lib_init_lc_monetary_1              0x0800017f   Thumb Code     0  libinit2.o(.ARM.Collect$$libinit$$00000015)
    __rt_lib_init_lc_numeric_2               0x0800017f   Thumb Code     0  libinit2.o(.ARM.Collect$$libinit$$00000016)
    __rt_lib_init_alloca_1                   0x08000189   Thumb Code     0  libinit2.o(.ARM.Collect$$libinit$$0000002E)
    __rt_lib_init_argv_1                     0x08000189   Thumb Code     0  libinit2.o(.ARM.Collect$$libinit$$0000002C)
    __rt_lib_init_atexit_1                   0x08000189   Thumb Code     0  libinit2.o(.ARM.Collect$$libinit$$0000001B)
    __rt_lib_init_clock_1                    0x08000189   Thumb Code     0  libinit2.o(.ARM.Collect$$libinit$$00000021)
    __rt_lib_init_cpp_1                      0x08000189   Thumb Code     0  libinit2.o(.ARM.Collect$$libinit$$00000032)
    __rt_lib_init_exceptions_1               0x08000189   Thumb Code     0  libinit2.o(.ARM.Collect$$libinit$$00000030)
    __rt_lib_init_fp_trap_1                  0x08000189   Thumb Code     0  libinit2.o(.ARM.Collect$$libinit$$0000001F)
    __rt_lib_init_getenv_1                   0x08000189   Thumb Code     0  libinit2.o(.ARM.Collect$$libinit$$00000023)
    __rt_lib_init_lc_numeric_1               0x08000189   Thumb Code     0  libinit2.o(.ARM.Collect$$libinit$$00000017)
    __rt_lib_init_lc_time_1                  0x08000189   Thumb Code     0  libinit2.o(.ARM.Collect$$libinit$$00000019)
    __rt_lib_init_return                     0x08000189   Thumb Code     0  libinit2.o(.ARM.Collect$$libinit$$00000033)
    __rt_lib_init_signal_1                   0x08000189   Thumb Code     0  libinit2.o(.ARM.Collect$$libinit$$0000001D)
    __rt_lib_init_stdio_1                    0x08000189   Thumb Code     0  libinit2.o(.ARM.Collect$$libinit$$00000025)
    __rt_lib_shutdown                        0x0800018b   Thumb Code     0  libshutdown.o(.ARM.Collect$$libshutdown$$00000000)
    __rt_lib_shutdown_cpp_1                  0x0800018d   Thumb Code     0  libshutdown2.o(.ARM.Collect$$libshutdown$$00000002)
    __rt_lib_shutdown_fp_trap_1              0x0800018d   Thumb Code     0  libshutdown2.o(.ARM.Collect$$libshutdown$$00000007)
    __rt_lib_shutdown_heap_1                 0x0800018d   Thumb Code     0  libshutdown2.o(.ARM.Collect$$libshutdown$$0000000F)
    __rt_lib_shutdown_return                 0x0800018d   Thumb Code     0  libshutdown2.o(.ARM.Collect$$libshutdown$$00000010)
    __rt_lib_shutdown_signal_1               0x0800018d   Thumb Code     0  libshutdown2.o(.ARM.Collect$$libshutdown$$0000000A)
    __rt_lib_shutdown_stdio_1                0x0800018d   Thumb Code     0  libshutdown2.o(.ARM.Collect$$libshutdown$$00000004)
    __rt_lib_shutdown_user_alloc_1           0x0800018d   Thumb Code     0  libshutdown2.o(.ARM.Collect$$libshutdown$$0000000C)
    __rt_entry                               0x0800018f   Thumb Code     0  __rtentry.o(.ARM.Collect$$rtentry$$00000000)
    __rt_entry_presh_1                       0x0800018f   Thumb Code     0  __rtentry2.o(.ARM.Collect$$rtentry$$00000002)
    __rt_entry_sh                            0x0800018f   Thumb Code     0  __rtentry4.o(.ARM.Collect$$rtentry$$00000004)
    __rt_entry_li                            0x08000195   Thumb Code     0  __rtentry2.o(.ARM.Collect$$rtentry$$0000000A)
    __rt_entry_postsh_1                      0x08000195   Thumb Code     0  __rtentry2.o(.ARM.Collect$$rtentry$$00000009)
    __rt_entry_main                          0x08000199   Thumb Code     0  __rtentry2.o(.ARM.Collect$$rtentry$$0000000D)
    __rt_entry_postli_1                      0x08000199   Thumb Code     0  __rtentry2.o(.ARM.Collect$$rtentry$$0000000C)
    __rt_exit                                0x080001a1   Thumb Code     0  rtexit.o(.ARM.Collect$$rtexit$$00000000)
    __rt_exit_ls                             0x080001a3   Thumb Code     0  rtexit2.o(.ARM.Collect$$rtexit$$00000003)
    __rt_exit_prels_1                        0x080001a3   Thumb Code     0  rtexit2.o(.ARM.Collect$$rtexit$$00000002)
    __rt_exit_exit                           0x080001a7   Thumb Code     0  rtexit2.o(.ARM.Collect$$rtexit$$00000004)
    Reset_Handler                            0x080001ad   Thumb Code     8  startup_stm32f10x_md.o(.text)
    CAN1_RX1_IRQHandler                      0x080001c7   Thumb Code     0  startup_stm32f10x_md.o(.text)
    CAN1_SCE_IRQHandler                      0x080001c7   Thumb Code     0  startup_stm32f10x_md.o(.text)
    DMA1_Channel1_IRQHandler                 0x080001c7   Thumb Code     0  startup_stm32f10x_md.o(.text)
    DMA1_Channel2_IRQHandler                 0x080001c7   Thumb Code     0  startup_stm32f10x_md.o(.text)
    DMA1_Channel3_IRQHandler                 0x080001c7   Thumb Code     0  startup_stm32f10x_md.o(.text)
    DMA1_Channel4_IRQHandler                 0x080001c7   Thumb Code     0  startup_stm32f10x_md.o(.text)
    DMA1_Channel5_IRQHandler                 0x080001c7   Thumb Code     0  startup_stm32f10x_md.o(.text)
    DMA1_Channel6_IRQHandler                 0x080001c7   Thumb Code     0  startup_stm32f10x_md.o(.text)
    DMA1_Channel7_IRQHandler                 0x080001c7   Thumb Code     0  startup_stm32f10x_md.o(.text)
    EXTI0_IRQHandler                         0x080001c7   Thumb Code     0  startup_stm32f10x_md.o(.text)
    EXTI15_10_IRQHandler                     0x080001c7   Thumb Code     0  startup_stm32f10x_md.o(.text)
    EXTI1_IRQHandler                         0x080001c7   Thumb Code     0  startup_stm32f10x_md.o(.text)
    EXTI2_IRQHandler                         0x080001c7   Thumb Code     0  startup_stm32f10x_md.o(.text)
    EXTI3_IRQHandler                         0x080001c7   Thumb Code     0  startup_stm32f10x_md.o(.text)
    EXTI4_IRQHandler                         0x080001c7   Thumb Code     0  startup_stm32f10x_md.o(.text)
    EXTI9_5_IRQHandler                       0x080001c7   Thumb Code     0  startup_stm32f10x_md.o(.text)
    FLASH_IRQHandler                         0x080001c7   Thumb Code     0  startup_stm32f10x_md.o(.text)
    I2C1_ER_IRQHandler                       0x080001c7   Thumb Code     0  startup_stm32f10x_md.o(.text)
    I2C1_EV_IRQHandler                       0x080001c7   Thumb Code     0  startup_stm32f10x_md.o(.text)
    I2C2_ER_IRQHandler                       0x080001c7   Thumb Code     0  startup_stm32f10x_md.o(.text)
    I2C2_EV_IRQHandler                       0x080001c7   Thumb Code     0  startup_stm32f10x_md.o(.text)
    PVD_IRQHandler                           0x080001c7   Thumb Code     0  startup_stm32f10x_md.o(.text)
    RCC_IRQHandler                           0x080001c7   Thumb Code     0  startup_stm32f10x_md.o(.text)
    RTCAlarm_IRQHandler                      0x080001c7   Thumb Code     0  startup_stm32f10x_md.o(.text)
    RTC_IRQHandler                           0x080001c7   Thumb Code     0  startup_stm32f10x_md.o(.text)
    SPI1_IRQHandler                          0x080001c7   Thumb Code     0  startup_stm32f10x_md.o(.text)
    SPI2_IRQHandler                          0x080001c7   Thumb Code     0  startup_stm32f10x_md.o(.text)
    TAMPER_IRQHandler                        0x080001c7   Thumb Code     0  startup_stm32f10x_md.o(.text)
    TIM1_BRK_IRQHandler                      0x080001c7   Thumb Code     0  startup_stm32f10x_md.o(.text)
    TIM1_CC_IRQHandler                       0x080001c7   Thumb Code     0  startup_stm32f10x_md.o(.text)
    TIM1_TRG_COM_IRQHandler                  0x080001c7   Thumb Code     0  startup_stm32f10x_md.o(.text)
    TIM1_UP_IRQHandler                       0x080001c7   Thumb Code     0  startup_stm32f10x_md.o(.text)
    TIM2_IRQHandler                          0x080001c7   Thumb Code     0  startup_stm32f10x_md.o(.text)
    TIM3_IRQHandler                          0x080001c7   Thumb Code     0  startup_stm32f10x_md.o(.text)
    TIM4_IRQHandler                          0x080001c7   Thumb Code     0  startup_stm32f10x_md.o(.text)
    USART1_IRQHandler                        0x080001c7   Thumb Code     0  startup_stm32f10x_md.o(.text)
    USART2_IRQHandler                        0x080001c7   Thumb Code     0  startup_stm32f10x_md.o(.text)
    USART3_IRQHandler                        0x080001c7   Thumb Code     0  startup_stm32f10x_md.o(.text)
    USBWakeUp_IRQHandler                     0x080001c7   Thumb Code     0  startup_stm32f10x_md.o(.text)
    USB_HP_CAN1_TX_IRQHandler                0x080001c7   Thumb Code     0  startup_stm32f10x_md.o(.text)
    USB_LP_CAN1_RX0_IRQHandler               0x080001c7   Thumb Code     0  startup_stm32f10x_md.o(.text)
    WWDG_IRQHandler                          0x080001c7   Thumb Code     0  startup_stm32f10x_md.o(.text)
    __user_initial_stackheap                 0x080001c9   Thumb Code     0  startup_stm32f10x_md.o(.text)
    __2sprintf                               0x080001ed   Thumb Code    34  noretval__2sprintf.o(.text)
    __printf                                 0x08000215   Thumb Code   270  __printf_wp.o(.text)
    __0sscanf                                0x08000325   Thumb Code    52  __0sscanf.o(.text)
    __use_two_region_memory                  0x08000361   Thumb Code     2  heapauxi.o(.text)
    __rt_heap_escrow$2region                 0x08000363   Thumb Code     2  heapauxi.o(.text)
    __rt_heap_expand$2region                 0x08000365   Thumb Code     2  heapauxi.o(.text)
    __lib_sel_fp_printf                      0x08000367   Thumb Code     2  _printf_fp_dec.o(.text)
    _printf_fp_dec_real                      0x08000519   Thumb Code   620  _printf_fp_dec.o(.text)
    _printf_char_common                      0x0800078f   Thumb Code    32  _printf_char_common.o(.text)
    _sputc                                   0x080007b5   Thumb Code    10  _sputc.o(.text)
    _scanf_really_real                       0x08000a0d   Thumb Code   684  scanf_fp.o(.text)
    __vfscanf_char                           0x08000cc5   Thumb Code    24  scanf_char.o(.text)
    _sgetc                                   0x08000ce5   Thumb Code    30  _sgetc.o(.text)
    _sbackspace                              0x08000d03   Thumb Code    34  _sgetc.o(.text)
    __rt_locale                              0x08000d25   Thumb Code     8  rt_locale_intlibspace.o(.text)
    __aeabi_errno_addr                       0x08000d2d   Thumb Code     8  rt_errno_addr_intlibspace.o(.text)
    __errno$intlibspace                      0x08000d2d   Thumb Code     0  rt_errno_addr_intlibspace.o(.text)
    __rt_errno_addr$intlibspace              0x08000d2d   Thumb Code     0  rt_errno_addr_intlibspace.o(.text)
    _ll_udiv10                               0x08000d35   Thumb Code   138  lludiv10.o(.text)
    isspace                                  0x08000dbf   Thumb Code    18  isspace.o(.text)
    _printf_fp_infnan                        0x08000dd1   Thumb Code   112  _printf_fp_infnan.o(.text)
    __vfscanf                                0x08000e51   Thumb Code   878  _scanf.o(.text)
    _btod_etento                             0x080011c5   Thumb Code   224  bigflt0.o(.text)
    __user_libspace                          0x080012a9   Thumb Code     8  libspace.o(.text)
    __user_perproc_libspace                  0x080012a9   Thumb Code     0  libspace.o(.text)
    __user_perthread_libspace                0x080012a9   Thumb Code     0  libspace.o(.text)
    __user_setup_stackheap                   0x080012b1   Thumb Code    74  sys_stackheap_outer.o(.text)
    __rt_ctype_table                         0x080012fd   Thumb Code    16  rt_ctype_table.o(.text)
    __read_errno                             0x0800130d   Thumb Code    10  _rserrno.o(.text)
    __set_errno                              0x08001317   Thumb Code    12  _rserrno.o(.text)
    _scanf_really_hex_real                   0x08001325   Thumb Code   786  scanf_hexfp.o(.text)
    _scanf_really_infnan                     0x08001645   Thumb Code   292  scanf_infnan.o(.text)
    exit                                     0x08001779   Thumb Code    18  exit.o(.text)
    strcmp                                   0x0800178d   Thumb Code   128  strcmpv7m.o(.text)
    __aeabi_llsl                             0x0800180d   Thumb Code     0  llshl.o(.text)
    _ll_shift_l                              0x0800180d   Thumb Code    38  llshl.o(.text)
    _chval                                   0x08001833   Thumb Code    28  _chval.o(.text)
    _sys_exit                                0x08001851   Thumb Code     8  sys_exit.o(.text)
    __I$use$semihosting                      0x0800185d   Thumb Code     0  use_no_semi.o(.text)
    __use_no_semihosting_swi                 0x0800185d   Thumb Code     2  use_no_semi.o(.text)
    __semihosting_library_function           0x0800185f   Thumb Code     0  indicate_semi.o(.text)
    _btod_d2e                                0x0800185f   Thumb Code    62  btod.o(CL$$btod_d2e)
    _d2e_denorm_low                          0x0800189d   Thumb Code    70  btod.o(CL$$btod_d2e_denorm_low)
    _d2e_norm_op1                            0x080018e3   Thumb Code    96  btod.o(CL$$btod_d2e_norm_op1)
    __btod_div_common                        0x08001943   Thumb Code   696  btod.o(CL$$btod_div_common)
    _e2d                                     0x08001c7d   Thumb Code   122  btod.o(CL$$btod_e2d)
    _e2e                                     0x08001d01   Thumb Code   220  btod.o(CL$$btod_e2e)
    _btod_ediv                               0x08001ddd   Thumb Code    42  btod.o(CL$$btod_ediv)
    _btod_edivd                              0x08001e07   Thumb Code    42  btod.o(CL$$btod_edivd)
    _btod_emul                               0x08001e31   Thumb Code    42  btod.o(CL$$btod_emul)
    _btod_emuld                              0x08001e5b   Thumb Code    42  btod.o(CL$$btod_emuld)
    __btod_mult_common                       0x08001e85   Thumb Code   580  btod.o(CL$$btod_mult_common)
    ADC1_2_IRQHandler                        0x080020c9   Thumb Code    38  stm32f10x_it.o(i.ADC1_2_IRQHandler)
    ADC_ClearITPendingBit                    0x080020f9   Thumb Code    10  stm32f10x_adc.o(i.ADC_ClearITPendingBit)
    ADC_Cmd                                  0x08002103   Thumb Code    22  stm32f10x_adc.o(i.ADC_Cmd)
    ADC_GetCalibrationStatus                 0x08002119   Thumb Code    20  stm32f10x_adc.o(i.ADC_GetCalibrationStatus)
    ADC_GetConversionValue                   0x0800212d   Thumb Code     8  stm32f10x_adc.o(i.ADC_GetConversionValue)
    ADC_GetITStatus                          0x08002135   Thumb Code    36  stm32f10x_adc.o(i.ADC_GetITStatus)
    ADC_GetResetCalibrationStatus            0x08002159   Thumb Code    20  stm32f10x_adc.o(i.ADC_GetResetCalibrationStatus)
    ADC_ITConfig                             0x0800216d   Thumb Code    24  stm32f10x_adc.o(i.ADC_ITConfig)
    ADC_Init                                 0x08002185   Thumb Code    70  stm32f10x_adc.o(i.ADC_Init)
    ADC_RegularChannelConfig                 0x080021fb   Thumb Code   184  stm32f10x_adc.o(i.ADC_RegularChannelConfig)
    ADC_ResetCalibration                     0x080022b3   Thumb Code    10  stm32f10x_adc.o(i.ADC_ResetCalibration)
    ADC_SoftwareStartConvCmd                 0x080022bd   Thumb Code    22  stm32f10x_adc.o(i.ADC_SoftwareStartConvCmd)
    ADC_StartCalibration                     0x080022d3   Thumb Code    10  stm32f10x_adc.o(i.ADC_StartCalibration)
    ADCx_Init                                0x08002301   Thumb Code    16  bsp_adc.o(i.ADCx_Init)
    AlarmFunction                            0x080023a1   Thumb Code    66  main.o(i.AlarmFunction)
    BUZZER_GPIO_Config                       0x080023ed   Thumb Code    48  buzzer.o(i.BUZZER_GPIO_Config)
    BusFault_Handler                         0x08002421   Thumb Code     4  stm32f10x_it.o(i.BusFault_Handler)
    DS18B20_IN_GPIO_Config                   0x08002425   Thumb Code    34  ds18b20.o(i.DS18B20_IN_GPIO_Config)
    DS18B20_OUT_GPIO_Config                  0x0800244d   Thumb Code    50  ds18b20.o(i.DS18B20_OUT_GPIO_Config)
    DebugMon_Handler                         0x08002485   Thumb Code     2  stm32f10x_it.o(i.DebugMon_Handler)
    DelayInit                                0x08002489   Thumb Code    50  delay.o(i.DelayInit)
    Delay_ms                                 0x080024cd   Thumb Code    72  delay.o(i.Delay_ms)
    Delay_us                                 0x08002519   Thumb Code    72  delay.o(i.Delay_us)
    Ds18b20ChangTemp                         0x08002565   Thumb Code    26  ds18b20.o(i.Ds18b20ChangTemp)
    Ds18b20Init                              0x08002581   Thumb Code    76  ds18b20.o(i.Ds18b20Init)
    Ds18b20ReadByte                          0x080025d1   Thumb Code    82  ds18b20.o(i.Ds18b20ReadByte)
    Ds18b20ReadTemp                          0x08002629   Thumb Code    34  ds18b20.o(i.Ds18b20ReadTemp)
    Ds18b20ReadTempCom                       0x0800264b   Thumb Code    26  ds18b20.o(i.Ds18b20ReadTempCom)
    Ds18b20WriteByte                         0x08002665   Thumb Code    88  ds18b20.o(i.Ds18b20WriteByte)
    GPIO_Init                                0x080026c1   Thumb Code   278  stm32f10x_gpio.o(i.GPIO_Init)
    GPIO_OLED_Init                           0x080027d9   Thumb Code    54  oled.o(i.GPIO_OLED_Init)
    GPIO_PinRemapConfig                      0x08002819   Thumb Code   138  stm32f10x_gpio.o(i.GPIO_PinRemapConfig)
    GPIO_ReadInputDataBit                    0x080028a9   Thumb Code    18  stm32f10x_gpio.o(i.GPIO_ReadInputDataBit)
    GPIO_ResetBits                           0x080028bb   Thumb Code     4  stm32f10x_gpio.o(i.GPIO_ResetBits)
    GPIO_SetBits                             0x080028bf   Thumb Code     4  stm32f10x_gpio.o(i.GPIO_SetBits)
    HardFault_Handler                        0x080028c3   Thumb Code     4  stm32f10x_it.o(i.HardFault_Handler)
    KeyDetection                             0x080028c9   Thumb Code   294  main.o(i.KeyDetection)
    Key_GPIO_Config                          0x08002a09   Thumb Code    40  main.o(i.Key_GPIO_Config)
    LED_GPIO_Config                          0x08002a35   Thumb Code    46  led.o(i.LED_GPIO_Config)
    MemManage_Handler                        0x08002a69   Thumb Code     4  stm32f10x_it.o(i.MemManage_Handler)
    NMI_Handler                              0x08002a6d   Thumb Code     2  stm32f10x_it.o(i.NMI_Handler)
    NVIC_Init                                0x08002a71   Thumb Code   100  misc.o(i.NVIC_Init)
    NVIC_PriorityGroupConfig                 0x08002ae1   Thumb Code    10  misc.o(i.NVIC_PriorityGroupConfig)
    OLED_Clear                               0x08002af5   Thumb Code    62  oled.o(i.OLED_Clear)
    OLED_IIC_Start                           0x08002b35   Thumb Code    36  oled.o(i.OLED_IIC_Start)
    OLED_IIC_Stop                            0x08002b5d   Thumb Code    28  oled.o(i.OLED_IIC_Stop)
    OLED_IIC_Wait_Ack                        0x08002b7d   Thumb Code    20  oled.o(i.OLED_IIC_Wait_Ack)
    OLED_Init                                0x08002b95   Thumb Code   232  oled.o(i.OLED_Init)
    OLED_Set_Pos                             0x08002c7d   Thumb Code    40  oled.o(i.OLED_Set_Pos)
    OLED_ShowChar                            0x08002ca5   Thumb Code   154  oled.o(i.OLED_ShowChar)
    OLED_ShowNumber                          0x08002d49   Thumb Code   136  oled.o(i.OLED_ShowNumber)
    OLED_ShowString                          0x08002dd1   Thumb Code    54  oled.o(i.OLED_ShowString)
    OLED_WR_Byte                             0x08002e07   Thumb Code    24  oled.o(i.OLED_WR_Byte)
    OLED_Write_IIC_Byte                      0x08002e21   Thumb Code    80  oled.o(i.OLED_Write_IIC_Byte)
    OLED_Write_IIC_Command                   0x08002e75   Thumb Code    44  oled.o(i.OLED_Write_IIC_Command)
    OLED_Write_IIC_Data                      0x08002ea1   Thumb Code    44  oled.o(i.OLED_Write_IIC_Data)
    OLED_printf                              0x08002ecd   Thumb Code   176  main.o(i.OLED_printf)
    PendSV_Handler                           0x08002f7d   Thumb Code     2  stm32f10x_it.o(i.PendSV_Handler)
    RCC_ADCCLKConfig                         0x08002f81   Thumb Code    18  stm32f10x_rcc.o(i.RCC_ADCCLKConfig)
    RCC_APB2PeriphClockCmd                   0x08002f99   Thumb Code    26  stm32f10x_rcc.o(i.RCC_APB2PeriphClockCmd)
    SVC_Handler                              0x08002fb9   Thumb Code     2  stm32f10x_it.o(i.SVC_Handler)
    SysTick_CLKSourceConfig                  0x080030a5   Thumb Code    40  misc.o(i.SysTick_CLKSourceConfig)
    SysTick_Handler                          0x080030cd   Thumb Code     2  stm32f10x_it.o(i.SysTick_Handler)
    SystemInit                               0x080030d1   Thumb Code    78  system_stm32f10x.o(i.SystemInit)
    UsageFault_Handler                       0x08003131   Thumb Code     4  stm32f10x_it.o(i.UsageFault_Handler)
    __ARM_fpclassify                         0x08003135   Thumb Code    40  fpclassify.o(i.__ARM_fpclassify)
    __mathlib_dbl_overflow                   0x0800315d   Thumb Code    14  dunder.o(i.__mathlib_dbl_overflow)
    __mathlib_dbl_underflow                  0x0800316d   Thumb Code    10  dunder.o(i.__mathlib_dbl_underflow)
    __mathlib_narrow                         0x0800317d   Thumb Code    16  narrow.o(i.__mathlib_narrow)
    __mathlib_tofloat                        0x0800318d   Thumb Code   184  narrow.o(i.__mathlib_tofloat)
    __support_ldexp                          0x08003249   Thumb Code    22  ldexp.o(i.__support_ldexp)
    _is_digit                                0x0800325f   Thumb Code    14  __printf_wp.o(i._is_digit)
    datapros                                 0x0800326d   Thumb Code   152  ds18b20.o(i.datapros)
    frexp                                    0x08003319   Thumb Code    80  frexp.o(i.frexp)
    ldexp                                    0x08003371   Thumb Code   116  ldexp.o(i.ldexp)
    main                                     0x080033e5   Thumb Code   220  main.o(i.main)
    oled_pow                                 0x080034d1   Thumb Code    22  oled.o(i.oled_pow)
    show_main                                0x080034e9   Thumb Code   330  main.o(i.show_main)
    show_set                                 0x08003699   Thumb Code   280  main.o(i.show_set)
    _get_lc_numeric                          0x080037dd   Thumb Code    44  lc_numeric_c.o(locale$$code)
    _get_lc_ctype                            0x08003809   Thumb Code    44  lc_ctype_c.o(locale$$code)
    __aeabi_d2f                              0x08003835   Thumb Code     0  d2f.o(x$fpl$d2f)
    _d2f                                     0x08003835   Thumb Code    98  d2f.o(x$fpl$d2f)
    __aeabi_dadd                             0x08003899   Thumb Code     0  daddsub_clz.o(x$fpl$dadd)
    _dadd                                    0x08003899   Thumb Code   332  daddsub_clz.o(x$fpl$dadd)
    __fpl_dcheck_NaN1                        0x080039e9   Thumb Code    10  dcheck1.o(x$fpl$dcheck1)
    __fpl_dcmp_Inf                           0x080039f9   Thumb Code    24  dcmpi.o(x$fpl$dcmpinf)
    __aeabi_ddiv                             0x08003a11   Thumb Code     0  ddiv.o(x$fpl$ddiv)
    _ddiv                                    0x08003a11   Thumb Code   552  ddiv.o(x$fpl$ddiv)
    __aeabi_cdcmpeq                          0x08003cc1   Thumb Code     0  deqf.o(x$fpl$deqf)
    _dcmpeq                                  0x08003cc1   Thumb Code   120  deqf.o(x$fpl$deqf)
    __aeabi_d2iz                             0x08003d39   Thumb Code     0  dfix.o(x$fpl$dfix)
    _dfix                                    0x08003d39   Thumb Code    94  dfix.o(x$fpl$dfix)
    __aeabi_cdcmple                          0x08003d99   Thumb Code     0  dleqf.o(x$fpl$dleqf)
    _dcmple                                  0x08003d99   Thumb Code   120  dleqf.o(x$fpl$dleqf)
    __fpl_dcmple_InfNaN                      0x08003dfb   Thumb Code     0  dleqf.o(x$fpl$dleqf)
    __aeabi_dmul                             0x08003e11   Thumb Code     0  dmul.o(x$fpl$dmul)
    _dmul                                    0x08003e11   Thumb Code   332  dmul.o(x$fpl$dmul)
    __fpl_dnaninf                            0x08003f65   Thumb Code   156  dnaninf.o(x$fpl$dnaninf)
    __fpl_dretinf                            0x08004001   Thumb Code    12  dretinf.o(x$fpl$dretinf)
    __aeabi_cdrcmple                         0x0800400d   Thumb Code     0  drleqf.o(x$fpl$drleqf)
    _drcmple                                 0x0800400d   Thumb Code   108  drleqf.o(x$fpl$drleqf)
    __aeabi_dsub                             0x08004079   Thumb Code     0  daddsub_clz.o(x$fpl$dsub)
    _dsub                                    0x08004079   Thumb Code   464  daddsub_clz.o(x$fpl$dsub)
    __aeabi_f2d                              0x0800424d   Thumb Code     0  f2d.o(x$fpl$f2d)
    _f2d                                     0x0800424d   Thumb Code    86  f2d.o(x$fpl$f2d)
    __fpl_fcmp_Inf                           0x080042a3   Thumb Code    24  fcmpi.o(x$fpl$fcmpinf)
    __aeabi_fdiv                             0x080042bd   Thumb Code     0  fdiv.o(x$fpl$fdiv)
    _fdiv                                    0x080042bd   Thumb Code   384  fdiv.o(x$fpl$fdiv)
    __aeabi_i2f                              0x08004441   Thumb Code     0  fflt_clz.o(x$fpl$fflt)
    _fflt                                    0x08004441   Thumb Code    48  fflt_clz.o(x$fpl$fflt)
    __aeabi_ui2f                             0x08004471   Thumb Code     0  fflt_clz.o(x$fpl$ffltu)
    _ffltu                                   0x08004471   Thumb Code    38  fflt_clz.o(x$fpl$ffltu)
    __aeabi_cfcmple                          0x08004499   Thumb Code     0  fleqf.o(x$fpl$fleqf)
    _fcmple                                  0x08004499   Thumb Code   104  fleqf.o(x$fpl$fleqf)
    __fpl_fcmple_InfNaN                      0x080044eb   Thumb Code     0  fleqf.o(x$fpl$fleqf)
    __aeabi_fmul                             0x08004501   Thumb Code     0  fmul.o(x$fpl$fmul)
    _fmul                                    0x08004501   Thumb Code   258  fmul.o(x$fpl$fmul)
    __fpl_fnaninf                            0x08004603   Thumb Code   140  fnaninf.o(x$fpl$fnaninf)
    __fpl_fretinf                            0x0800468f   Thumb Code    10  fretinf.o(x$fpl$fretinf)
    __aeabi_cfrcmple                         0x08004699   Thumb Code     0  frleqf.o(x$fpl$frleqf)
    _frcmple                                 0x08004699   Thumb Code    98  frleqf.o(x$fpl$frleqf)
    __ieee_status                            0x080046fb   Thumb Code     6  istatus.o(x$fpl$ieeestatus)
    _printf_fp_dec                           0x08004701   Thumb Code     4  printf1.o(x$fpl$printf1)
    __fpl_return_NaN                         0x08004705   Thumb Code   100  retnan.o(x$fpl$retnan)
    __ARM_scalbn                             0x08004769   Thumb Code    92  scalbn.o(x$fpl$scalbn)
    _scanf_real                              0x080047c5   Thumb Code     4  scanf1.o(x$fpl$scanf1)
    _scanf_hex_real                          0x080047c9   Thumb Code     4  scanf2.o(x$fpl$scanf2)
    _scanf_infnan                            0x080047cd   Thumb Code     4  scanf2.o(x$fpl$scanf2)
    __fpl_cmpreturn                          0x080047d1   Thumb Code    48  trapv.o(x$fpl$trapveneer)
    F6x8                                     0x08004800   Data         552  oled.o(.constdata)
    __I$use$fp                               0x08004800   Number         0  usenofp.o(x$fpl$usenofp)
    F8X16                                    0x08004a28   Data        1520  oled.o(.constdata)
    Region$$Table$$Base                      0x080050ac   Number         0  anon$$obj.o(Region$$Table)
    Region$$Table$$Limit                     0x080050cc   Number         0  anon$$obj.o(Region$$Table)
    __aeabi_HUGE_VAL                         0x080050cc   Data           0  fpconst.o(c$$dinf)
    __aeabi_HUGE_VALL                        0x080050cc   Data           0  fpconst.o(c$$dinf)
    __aeabi_INFINITY                         0x080050cc   Data           0  fpconst.o(c$$dinf)
    __dInf                                   0x080050cc   Data           0  fpconst.o(c$$dinf)
    __huge_val                               0x080050cc   Data           0  fpconst.o(c$$dinf)
    __dbl_max                                0x080050d4   Data           0  fpconst.o(c$$dmax)
    __ctype                                  0x08005105   Data           0  lc_ctype_c.o(locale$$data)
    SystemCoreClock                          0x20000000   Data           4  system_stm32f10x.o(.data)
    AHBPrescTable                            0x20000004   Data          16  system_stm32f10x.o(.data)
    ADC_ConvertedValue                       0x20000014   Data           2  bsp_adc.o(.data)
    D_temp                                   0x20000018   Data           4  ds18b20.o(.data)
    Vol                                      0x2000001c   Data           4  main.o(.data)
    smoke                                    0x20000020   Data           4  main.o(.data)
    keyState                                 0x20000024   Data           1  main.o(.data)
    key1flag                                 0x20000025   Data           1  main.o(.data)
    key2flag                                 0x20000026   Data           1  main.o(.data)
    key3flag                                 0x20000027   Data           1  main.o(.data)
    key4flag                                 0x20000028   Data           1  main.o(.data)
    temp                                     0x2000002c   Data           4  main.o(.data)
    Handover                                 0x20000030   Data           4  main.o(.data)
    show_flag                                0x20000034   Data           4  main.o(.data)
    set_temp                                 0x20000038   Data           4  main.o(.data)
    set_smoke                                0x2000003c   Data           4  main.o(.data)
    ManualAlarm                              0x20000040   Data           4  main.o(.data)
    DisplayData                              0x20000048   Data          15  ds18b20.o(.bss)
    Dis_Smoke_Buf                            0x20000057   Data          20  main.o(.bss)
    Dis_ADC_Buf                              0x2000006b   Data          20  main.o(.bss)
    Dis_Temp_Buf                             0x2000007f   Data          20  main.o(.bss)
    __libspace_start                         0x20000094   Data          96  libspace.o(.bss)
    __temporary_stack_top$libspace           0x200000f4   Data           0  libspace.o(.bss)



==============================================================================

Memory Map of the image

  Image Entry point : 0x080000ed

  Load Region LR_IROM1 (Base: 0x08000000, Size: 0x00005250, Max: 0x00010000, ABSOLUTE)

    Execution Region ER_IROM1 (Exec base: 0x08000000, Load base: 0x08000000, Size: 0x00005208, Max: 0x00010000, ABSOLUTE)

    Exec Addr    Load Addr    Size         Type   Attr      Idx    E Section Name        Object

    0x08000000   0x08000000   0x000000ec   Data   RO           19    RESET               startup_stm32f10x_md.o
    0x080000ec   0x080000ec   0x00000008   Code   RO         1197  * !!!main             c_w.l(__main.o)
    0x080000f4   0x080000f4   0x00000034   Code   RO         1560    !!!scatter          c_w.l(__scatter.o)
    0x08000128   0x08000128   0x0000001a   Code   RO         1562    !!handler_copy      c_w.l(__scatter_copy.o)
    0x08000142   0x08000142   0x00000002   PAD
    0x08000144   0x08000144   0x0000001c   Code   RO         1564    !!handler_zi        c_w.l(__scatter_zi.o)
    0x08000160   0x08000160   0x00000000   Code   RO         1192    .ARM.Collect$$_printf_percent$$00000000  c_w.l(_printf_percent.o)
    0x08000160   0x08000160   0x00000006   Code   RO         1191    .ARM.Collect$$_printf_percent$$00000003  c_w.l(_printf_f.o)
    0x08000166   0x08000166   0x00000004   Code   RO         1258    .ARM.Collect$$_printf_percent$$00000017  c_w.l(_printf_percent_end.o)
    0x0800016a   0x0800016a   0x00000002   Code   RO         1383    .ARM.Collect$$libinit$$00000000  c_w.l(libinit.o)
    0x0800016c   0x0800016c   0x00000000   Code   RO         1385    .ARM.Collect$$libinit$$00000002  c_w.l(libinit2.o)
    0x0800016c   0x0800016c   0x00000000   Code   RO         1387    .ARM.Collect$$libinit$$00000004  c_w.l(libinit2.o)
    0x0800016c   0x0800016c   0x00000000   Code   RO         1390    .ARM.Collect$$libinit$$0000000A  c_w.l(libinit2.o)
    0x0800016c   0x0800016c   0x00000000   Code   RO         1392    .ARM.Collect$$libinit$$0000000C  c_w.l(libinit2.o)
    0x0800016c   0x0800016c   0x00000000   Code   RO         1394    .ARM.Collect$$libinit$$0000000E  c_w.l(libinit2.o)
    0x0800016c   0x0800016c   0x00000006   Code   RO         1395    .ARM.Collect$$libinit$$0000000F  c_w.l(libinit2.o)
    0x08000172   0x08000172   0x00000000   Code   RO         1397    .ARM.Collect$$libinit$$00000011  c_w.l(libinit2.o)
    0x08000172   0x08000172   0x0000000c   Code   RO         1398    .ARM.Collect$$libinit$$00000012  c_w.l(libinit2.o)
    0x0800017e   0x0800017e   0x00000000   Code   RO         1399    .ARM.Collect$$libinit$$00000013  c_w.l(libinit2.o)
    0x0800017e   0x0800017e   0x00000000   Code   RO         1401    .ARM.Collect$$libinit$$00000015  c_w.l(libinit2.o)
    0x0800017e   0x0800017e   0x0000000a   Code   RO         1402    .ARM.Collect$$libinit$$00000016  c_w.l(libinit2.o)
    0x08000188   0x08000188   0x00000000   Code   RO         1403    .ARM.Collect$$libinit$$00000017  c_w.l(libinit2.o)
    0x08000188   0x08000188   0x00000000   Code   RO         1405    .ARM.Collect$$libinit$$00000019  c_w.l(libinit2.o)
    0x08000188   0x08000188   0x00000000   Code   RO         1407    .ARM.Collect$$libinit$$0000001B  c_w.l(libinit2.o)
    0x08000188   0x08000188   0x00000000   Code   RO         1409    .ARM.Collect$$libinit$$0000001D  c_w.l(libinit2.o)
    0x08000188   0x08000188   0x00000000   Code   RO         1411    .ARM.Collect$$libinit$$0000001F  c_w.l(libinit2.o)
    0x08000188   0x08000188   0x00000000   Code   RO         1413    .ARM.Collect$$libinit$$00000021  c_w.l(libinit2.o)
    0x08000188   0x08000188   0x00000000   Code   RO         1415    .ARM.Collect$$libinit$$00000023  c_w.l(libinit2.o)
    0x08000188   0x08000188   0x00000000   Code   RO         1417    .ARM.Collect$$libinit$$00000025  c_w.l(libinit2.o)
    0x08000188   0x08000188   0x00000000   Code   RO         1421    .ARM.Collect$$libinit$$0000002C  c_w.l(libinit2.o)
    0x08000188   0x08000188   0x00000000   Code   RO         1423    .ARM.Collect$$libinit$$0000002E  c_w.l(libinit2.o)
    0x08000188   0x08000188   0x00000000   Code   RO         1425    .ARM.Collect$$libinit$$00000030  c_w.l(libinit2.o)
    0x08000188   0x08000188   0x00000000   Code   RO         1427    .ARM.Collect$$libinit$$00000032  c_w.l(libinit2.o)
    0x08000188   0x08000188   0x00000002   Code   RO         1428    .ARM.Collect$$libinit$$00000033  c_w.l(libinit2.o)
    0x0800018a   0x0800018a   0x00000002   Code   RO         1504    .ARM.Collect$$libshutdown$$00000000  c_w.l(libshutdown.o)
    0x0800018c   0x0800018c   0x00000000   Code   RO         1517    .ARM.Collect$$libshutdown$$00000002  c_w.l(libshutdown2.o)
    0x0800018c   0x0800018c   0x00000000   Code   RO         1519    .ARM.Collect$$libshutdown$$00000004  c_w.l(libshutdown2.o)
    0x0800018c   0x0800018c   0x00000000   Code   RO         1522    .ARM.Collect$$libshutdown$$00000007  c_w.l(libshutdown2.o)
    0x0800018c   0x0800018c   0x00000000   Code   RO         1525    .ARM.Collect$$libshutdown$$0000000A  c_w.l(libshutdown2.o)
    0x0800018c   0x0800018c   0x00000000   Code   RO         1527    .ARM.Collect$$libshutdown$$0000000C  c_w.l(libshutdown2.o)
    0x0800018c   0x0800018c   0x00000000   Code   RO         1530    .ARM.Collect$$libshutdown$$0000000F  c_w.l(libshutdown2.o)
    0x0800018c   0x0800018c   0x00000002   Code   RO         1531    .ARM.Collect$$libshutdown$$00000010  c_w.l(libshutdown2.o)
    0x0800018e   0x0800018e   0x00000000   Code   RO         1251    .ARM.Collect$$rtentry$$00000000  c_w.l(__rtentry.o)
    0x0800018e   0x0800018e   0x00000000   Code   RO         1279    .ARM.Collect$$rtentry$$00000002  c_w.l(__rtentry2.o)
    0x0800018e   0x0800018e   0x00000006   Code   RO         1291    .ARM.Collect$$rtentry$$00000004  c_w.l(__rtentry4.o)
    0x08000194   0x08000194   0x00000000   Code   RO         1281    .ARM.Collect$$rtentry$$00000009  c_w.l(__rtentry2.o)
    0x08000194   0x08000194   0x00000004   Code   RO         1282    .ARM.Collect$$rtentry$$0000000A  c_w.l(__rtentry2.o)
    0x08000198   0x08000198   0x00000000   Code   RO         1284    .ARM.Collect$$rtentry$$0000000C  c_w.l(__rtentry2.o)
    0x08000198   0x08000198   0x00000008   Code   RO         1285    .ARM.Collect$$rtentry$$0000000D  c_w.l(__rtentry2.o)
    0x080001a0   0x080001a0   0x00000002   Code   RO         1437    .ARM.Collect$$rtexit$$00000000  c_w.l(rtexit.o)
    0x080001a2   0x080001a2   0x00000000   Code   RO         1465    .ARM.Collect$$rtexit$$00000002  c_w.l(rtexit2.o)
    0x080001a2   0x080001a2   0x00000004   Code   RO         1466    .ARM.Collect$$rtexit$$00000003  c_w.l(rtexit2.o)
    0x080001a6   0x080001a6   0x00000006   Code   RO         1467    .ARM.Collect$$rtexit$$00000004  c_w.l(rtexit2.o)
    0x080001ac   0x080001ac   0x00000040   Code   RO           20    .text               startup_stm32f10x_md.o
    0x080001ec   0x080001ec   0x00000028   Code   RO         1167    .text               c_w.l(noretval__2sprintf.o)
    0x08000214   0x08000214   0x0000010e   Code   RO         1179    .text               c_w.l(__printf_wp.o)
    0x08000322   0x08000322   0x00000002   PAD
    0x08000324   0x08000324   0x0000003c   Code   RO         1193    .text               c_w.l(__0sscanf.o)
    0x08000360   0x08000360   0x00000006   Code   RO         1195    .text               c_w.l(heapauxi.o)
    0x08000366   0x08000366   0x0000041e   Code   RO         1252    .text               c_w.l(_printf_fp_dec.o)
    0x08000784   0x08000784   0x00000030   Code   RO         1254    .text               c_w.l(_printf_char_common.o)
    0x080007b4   0x080007b4   0x0000000a   Code   RO         1256    .text               c_w.l(_sputc.o)
    0x080007be   0x080007be   0x00000002   PAD
    0x080007c0   0x080007c0   0x000004f8   Code   RO         1259    .text               c_w.l(scanf_fp.o)
    0x08000cb8   0x08000cb8   0x0000002c   Code   RO         1261    .text               c_w.l(scanf_char.o)
    0x08000ce4   0x08000ce4   0x00000040   Code   RO         1263    .text               c_w.l(_sgetc.o)
    0x08000d24   0x08000d24   0x00000008   Code   RO         1296    .text               c_w.l(rt_locale_intlibspace.o)
    0x08000d2c   0x08000d2c   0x00000008   Code   RO         1301    .text               c_w.l(rt_errno_addr_intlibspace.o)
    0x08000d34   0x08000d34   0x0000008a   Code   RO         1303    .text               c_w.l(lludiv10.o)
    0x08000dbe   0x08000dbe   0x00000012   Code   RO         1305    .text               c_w.l(isspace.o)
    0x08000dd0   0x08000dd0   0x00000080   Code   RO         1307    .text               c_w.l(_printf_fp_infnan.o)
    0x08000e50   0x08000e50   0x00000374   Code   RO         1311    .text               c_w.l(_scanf.o)
    0x080011c4   0x080011c4   0x000000e4   Code   RO         1313    .text               c_w.l(bigflt0.o)
    0x080012a8   0x080012a8   0x00000008   Code   RO         1361    .text               c_w.l(libspace.o)
    0x080012b0   0x080012b0   0x0000004a   Code   RO         1364    .text               c_w.l(sys_stackheap_outer.o)
    0x080012fa   0x080012fa   0x00000002   PAD
    0x080012fc   0x080012fc   0x00000010   Code   RO         1366    .text               c_w.l(rt_ctype_table.o)
    0x0800130c   0x0800130c   0x00000016   Code   RO         1368    .text               c_w.l(_rserrno.o)
    0x08001322   0x08001322   0x00000002   PAD
    0x08001324   0x08001324   0x00000320   Code   RO         1370    .text               c_w.l(scanf_hexfp.o)
    0x08001644   0x08001644   0x00000134   Code   RO         1372    .text               c_w.l(scanf_infnan.o)
    0x08001778   0x08001778   0x00000012   Code   RO         1374    .text               c_w.l(exit.o)
    0x0800178a   0x0800178a   0x00000002   PAD
    0x0800178c   0x0800178c   0x00000080   Code   RO         1376    .text               c_w.l(strcmpv7m.o)
    0x0800180c   0x0800180c   0x00000026   Code   RO         1439    .text               c_w.l(llshl.o)
    0x08001832   0x08001832   0x0000001c   Code   RO         1441    .text               c_w.l(_chval.o)
    0x0800184e   0x0800184e   0x00000002   PAD
    0x08001850   0x08001850   0x0000000c   Code   RO         1494    .text               c_w.l(sys_exit.o)
    0x0800185c   0x0800185c   0x00000002   Code   RO         1507    .text               c_w.l(use_no_semi.o)
    0x0800185e   0x0800185e   0x00000000   Code   RO         1509    .text               c_w.l(indicate_semi.o)
    0x0800185e   0x0800185e   0x0000003e   Code   RO         1316    CL$$btod_d2e        c_w.l(btod.o)
    0x0800189c   0x0800189c   0x00000046   Code   RO         1318    CL$$btod_d2e_denorm_low  c_w.l(btod.o)
    0x080018e2   0x080018e2   0x00000060   Code   RO         1317    CL$$btod_d2e_norm_op1  c_w.l(btod.o)
    0x08001942   0x08001942   0x00000338   Code   RO         1326    CL$$btod_div_common  c_w.l(btod.o)
    0x08001c7a   0x08001c7a   0x00000002   PAD
    0x08001c7c   0x08001c7c   0x00000084   Code   RO         1324    CL$$btod_e2d        c_w.l(btod.o)
    0x08001d00   0x08001d00   0x000000dc   Code   RO         1323    CL$$btod_e2e        c_w.l(btod.o)
    0x08001ddc   0x08001ddc   0x0000002a   Code   RO         1320    CL$$btod_ediv       c_w.l(btod.o)
    0x08001e06   0x08001e06   0x0000002a   Code   RO         1322    CL$$btod_edivd      c_w.l(btod.o)
    0x08001e30   0x08001e30   0x0000002a   Code   RO         1319    CL$$btod_emul       c_w.l(btod.o)
    0x08001e5a   0x08001e5a   0x0000002a   Code   RO         1321    CL$$btod_emuld      c_w.l(btod.o)
    0x08001e84   0x08001e84   0x00000244   Code   RO         1325    CL$$btod_mult_common  c_w.l(btod.o)
    0x080020c8   0x080020c8   0x00000030   Code   RO         1061    i.ADC1_2_IRQHandler  stm32f10x_it.o
    0x080020f8   0x080020f8   0x0000000a   Code   RO          328    i.ADC_ClearITPendingBit  stm32f10x_adc.o
    0x08002102   0x08002102   0x00000016   Code   RO          329    i.ADC_Cmd           stm32f10x_adc.o
    0x08002118   0x08002118   0x00000014   Code   RO          337    i.ADC_GetCalibrationStatus  stm32f10x_adc.o
    0x0800212c   0x0800212c   0x00000008   Code   RO          338    i.ADC_GetConversionValue  stm32f10x_adc.o
    0x08002134   0x08002134   0x00000024   Code   RO          341    i.ADC_GetITStatus   stm32f10x_adc.o
    0x08002158   0x08002158   0x00000014   Code   RO          343    i.ADC_GetResetCalibrationStatus  stm32f10x_adc.o
    0x0800216c   0x0800216c   0x00000018   Code   RO          346    i.ADC_ITConfig      stm32f10x_adc.o
    0x08002184   0x08002184   0x00000050   Code   RO          347    i.ADC_Init          stm32f10x_adc.o
    0x080021d4   0x080021d4   0x00000026   Code   RO          659    i.ADC_NVIC_Config   bsp_adc.o
    0x080021fa   0x080021fa   0x000000b8   Code   RO          351    i.ADC_RegularChannelConfig  stm32f10x_adc.o
    0x080022b2   0x080022b2   0x0000000a   Code   RO          352    i.ADC_ResetCalibration  stm32f10x_adc.o
    0x080022bc   0x080022bc   0x00000016   Code   RO          354    i.ADC_SoftwareStartConvCmd  stm32f10x_adc.o
    0x080022d2   0x080022d2   0x0000000a   Code   RO          356    i.ADC_StartCalibration  stm32f10x_adc.o
    0x080022dc   0x080022dc   0x00000024   Code   RO          660    i.ADCx_GPIO_Config  bsp_adc.o
    0x08002300   0x08002300   0x00000010   Code   RO          661    i.ADCx_Init         bsp_adc.o
    0x08002310   0x08002310   0x00000090   Code   RO          662    i.ADCx_Mode_Config  bsp_adc.o
    0x080023a0   0x080023a0   0x0000004c   Code   RO          997    i.AlarmFunction     main.o
    0x080023ec   0x080023ec   0x00000034   Code   RO          692    i.BUZZER_GPIO_Config  buzzer.o
    0x08002420   0x08002420   0x00000004   Code   RO         1062    i.BusFault_Handler  stm32f10x_it.o
    0x08002424   0x08002424   0x00000028   Code   RO          707    i.DS18B20_IN_GPIO_Config  ds18b20.o
    0x0800244c   0x0800244c   0x00000038   Code   RO          708    i.DS18B20_OUT_GPIO_Config  ds18b20.o
    0x08002484   0x08002484   0x00000002   Code   RO         1063    i.DebugMon_Handler  stm32f10x_it.o
    0x08002486   0x08002486   0x00000002   PAD
    0x08002488   0x08002488   0x00000044   Code   RO         1131    i.DelayInit         delay.o
    0x080024cc   0x080024cc   0x0000004c   Code   RO         1132    i.Delay_ms          delay.o
    0x08002518   0x08002518   0x0000004c   Code   RO         1134    i.Delay_us          delay.o
    0x08002564   0x08002564   0x0000001a   Code   RO          709    i.Ds18b20ChangTemp  ds18b20.o
    0x0800257e   0x0800257e   0x00000002   PAD
    0x08002580   0x08002580   0x00000050   Code   RO          710    i.Ds18b20Init       ds18b20.o
    0x080025d0   0x080025d0   0x00000058   Code   RO          711    i.Ds18b20ReadByte   ds18b20.o
    0x08002628   0x08002628   0x00000022   Code   RO          712    i.Ds18b20ReadTemp   ds18b20.o
    0x0800264a   0x0800264a   0x0000001a   Code   RO          713    i.Ds18b20ReadTempCom  ds18b20.o
    0x08002664   0x08002664   0x0000005c   Code   RO          714    i.Ds18b20WriteByte  ds18b20.o
    0x080026c0   0x080026c0   0x00000116   Code   RO          551    i.GPIO_Init         stm32f10x_gpio.o
    0x080027d6   0x080027d6   0x00000002   PAD
    0x080027d8   0x080027d8   0x00000040   Code   RO          794    i.GPIO_OLED_Init    oled.o
    0x08002818   0x08002818   0x00000090   Code   RO          553    i.GPIO_PinRemapConfig  stm32f10x_gpio.o
    0x080028a8   0x080028a8   0x00000012   Code   RO          555    i.GPIO_ReadInputDataBit  stm32f10x_gpio.o
    0x080028ba   0x080028ba   0x00000004   Code   RO          558    i.GPIO_ResetBits    stm32f10x_gpio.o
    0x080028be   0x080028be   0x00000004   Code   RO          559    i.GPIO_SetBits      stm32f10x_gpio.o
    0x080028c2   0x080028c2   0x00000004   Code   RO         1064    i.HardFault_Handler  stm32f10x_it.o
    0x080028c6   0x080028c6   0x00000002   PAD
    0x080028c8   0x080028c8   0x00000140   Code   RO          998    i.KeyDetection      main.o
    0x08002a08   0x08002a08   0x0000002c   Code   RO          999    i.Key_GPIO_Config   main.o
    0x08002a34   0x08002a34   0x00000034   Code   RO          777    i.LED_GPIO_Config   led.o
    0x08002a68   0x08002a68   0x00000004   Code   RO         1065    i.MemManage_Handler  stm32f10x_it.o
    0x08002a6c   0x08002a6c   0x00000002   Code   RO         1066    i.NMI_Handler       stm32f10x_it.o
    0x08002a6e   0x08002a6e   0x00000002   PAD
    0x08002a70   0x08002a70   0x00000070   Code   RO          287    i.NVIC_Init         misc.o
    0x08002ae0   0x08002ae0   0x00000014   Code   RO          288    i.NVIC_PriorityGroupConfig  misc.o
    0x08002af4   0x08002af4   0x0000003e   Code   RO          795    i.OLED_Clear        oled.o
    0x08002b32   0x08002b32   0x00000002   PAD
    0x08002b34   0x08002b34   0x00000028   Code   RO          801    i.OLED_IIC_Start    oled.o
    0x08002b5c   0x08002b5c   0x00000020   Code   RO          802    i.OLED_IIC_Stop     oled.o
    0x08002b7c   0x08002b7c   0x00000018   Code   RO          803    i.OLED_IIC_Wait_Ack  oled.o
    0x08002b94   0x08002b94   0x000000e8   Code   RO          804    i.OLED_Init         oled.o
    0x08002c7c   0x08002c7c   0x00000028   Code   RO          811    i.OLED_Set_Pos      oled.o
    0x08002ca4   0x08002ca4   0x000000a4   Code   RO          813    i.OLED_ShowChar     oled.o
    0x08002d48   0x08002d48   0x00000088   Code   RO          814    i.OLED_ShowNumber   oled.o
    0x08002dd0   0x08002dd0   0x00000036   Code   RO          815    i.OLED_ShowString   oled.o
    0x08002e06   0x08002e06   0x00000018   Code   RO          816    i.OLED_WR_Byte      oled.o
    0x08002e1e   0x08002e1e   0x00000002   PAD
    0x08002e20   0x08002e20   0x00000054   Code   RO          817    i.OLED_Write_IIC_Byte  oled.o
    0x08002e74   0x08002e74   0x0000002c   Code   RO          818    i.OLED_Write_IIC_Command  oled.o
    0x08002ea0   0x08002ea0   0x0000002c   Code   RO          819    i.OLED_Write_IIC_Data  oled.o
    0x08002ecc   0x08002ecc   0x000000b0   Code   RO         1000    i.OLED_printf       main.o
    0x08002f7c   0x08002f7c   0x00000002   Code   RO         1067    i.PendSV_Handler    stm32f10x_it.o
    0x08002f7e   0x08002f7e   0x00000002   PAD
    0x08002f80   0x08002f80   0x00000018   Code   RO           83    i.RCC_ADCCLKConfig  stm32f10x_rcc.o
    0x08002f98   0x08002f98   0x00000020   Code   RO           87    i.RCC_APB2PeriphClockCmd  stm32f10x_rcc.o
    0x08002fb8   0x08002fb8   0x00000002   Code   RO         1068    i.SVC_Handler       stm32f10x_it.o
    0x08002fba   0x08002fba   0x00000008   Code   RO           24    i.SetSysClock       system_stm32f10x.o
    0x08002fc2   0x08002fc2   0x00000002   PAD
    0x08002fc4   0x08002fc4   0x000000e0   Code   RO           25    i.SetSysClockTo72   system_stm32f10x.o
    0x080030a4   0x080030a4   0x00000028   Code   RO          291    i.SysTick_CLKSourceConfig  misc.o
    0x080030cc   0x080030cc   0x00000002   Code   RO         1069    i.SysTick_Handler   stm32f10x_it.o
    0x080030ce   0x080030ce   0x00000002   PAD
    0x080030d0   0x080030d0   0x00000060   Code   RO           27    i.SystemInit        system_stm32f10x.o
    0x08003130   0x08003130   0x00000004   Code   RO         1070    i.UsageFault_Handler  stm32f10x_it.o
    0x08003134   0x08003134   0x00000028   Code   RO         1353    i.__ARM_fpclassify  m_ws.l(fpclassify.o)
    0x0800315c   0x0800315c   0x0000000e   Code   RO         1481    i.__mathlib_dbl_overflow  m_ws.l(dunder.o)
    0x0800316a   0x0800316a   0x00000002   PAD
    0x0800316c   0x0800316c   0x00000010   Code   RO         1483    i.__mathlib_dbl_underflow  m_ws.l(dunder.o)
    0x0800317c   0x0800317c   0x00000010   Code   RO         1355    i.__mathlib_narrow  m_ws.l(narrow.o)
    0x0800318c   0x0800318c   0x000000bc   Code   RO         1356    i.__mathlib_tofloat  m_ws.l(narrow.o)
    0x08003248   0x08003248   0x00000016   Code   RO         1453    i.__support_ldexp   m_ws.l(ldexp.o)
    0x0800325e   0x0800325e   0x0000000e   Code   RO         1181    i._is_digit         c_w.l(__printf_wp.o)
    0x0800326c   0x0800326c   0x000000ac   Code   RO          715    i.datapros          ds18b20.o
    0x08003318   0x08003318   0x00000058   Code   RO         1434    i.frexp             m_ws.l(frexp.o)
    0x08003370   0x08003370   0x00000074   Code   RO         1454    i.ldexp             m_ws.l(ldexp.o)
    0x080033e4   0x080033e4   0x000000ec   Code   RO         1001    i.main              main.o
    0x080034d0   0x080034d0   0x00000016   Code   RO          822    i.oled_pow          oled.o
    0x080034e6   0x080034e6   0x00000002   PAD
    0x080034e8   0x080034e8   0x000001b0   Code   RO         1002    i.show_main         main.o
    0x08003698   0x08003698   0x00000144   Code   RO         1003    i.show_set          main.o
    0x080037dc   0x080037dc   0x0000002c   Code   RO         1339    locale$$code        c_w.l(lc_numeric_c.o)
    0x08003808   0x08003808   0x0000002c   Code   RO         1444    locale$$code        c_w.l(lc_ctype_c.o)
    0x08003834   0x08003834   0x00000062   Code   RO         1199    x$fpl$d2f           fz_ws.l(d2f.o)
    0x08003896   0x08003896   0x00000002   PAD
    0x08003898   0x08003898   0x00000150   Code   RO         1201    x$fpl$dadd          fz_ws.l(daddsub_clz.o)
    0x080039e8   0x080039e8   0x00000010   Code   RO         1475    x$fpl$dcheck1       fz_ws.l(dcheck1.o)
    0x080039f8   0x080039f8   0x00000018   Code   RO         1265    x$fpl$dcmpinf       fz_ws.l(dcmpi.o)
    0x08003a10   0x08003a10   0x000002b0   Code   RO         1208    x$fpl$ddiv          fz_ws.l(ddiv.o)
    0x08003cc0   0x08003cc0   0x00000078   Code   RO         1429    x$fpl$deqf          fz_ws.l(deqf.o)
    0x08003d38   0x08003d38   0x0000005e   Code   RO         1211    x$fpl$dfix          fz_ws.l(dfix.o)
    0x08003d96   0x08003d96   0x00000002   PAD
    0x08003d98   0x08003d98   0x00000078   Code   RO         1225    x$fpl$dleqf         fz_ws.l(dleqf.o)
    0x08003e10   0x08003e10   0x00000154   Code   RO         1227    x$fpl$dmul          fz_ws.l(dmul.o)
    0x08003f64   0x08003f64   0x0000009c   Code   RO         1267    x$fpl$dnaninf       fz_ws.l(dnaninf.o)
    0x08004000   0x08004000   0x0000000c   Code   RO         1269    x$fpl$dretinf       fz_ws.l(dretinf.o)
    0x0800400c   0x0800400c   0x0000006c   Code   RO         1431    x$fpl$drleqf        fz_ws.l(drleqf.o)
    0x08004078   0x08004078   0x000001d4   Code   RO         1203    x$fpl$dsub          fz_ws.l(daddsub_clz.o)
    0x0800424c   0x0800424c   0x00000056   Code   RO         1229    x$fpl$f2d           fz_ws.l(f2d.o)
    0x080042a2   0x080042a2   0x00000018   Code   RO         1271    x$fpl$fcmpinf       fz_ws.l(fcmpi.o)
    0x080042ba   0x080042ba   0x00000002   PAD
    0x080042bc   0x080042bc   0x00000184   Code   RO         1232    x$fpl$fdiv          fz_ws.l(fdiv.o)
    0x08004440   0x08004440   0x00000030   Code   RO         1236    x$fpl$fflt          fz_ws.l(fflt_clz.o)
    0x08004470   0x08004470   0x00000026   Code   RO         1235    x$fpl$ffltu         fz_ws.l(fflt_clz.o)
    0x08004496   0x08004496   0x00000002   PAD
    0x08004498   0x08004498   0x00000068   Code   RO         1241    x$fpl$fleqf         fz_ws.l(fleqf.o)
    0x08004500   0x08004500   0x00000102   Code   RO         1243    x$fpl$fmul          fz_ws.l(fmul.o)
    0x08004602   0x08004602   0x0000008c   Code   RO         1273    x$fpl$fnaninf       fz_ws.l(fnaninf.o)
    0x0800468e   0x0800468e   0x0000000a   Code   RO         1275    x$fpl$fretinf       fz_ws.l(fretinf.o)
    0x08004698   0x08004698   0x00000062   Code   RO         1245    x$fpl$frleqf        fz_ws.l(frleqf.o)
    0x080046fa   0x080046fa   0x00000006   Code   RO         1345    x$fpl$ieeestatus    fz_ws.l(istatus.o)
    0x08004700   0x08004700   0x00000004   Code   RO         1247    x$fpl$printf1       fz_ws.l(printf1.o)
    0x08004704   0x08004704   0x00000064   Code   RO         1505    x$fpl$retnan        fz_ws.l(retnan.o)
    0x08004768   0x08004768   0x0000005c   Code   RO         1450    x$fpl$scalbn        fz_ws.l(scalbn.o)
    0x080047c4   0x080047c4   0x00000004   Code   RO         1249    x$fpl$scanf1        fz_ws.l(scanf1.o)
    0x080047c8   0x080047c8   0x00000008   Code   RO         1347    x$fpl$scanf2        fz_ws.l(scanf2.o)
    0x080047d0   0x080047d0   0x00000030   Code   RO         1532    x$fpl$trapveneer    fz_ws.l(trapv.o)
    0x08004800   0x08004800   0x00000000   Code   RO         1277    x$fpl$usenofp       fz_ws.l(usenofp.o)
    0x08004800   0x08004800   0x00000818   Data   RO          823    .constdata          oled.o
    0x08005018   0x08005018   0x00000094   Data   RO         1314    .constdata          c_w.l(bigflt0.o)
    0x080050ac   0x080050ac   0x00000020   Data   RO         1558    Region$$Table       anon$$obj.o
    0x080050cc   0x080050cc   0x00000008   Data   RO         1341    c$$dinf             fz_ws.l(fpconst.o)
    0x080050d4   0x080050d4   0x00000008   Data   RO         1344    c$$dmax             fz_ws.l(fpconst.o)
    0x080050dc   0x080050dc   0x0000001c   Data   RO         1338    locale$$data        c_w.l(lc_numeric_c.o)
    0x080050f8   0x080050f8   0x00000110   Data   RO         1443    locale$$data        c_w.l(lc_ctype_c.o)


    Execution Region RW_IRAM1 (Exec base: 0x20000000, Load base: 0x08005208, Size: 0x000006f8, Max: 0x00005000, ABSOLUTE)

    Exec Addr    Load Addr    Size         Type   Attr      Idx    E Section Name        Object

    0x20000000   0x08005208   0x00000014   Data   RW           28    .data               system_stm32f10x.o
    0x20000014   0x0800521c   0x00000002   Data   RW          663    .data               bsp_adc.o
    0x20000016   0x0800521e   0x00000002   PAD
    0x20000018   0x08005220   0x00000004   Data   RW          717    .data               ds18b20.o
    0x2000001c   0x08005224   0x00000028   Data   RW         1005    .data               main.o
    0x20000044   0x0800524c   0x00000004   Data   RW         1135    .data               delay.o
    0x20000048        -       0x0000000f   Zero   RW          716    .bss                ds18b20.o
    0x20000057        -       0x0000003c   Zero   RW         1004    .bss                main.o
    0x20000093   0x08005250   0x00000001   PAD
    0x20000094        -       0x00000060   Zero   RW         1362    .bss                c_w.l(libspace.o)
    0x200000f4   0x08005250   0x00000004   PAD
    0x200000f8        -       0x00000200   Zero   RW           18    HEAP                startup_stm32f10x_md.o
    0x200002f8        -       0x00000400   Zero   RW           17    STACK               startup_stm32f10x_md.o


==============================================================================

Image component sizes


      Code (inc. data)   RO Data    RW Data    ZI Data      Debug   Object Name

       234         10          0          2          0       2749   bsp_adc.o
        52          4          0          0          0        601   buzzer.o
         0          0          0          0          0       4540   core_cm3.o
       220         26          0          4          0       1702   delay.o
       614         46          0          4         15       6076   ds18b20.o
        52          6          0          0          0        582   led.o
      1608        202          0         40         60       5649   main.o
       172         22          0          0          0       2213   misc.o
      1066         36       2072          0          0      10350   oled.o
        64         26        236          0       1536        904   startup_stm32f10x_md.o
       446         10          0          0          0       9558   stm32f10x_adc.o
       448          6          0          0          0       4678   stm32f10x_gpio.o
        74         10          0          0          0       4374   stm32f10x_it.o
        56         12          0          0          0       1140   stm32f10x_rcc.o
       328         28          0         20          0     223293   system_stm32f10x.o

    ----------------------------------------------------------------------
      5456        444       2340         72       1612     278409   Object Totals
         0          0         32          0          0          0   (incl. Generated)
        22          0          0          2          1          0   (incl. Padding)

    ----------------------------------------------------------------------

      Code (inc. data)   RO Data    RW Data    ZI Data      Debug   Library Member Name

        60          8          0          0          0         84   __0sscanf.o
         8          0          0          0          0         68   __main.o
       284          0          0          0          0        156   __printf_wp.o
         0          0          0          0          0          0   __rtentry.o
        12          0          0          0          0          0   __rtentry2.o
         6          0          0          0          0          0   __rtentry4.o
        52          8          0          0          0          0   __scatter.o
        26          0          0          0          0          0   __scatter_copy.o
        28          0          0          0          0          0   __scatter_zi.o
        28          0          0          0          0         68   _chval.o
        48          6          0          0          0         96   _printf_char_common.o
         6          0          0          0          0          0   _printf_f.o
      1054          0          0          0          0        216   _printf_fp_dec.o
       128         16          0          0          0         84   _printf_fp_infnan.o
         0          0          0          0          0          0   _printf_percent.o
         4          0          0          0          0          0   _printf_percent_end.o
        22          0          0          0          0        100   _rserrno.o
       884          6          0          0          0        100   _scanf.o
        64          0          0          0          0         84   _sgetc.o
        10          0          0          0          0         68   _sputc.o
       228          4        148          0          0         96   bigflt0.o
      2152        136          0          0          0        960   btod.o
        18          0          0          0          0         80   exit.o
         6          0          0          0          0        152   heapauxi.o
         0          0          0          0          0          0   indicate_semi.o
        18          0          0          0          0         76   isspace.o
        44         10        272          0          0         76   lc_ctype_c.o
        44         10         28          0          0         76   lc_numeric_c.o
         2          0          0          0          0          0   libinit.o
        30          0          0          0          0          0   libinit2.o
         2          0          0          0          0          0   libshutdown.o
         2          0          0          0          0          0   libshutdown2.o
         8          4          0          0         96         68   libspace.o
        38          0          0          0          0         68   llshl.o
       138          0          0          0          0         80   lludiv10.o
        40          6          0          0          0         84   noretval__2sprintf.o
        16          4          0          0          0         76   rt_ctype_table.o
         8          4          0          0          0         68   rt_errno_addr_intlibspace.o
         8          4          0          0          0         68   rt_locale_intlibspace.o
         2          0          0          0          0          0   rtexit.o
        10          0          0          0          0          0   rtexit2.o
        44          8          0          0          0         84   scanf_char.o
      1272         16          0          0          0        168   scanf_fp.o
       800         14          0          0          0        100   scanf_hexfp.o
       308         16          0          0          0        100   scanf_infnan.o
       128          0          0          0          0         68   strcmpv7m.o
        12          4          0          0          0         68   sys_exit.o
        74          0          0          0          0         80   sys_stackheap_outer.o
         2          0          0          0          0         68   use_no_semi.o
        98          4          0          0          0         92   d2f.o
       804         16          0          0          0        272   daddsub_clz.o
        16          4          0          0          0         68   dcheck1.o
        24          0          0          0          0         68   dcmpi.o
       688        140          0          0          0        208   ddiv.o
       120          4          0          0          0         92   deqf.o
        94          4          0          0          0         92   dfix.o
       120          4          0          0          0         92   dleqf.o
       340         12          0          0          0        104   dmul.o
       156          4          0          0          0         92   dnaninf.o
        12          0          0          0          0         68   dretinf.o
       108          0          0          0          0         80   drleqf.o
        86          4          0          0          0         84   f2d.o
        24          0          0          0          0         68   fcmpi.o
       388         76          0          0          0         96   fdiv.o
        86          0          0          0          0        136   fflt_clz.o
       104          4          0          0          0         84   fleqf.o
       258          4          0          0          0         84   fmul.o
       140          4          0          0          0         84   fnaninf.o
         0          0         16          0          0          0   fpconst.o
        10          0          0          0          0         68   fretinf.o
        98          0          0          0          0         68   frleqf.o
         6          0          0          0          0         68   istatus.o
         4          0          0          0          0         68   printf1.o
       100          0          0          0          0         68   retnan.o
        92          0          0          0          0         68   scalbn.o
         4          0          0          0          0         68   scanf1.o
         8          0          0          0          0         84   scanf2.o
        48          0          0          0          0         68   trapv.o
         0          0          0          0          0          0   usenofp.o
        30          6          0          0          0        136   dunder.o
        40          0          0          0          0         68   fpclassify.o
        88          8          0          0          0         76   frexp.o
       138          0          0          0          0        160   ldexp.o
       204          4          0          0          0        168   narrow.o

    ----------------------------------------------------------------------
     12740        588        464          0        100       7088   Library Totals
        26          2          0          0          4          0   (incl. Padding)

    ----------------------------------------------------------------------

      Code (inc. data)   RO Data    RW Data    ZI Data      Debug   Library Name

      8178        284        448          0         96       3888   c_w.l
      4036        284         16          0          0       2592   fz_ws.l
       500         18          0          0          0        608   m_ws.l

    ----------------------------------------------------------------------
     12740        588        464          0        100       7088   Library Totals

    ----------------------------------------------------------------------

==============================================================================


      Code (inc. data)   RO Data    RW Data    ZI Data      Debug   

     18196       1032       2804         72       1712     277693   Grand Totals
     18196       1032       2804         72       1712     277693   ELF Image Totals
     18196       1032       2804         72          0          0   ROM Totals

==============================================================================

    Total RO  Size (Code + RO Data)                21000 (  20.51kB)
    Total RW  Size (RW Data + ZI Data)              1784 (   1.74kB)
    Total ROM Size (Code + RO Data + RW Data)      21072 (  20.58kB)

==============================================================================

